core_cm3.h:1335:22:void NVIC_DisableIRQ(IRQn_Type)	16	static
iocon_15xx.h:95:20:void Chip_IOCON_PinMuxSet(LPC_IOCON_T*, uint8_t, uint8_t, uint32_t)	24	static
i2c_common_15xx.h:238:20:void Chip_I2C_SetClockDiv(LPC_I2C_T*, uint32_t)	16	static
i2cm_15xx.h:126:20:void Chip_I2CM_Enable(LPC_I2C_T*)	16	static
gthr-default.h:229:1:int __gthread_key_delete(__gthread_key_t)	16	static
exercise6.3.cpp:53:13:void Init_I2C_PinMux()	8	static
exercise6.3.cpp:61:6:void ADC_StartCalibration(LPC_ADC_T*)	24	static
exercise6.3.cpp:75:13:void setupI2CMaster()	8	static
exercise6.3.cpp:91:13:void SetupXferRecAndExecute(uint8_t, uint8_t*, uint16_t, uint8_t*, uint16_t)	24	static
exercise6.3.cpp:113:12:int ReadTC74Status(Sleeper&)	32	static
exercise6.3.cpp:122:15:int8_t ReadTemperatureI2CM()	32	static
exercise6.3.cpp:149:5:int main()	744	static
