gthr-default.h:229:1:int __gthread_key_delete(__gthread_key_t)	16	static
Menu.cpp:12:1:Menu::Menu(LiquidCrystal&, FanControl&, SDP600&, LpcUart&)	24	static
Menu.cpp:33:6:void Menu::setState(Menu::state)	24	static
Menu.cpp:39:6:void Menu::handleEvent(const Event&)	16	static
Menu.cpp:54:6:void Menu::manSel(const Event&)	16	static
Menu.cpp:83:6:void Menu::autSel(const Event&)	16	static
Menu.cpp:112:6:void Menu::autModeRun(const Event&)	24	static
Menu.cpp:152:6:void Menu::manModeRun(const Event&)	24	static
Menu.cpp:192:6:void Menu::autModeAdjust(const Event&)	24	static
Menu.cpp:248:6:void Menu::manModeAdjust(const Event&)	16	static
Menu.cpp:288:6:void Menu::pFailure(const Event&)	24	static
Menu.cpp:316:6:void Menu::setConfigString(uint8_t)	16	static
Menu.cpp:326:6:void Menu::updateMenu()	16	static
Menu.cpp:333:6:void Menu::tickUpdate()	104	static
Menu.cpp:350:6:void Menu::updateStats()	16	static
Menu.cpp:373:6:void Menu::refreshCtrl()	120	static
Menu.cpp:409:6:void Menu::limitValue(uint8_t*, uint8_t, uint8_t)	24	static
Menu.cpp:416:6:void Menu::limitValue(int16_t*, int16_t, int16_t)	24	static
Menu.cpp:423:6:void Menu::setPIDVals()	16	static
Menu.cpp:429:1:Menu::~Menu()	16	static
Menu.cpp:429:1:virtual Menu::~Menu()	16	static
