gthr-default.h:229:1:int __gthread_key_delete(__gthread_key_t)	16	static
Menu.cpp:10:1:Menu::Menu(LiquidCrystal&, FanControl&, SDP600&, LpcUart&)	24	static
Menu.cpp:23:6:void Menu::setState(Menu::state)	24	static
Menu.cpp:29:6:void Menu::handleEvent(const Event&)	16	static
Menu.cpp:45:6:void Menu::manSel(const Event&)	16	static
Menu.cpp:75:6:void Menu::autSel(const Event&)	16	static
Menu.cpp:105:6:void Menu::autModeRun(const Event&)	24	static
Menu.cpp:147:6:void Menu::manModeRun(const Event&)	24	static
Menu.cpp:189:6:void Menu::autModeAdjust(const Event&)	16	static
Menu.cpp:230:6:void Menu::manModeAdjust(const Event&)	16	static
Menu.cpp:271:6:void Menu::pFailure(const Event&)	24	static
Menu.cpp:299:6:void Menu::setConfigString(uint8_t)	16	static
Menu.cpp:309:6:void Menu::updateMenu()	16	static
Menu.cpp:316:6:void Menu::tickUpdate()	16	static
Menu.cpp:323:6:void Menu::updateStats()	16	static
Menu.cpp:349:6:void Menu::refreshCtrl()	112	static
Menu.cpp:392:6:void Menu::limitValue(uint8_t&, uint8_t, uint8_t)	24	static
Menu.cpp:399:6:void Menu::limitValue(int16_t&, int16_t, int16_t)	24	static
Menu.cpp:406:6:void Menu::setPIDVals()	16	static
Menu.cpp:412:1:Menu::~Menu()	16	static
Menu.cpp:412:1:virtual Menu::~Menu()	16	static
