Archive member included to satisfy reference by file (symbol)

C:\Users\Rasmus\Documents\MCUXpressoIDE_11.1.0_3209\FanControlProject\lpc_board_nxp_lpcxpresso_1549\Debug\liblpc_board_nxp_lpcxpresso_1549.a(board.o)
                              ./src/ModbusProject.o (Board_LED_Set)
C:\Users\Rasmus\Documents\MCUXpressoIDE_11.1.0_3209\FanControlProject\lpc_board_nxp_lpcxpresso_1549\Debug\liblpc_board_nxp_lpcxpresso_1549.a(board_sysinit.o)
                              ./src/sysinit.o (Board_SystemInit)
C:\Users\Rasmus\Documents\MCUXpressoIDE_11.1.0_3209\FanControlProject\lpc_chip_15xx\Debug\liblpc_chip_15xx.a(chip_15xx.o)
                              ./src/ModbusProject.o (SystemCoreClock)
C:\Users\Rasmus\Documents\MCUXpressoIDE_11.1.0_3209\FanControlProject\lpc_chip_15xx\Debug\liblpc_chip_15xx.a(clock_15xx.o)
                              ./src/LpcUart.o (Chip_Clock_GetMainClockRate)
C:\Users\Rasmus\Documents\MCUXpressoIDE_11.1.0_3209\FanControlProject\lpc_chip_15xx\Debug\liblpc_chip_15xx.a(gpio_15xx.o)
                              C:\Users\Rasmus\Documents\MCUXpressoIDE_11.1.0_3209\FanControlProject\lpc_board_nxp_lpcxpresso_1549\Debug\liblpc_board_nxp_lpcxpresso_1549.a(board.o) (Chip_GPIO_Init)
C:\Users\Rasmus\Documents\MCUXpressoIDE_11.1.0_3209\FanControlProject\lpc_chip_15xx\Debug\liblpc_chip_15xx.a(i2c_common_15xx.o)
                              ./src/I2C.o (Chip_I2C_Init)
C:\Users\Rasmus\Documents\MCUXpressoIDE_11.1.0_3209\FanControlProject\lpc_chip_15xx\Debug\liblpc_chip_15xx.a(i2cm_15xx.o)
                              ./src/I2C.o (Chip_I2CM_SetBusSpeed)
C:\Users\Rasmus\Documents\MCUXpressoIDE_11.1.0_3209\FanControlProject\lpc_chip_15xx\Debug\liblpc_chip_15xx.a(iocon_15xx.o)
                              C:\Users\Rasmus\Documents\MCUXpressoIDE_11.1.0_3209\FanControlProject\lpc_board_nxp_lpcxpresso_1549\Debug\liblpc_board_nxp_lpcxpresso_1549.a(board_sysinit.o) (Chip_IOCON_SetPinMuxing)
C:\Users\Rasmus\Documents\MCUXpressoIDE_11.1.0_3209\FanControlProject\lpc_chip_15xx\Debug\liblpc_chip_15xx.a(ring_buffer.o)
                              ./src/LpcUart.o (RingBuffer_Init)
C:\Users\Rasmus\Documents\MCUXpressoIDE_11.1.0_3209\FanControlProject\lpc_chip_15xx\Debug\liblpc_chip_15xx.a(swm_15xx.o)
                              ./src/LpcUart.o (Chip_SWM_MovablePinAssign)
C:\Users\Rasmus\Documents\MCUXpressoIDE_11.1.0_3209\FanControlProject\lpc_chip_15xx\Debug\liblpc_chip_15xx.a(sysctl_15xx.o)
                              C:\Users\Rasmus\Documents\MCUXpressoIDE_11.1.0_3209\FanControlProject\lpc_board_nxp_lpcxpresso_1549\Debug\liblpc_board_nxp_lpcxpresso_1549.a(board_sysinit.o) (Chip_SYSCTL_AssertPeriphReset)
C:\Users\Rasmus\Documents\MCUXpressoIDE_11.1.0_3209\FanControlProject\lpc_chip_15xx\Debug\liblpc_chip_15xx.a(sysinit_15xx.o)
                              C:\Users\Rasmus\Documents\MCUXpressoIDE_11.1.0_3209\FanControlProject\lpc_board_nxp_lpcxpresso_1549\Debug\liblpc_board_nxp_lpcxpresso_1549.a(board_sysinit.o) (Chip_SetupXtalClocking)
C:\Users\Rasmus\Documents\MCUXpressoIDE_11.1.0_3209\FanControlProject\lpc_chip_15xx\Debug\liblpc_chip_15xx.a(uart_15xx.o)
                              ./src/LpcUart.o (Chip_UART_Init)
c:/nxp/mcuxpressoide_11.1.0_3209/ide/plugins/com.nxp.mcuxpresso.tools.win32_11.1.0.201909161352/tools/bin/../lib/gcc/arm-none-eabi/8.3.1/thumb/v7-m/nofp\libgcc.a(_arm_addsubsf3.o)
                              ./src/FanControl.o (__aeabi_i2f)
c:/nxp/mcuxpressoide_11.1.0_3209/ide/plugins/com.nxp.mcuxpresso.tools.win32_11.1.0.201909161352/tools/bin/../lib/gcc/arm-none-eabi/8.3.1/thumb/v7-m/nofp\libgcc.a(_arm_muldivsf3.o)
                              ./src/FanControl.o (__aeabi_fmul)
c:/nxp/mcuxpressoide_11.1.0_3209/ide/plugins/com.nxp.mcuxpresso.tools.win32_11.1.0.201909161352/tools/bin/../lib/gcc/arm-none-eabi/8.3.1/thumb/v7-m/nofp\libgcc.a(_arm_fixsfsi.o)
                              ./src/FanControl.o (__aeabi_f2iz)
c:/nxp/mcuxpressoide_11.1.0_3209/ide/plugins/com.nxp.mcuxpresso.tools.win32_11.1.0.201909161352/tools/bin/../lib/gcc/arm-none-eabi/8.3.1/thumb/v7-m/nofp\libgcc.a(_aeabi_uldivmod.o)
                              C:\Users\Rasmus\Documents\MCUXpressoIDE_11.1.0_3209\FanControlProject\lpc_chip_15xx\Debug\liblpc_chip_15xx.a(clock_15xx.o) (__aeabi_uldivmod)
c:/nxp/mcuxpressoide_11.1.0_3209/ide/plugins/com.nxp.mcuxpresso.tools.win32_11.1.0.201909161352/tools/bin/../lib/gcc/arm-none-eabi/8.3.1/thumb/v7-m/nofp\libgcc.a(_udivmoddi4.o)
                              c:/nxp/mcuxpressoide_11.1.0_3209/ide/plugins/com.nxp.mcuxpresso.tools.win32_11.1.0.201909161352/tools/bin/../lib/gcc/arm-none-eabi/8.3.1/thumb/v7-m/nofp\libgcc.a(_aeabi_uldivmod.o) (__udivmoddi4)
c:/nxp/mcuxpressoide_11.1.0_3209/ide/plugins/com.nxp.mcuxpresso.tools.win32_11.1.0.201909161352/tools/bin/../lib/gcc/arm-none-eabi/8.3.1/thumb/v7-m/nofp\libgcc.a(_dvmd_tls.o)
[...]
Memory Configuration

Name             Origin             Length             Attributes
MFlash256        0x00000000         0x00040000         xr
Ram0_16_32       0x02000000         0x00008000         xrw
Ram2_4           0x02008000         0x00001000         xrw
*default*        0x00000000         0xffffffff

Linker script and memory map

LOAD ./src/FanControl.o
LOAD ./src/I2C.o
LOAD ./src/LpcUart.o
LOAD ./src/ModbusMaster.o
LOAD ./src/ModbusProject.o
LOAD ./src/ModbusRegister.o
LOAD ./src/SerialPort.o
LOAD ./src/cr_cpp_config.o
LOAD ./src/cr_startup_lpc15xx.o
LOAD ./src/crp.o
LOAD ./src/retarget_itm.o
LOAD ./src/sysinit.o
LOAD C:\Users\Rasmus\Documents\MCUXpressoIDE_11.1.0_3209\FanControlProject\my_lib\Debug\libmy_lib.a
LOAD C:\Users\Rasmus\Documents\MCUXpressoIDE_11.1.0_3209\FanControlProject\lpc_board_nxp_lpcxpresso_1549\Debug\liblpc_board_nxp_lpcxpresso_1549.a
LOAD C:\Users\Rasmus\Documents\MCUXpressoIDE_11.1.0_3209\FanControlProject\lpc_chip_15xx\Debug\liblpc_chip_15xx.a
START GROUP
LOAD c:/nxp/mcuxpressoide_11.1.0_3209/ide/plugins/com.nxp.mcuxpresso.tools.win32_11.1.0.201909161352/tools/bin/../lib/gcc/arm-none-eabi/8.3.1/thumb/v7-m/nofp\libgcc.a
LOAD c:/nxp/mcuxpressoide_11.1.0_3209/ide/plugins/com.nxp.mcuxpresso.tools.win32_11.1.0.201909161352/tools/bin/../lib/gcc/arm-none-eabi/8.3.1/../../../../arm-none-eabi/lib/thumb/v7-m/nofp\libc.a
LOAD c:/nxp/mcuxpressoide_11.1.0_3209/ide/plugins/com.nxp.mcuxpresso.tools.win32_11.1.0.201909161352/tools/bin/../lib/gcc/arm-none-eabi/8.3.1/../../../../arm-none-eabi/lib/thumb/v7-m/nofp\libstdc++.a
LOAD c:/nxp/mcuxpressoide_11.1.0_3209/ide/plugins/com.nxp.mcuxpresso.tools.win32_11.1.0.201909161352/tools/bin/../lib/gcc/arm-none-eabi/8.3.1/../../../../arm-none-eabi/lib/thumb/v7-m/nofp\libm.a
LOAD c:/nxp/mcuxpressoide_11.1.0_3209/ide/plugins/com.nxp.mcuxpresso.tools.win32_11.1.0.201909161352/tools/bin/../lib/gcc/arm-none-eabi/8.3.1/../../../../arm-none-eabi/lib/thumb/v7-m/nofp\libcr_newlib_nohost.a
LOAD c:/nxp/mcuxpressoide_11.1.0_3209/ide/plugins/com.nxp.mcuxpresso.tools.win32_11.1.0.201909161352/tools/bin/../lib/gcc/arm-none-eabi/8.3.1/thumb/v7-m/nofp\crti.o
LOAD c:/nxp/mcuxpressoide_11.1.0_3209/ide/plugins/com.nxp.mcuxpresso.tools.win32_11.1.0.201909161352/tools/bin/../lib/gcc/arm-none-eabi/8.3.1/thumb/v7-m/nofp\crtn.o
LOAD c:/nxp/mcuxpressoide_11.1.0_3209/ide/plugins/com.nxp.mcuxpresso.tools.win32_11.1.0.201909161352/tools/bin/../lib/gcc/arm-none-eabi/8.3.1/thumb/v7-m/nofp\crtbegin.o
LOAD c:/nxp/mcuxpressoide_11.1.0_3209/ide/plugins/com.nxp.mcuxpresso.tools.win32_11.1.0.201909161352/tools/bin/../lib/gcc/arm-none-eabi/8.3.1/thumb/v7-m/nofp\crtend.o
END GROUP
                0x00000000                __base_MFlash256 = 0x0
                0x00000000                __base_Flash = 0x0
                0x00040000                __top_MFlash256 = 0x40000
                0x00040000                __top_Flash = 0x40000
                0x02000000                __base_Ram0_16_32 = 0x2000000
                0x02000000                __base_RAM = 0x2000000
                0x02008000                __top_Ram0_16_32 = 0x2008000
                0x02008000                __top_RAM = 0x2008000
                0x02008000                __base_Ram2_4 = 0x2008000
                0x02008000                __base_RAM2 = 0x2008000
                0x02009000                __top_Ram2_4 = 0x2009000
                0x02009000                __top_RAM2 = 0x2009000

.text           0x00000000     0x95a4
 FILL mask 0xff
                0x00000000                __vectors_start__ = ABSOLUTE (.)
 *(.isr_vector)
 .isr_vector    0x00000000       0xfc ./src/cr_startup_lpc15xx.o
                0x00000000                g_pfnVectors
                0x000000fc                . = ALIGN (0x4)
                0x000000fc                __section_table_start = .
                0x000000fc                __data_section_table = .
                0x000000fc        0x4 LONG 0x95ac LOADADDR (.data)
                0x00000100        0x4 LONG 0x2000000 ADDR (.data)
                0x00000104        0x4 LONG 0x9ac SIZEOF (.data)
                0x00000108        0x4 LONG 0x95ac LOADADDR (.data_RAM2)
                0x0000010c        0x4 LONG 0x2008000 ADDR (.data_RAM2)
                0x00000110        0x4 LONG 0x0 SIZEOF (.data_RAM2)
                0x00000114                __data_section_table_end = .
                0x00000114                __bss_section_table = .
                0x00000114        0x4 LONG 0x20009ac ADDR (.bss)
                0x00000118        0x4 LONG 0x98 SIZEOF (.bss)
                0x0000011c        0x4 LONG 0x2008000 ADDR (.bss_RAM2)
                0x00000120        0x4 LONG 0x0 SIZEOF (.bss_RAM2)
                0x00000124                __bss_section_table_end = .
                0x00000124                __section_table_end = .
 *(.after_vectors*)
 .after_vectors
                0x00000124      0x140 ./src/cr_startup_lpc15xx.o
                0x00000124                data_init(unsigned int, unsigned int, unsigned int)
                0x00000166                bss_init(unsigned int, unsigned int)
                0x0000019c                ResetISR
                0x00000228                NMI_Handler
                0x0000022e                HardFault_Handler
                0x00000234                MemManage_Handler
                0x0000023a                BusFault_Handler
                0x00000240                UsageFault_Handler
                0x00000246                SVC_Handler
                0x0000024c                DebugMon_Handler
                0x00000252                PendSV_Handler
                0x0000025e                RTC_WAKE_IRQHandler
                0x0000025e                ADC1_THCMP_IRQHandler
                0x0000025e                SPI1_IRQHandler
                0x0000025e                PIN_INT6_IRQHandler
                0x0000025e                IntDefaultHandler
                0x0000025e                PIN_INT4_IRQHandler
                0x0000025e                CAN_IRQHandler
                0x0000025e                RTC_ALARM_IRQHandler
                0x0000025e                ADC1B_IRQHandler
                0x0000025e                ADC1_OVR_IRQHandler
                0x0000025e                USBWakeup_IRQHandler
                0x0000025e                MRT_IRQHandler
                0x0000025e                SCT1_IRQHandler
                0x0000025e                PIN_INT2_IRQHandler
                0x0000025e                USB_FIQHandler
                0x0000025e                ADC0_OVR_IRQHandler
                0x0000025e                PIN_INT7_IRQHandler
                0x0000025e                SCT0_IRQHandler
                0x0000025e                PIN_INT1_IRQHandler
                0x0000025e                USB_IRQHandler
                0x0000025e                BOD_IRQHandler
                0x0000025e                ADC0B_IRQHandler
                0x0000025e                ACMP0_IRQHandler
                0x0000025e                I2C0_IRQHandler
                0x0000025e                RIT_IRQHandler
                0x0000025e                WDT_IRQHandler
                0x0000025e                PIN_INT5_IRQHandler
                0x0000025e                PIN_INT0_IRQHandler
                0x0000025e                QEI_IRQHandler
                0x0000025e                ACMP3_IRQHandler
                0x0000025e                GINT0_IRQHandler
                0x0000025e                DAC_IRQHandler
                0x0000025e                SPI0_IRQHandler
                0x0000025e                EEPROM_IRQHandler
                0x0000025e                ACMP2_IRQHandler
                0x0000025e                SCT2_IRQHandler
                0x0000025e                ADC1A_IRQHandler
                0x0000025e                DMA_IRQHandler
                0x0000025e                PIN_INT3_IRQHandler
                0x0000025e                ACMP1_IRQHandler
                0x0000025e                SCT3_IRQHandler
                0x0000025e                ADC0A_IRQHandler
                0x0000025e                FMC_IRQHandler
                0x0000025e                GINT1_IRQHandler
                0x0000025e                ADC0_THCMP_IRQHandler
                0x000002fc                . = 0x2fc
 *fill*         0x00000264       0x98 ff
                0x000002fc                PROVIDE (__CRP_WORD_START__ = .)
 *(.crp)
 .crp           0x000002fc        0x4 ./src/crp.o
                0x000002fc                CRP_WORD
                0x00000300                PROVIDE (__CRP_WORD_END__ = .)
                0x00000001                ASSERT (! ((__CRP_WORD_START__ == __CRP_WORD_END__)), Linker CRP Enabled, but no CRP_WORD provided within application)
 *(.text*)
 .text._ZN10FanControlC2Ev
                0x00000300      0x178 ./src/FanControl.o
                0x00000300                FanControl::FanControl()
                0x00000300                FanControl::FanControl()
 .text._ZN10FanControl5sleepEi
                0x00000478       0x38 ./src/FanControl.o
                0x00000478                FanControl::sleep(int)
 .text._ZN10FanControl12speedPercentEi
                0x000004b0       0x68 ./src/FanControl.o
                0x000004b0                FanControl::speedPercent(int)
 .text._ZN10FanControl12setFrequencyEt
                0x00000518       0xa8 ./src/FanControl.o
                0x00000518                FanControl::setFrequency(unsigned short)
 .text._ZN10FanControlD2Ev
                0x000005c0       0x58 ./src/FanControl.o
                0x000005c0                FanControl::~FanControl()
                0x000005c0                FanControl::~FanControl()
 .text._ZN10FanControlD0Ev
                0x00000618       0x22 ./src/FanControl.o
                0x00000618                FanControl::~FanControl()
 *fill*         0x0000063a        0x2 ff
 .text.NVIC_EnableIRQ
                0x0000063c       0x34 ./src/LpcUart.o
 .text.NVIC_DisableIRQ
                0x00000670       0x38 ./src/LpcUart.o
 .text.Chip_IOCON_PinMuxSet
                0x000006a8       0x2c ./src/LpcUart.o
 .text.Chip_SWM_MovablePortPinAssign
                0x000006d4       0x30 ./src/LpcUart.o
 .text.RingBuffer_GetCount
                0x00000704       0x20 ./src/LpcUart.o
 .text.Chip_UART_Enable
                0x00000724       0x1e ./src/LpcUart.o
 .text.Chip_UART_TXEnable
                0x00000742       0x1e ./src/LpcUart.o
 .text.Chip_UART_IntEnable
                0x00000760       0x1a ./src/LpcUart.o
 .text.Chip_UART_IntDisable
                0x0000077a       0x1a ./src/LpcUart.o
 .text.Chip_UART_ConfigData
                0x00000794       0x28 ./src/LpcUart.o
 .text.UART0_IRQHandler
                0x000007bc       0x20 ./src/LpcUart.o
                0x000007bc                UART0_IRQHandler
 .text.UART1_IRQHandler
                0x000007dc       0x20 ./src/LpcUart.o
                0x000007dc                UART1_IRQHandler
 .text.UART2_IRQHandler
                0x000007fc       0x20 ./src/LpcUart.o
                0x000007fc                UART2_IRQHandler
 .text._ZN7LpcUart3isrEv
                0x0000081c       0x24 ./src/LpcUart.o
                0x0000081c                LpcUart::isr()
 .text._ZN7LpcUartC2ERK13LpcUartConfig
                0x00000840      0x29c ./src/LpcUart.o
                0x00000840                LpcUart::LpcUart(LpcUartConfig const&)
                0x00000840                LpcUart::LpcUart(LpcUartConfig const&)
 .text._ZN7LpcUartD2Ev
                0x00000adc       0x94 ./src/LpcUart.o
                0x00000adc                LpcUart::~LpcUart()
                0x00000adc                LpcUart::~LpcUart()
 .text._ZN7LpcUartD0Ev
                0x00000b70       0x22 ./src/LpcUart.o
                0x00000b70                LpcUart::~LpcUart()
 .text._ZN7LpcUart4peekEv
                0x00000b92       0x1c ./src/LpcUart.o
                0x00000b92                LpcUart::peek()
 .text._ZN7LpcUart4readERc
                0x00000bae       0x26 ./src/LpcUart.o
                0x00000bae                LpcUart::read(char&)
 .text._ZN7LpcUart5writeEPKci
                0x00000bd4       0x28 ./src/LpcUart.o
                0x00000bd4                LpcUart::write(char const*, int)
 .text._ZN7LpcUart5speedEi
                0x00000bfc       0x20 ./src/LpcUart.o
                0x00000bfc                LpcUart::speed(int)
 .text._ZN7LpcUart7txemptyEv
                0x00000c1c       0x26 ./src/LpcUart.o
                0x00000c1c                LpcUart::txempty()
 .text._ZL4wordhh
                0x00000c42       0x2a ./src/ModbusMaster.o
 .text._ZL8highBytet
                0x00000c6c       0x1c ./src/ModbusMaster.o
 .text._ZL7lowBytet
                0x00000c88       0x1a ./src/ModbusMaster.o
 .text._ZL7bitReadhh
                0x00000ca2       0x2a ./src/ModbusMaster.o
 .text._ZL12crc16_updateth
                0x00000ccc       0x5c ./src/ModbusMaster.o
 .text._ZN12ModbusMasterC2Eh
                0x00000d28       0x2c ./src/ModbusMaster.o
                0x00000d28                ModbusMaster::ModbusMaster(unsigned char)
                0x00000d28                ModbusMaster::ModbusMaster(unsigned char)
 .text._ZN12ModbusMaster5beginEt
                0x00000d54       0x5e ./src/ModbusMaster.o
                0x00000d54                ModbusMaster::begin(unsigned short)
 .text._ZN12ModbusMaster17getResponseBufferEh
                0x00000db2       0x2c ./src/ModbusMaster.o
                0x00000db2                ModbusMaster::getResponseBuffer(unsigned char)
 .text._ZN12ModbusMaster20readHoldingRegistersEtt
                0x00000dde       0x2e ./src/ModbusMaster.o
                0x00000dde                ModbusMaster::readHoldingRegisters(unsigned short, unsigned short)
 .text._ZN12ModbusMaster19writeSingleRegisterEtt
                0x00000e0c       0x3a ./src/ModbusMaster.o
                0x00000e0c                ModbusMaster::writeSingleRegister(unsigned short, unsigned short)
 *fill*         0x00000e46        0x2 ff
 .text._ZN12ModbusMaster23ModbusMasterTransactionEh
                0x00000e48      0xa44 ./src/ModbusMaster.o
                0x00000e48                ModbusMaster::ModbusMasterTransaction(unsigned char)
 .text.NVIC_SetPriority
                0x0000188c       0x5c ./src/ModbusProject.o
 .text.SysTick_Config
                0x000018e8       0x44 ./src/ModbusProject.o
 .text.Chip_SWM_MovablePortPinAssign
                0x0000192c       0x30 ./src/ModbusProject.o
 .text.SysTick_Handler
                0x0000195c       0x3c ./src/ModbusProject.o
                0x0000195c                SysTick_Handler
 .text._Z5sleepi
                0x00001998       0x34 ./src/ModbusProject.o
                0x00001998                sleep(int)
 .text._Z6millisv
                0x000019cc       0x14 ./src/ModbusProject.o
                0x000019cc                millis()
 .text.main     0x000019e0       0xa0 ./src/ModbusProject.o
                0x000019e0                main
 .text._ZN14ModbusRegisterC2EP12ModbusMasteri
                0x00001a80       0x30 ./src/ModbusRegister.o
                0x00001a80                ModbusRegister::ModbusRegister(ModbusMaster*, int)
                0x00001a80                ModbusRegister::ModbusRegister(ModbusMaster*, int)
 .text._ZN14ModbusRegisterD2Ev
                0x00001ab0       0x20 ./src/ModbusRegister.o
                0x00001ab0                ModbusRegister::~ModbusRegister()
                0x00001ab0                ModbusRegister::~ModbusRegister()
 .text._ZN14ModbusRegisterD0Ev
                0x00001ad0       0x20 ./src/ModbusRegister.o
                0x00001ad0                ModbusRegister::~ModbusRegister()
 .text._ZN14ModbusRegistercviEv
                0x00001af0       0x40 ./src/ModbusRegister.o
                0x00001af0                ModbusRegister::operator int()
 .text._ZN14ModbusRegisteraSEi
                0x00001b30       0x28 ./src/ModbusRegister.o
                0x00001b30                ModbusRegister::operator=(int)
 .text._ZN10SerialPortC2Ev
                0x00001b58       0xdc ./src/SerialPort.o
                0x00001b58                SerialPort::SerialPort()
                0x00001b58                SerialPort::SerialPort()
 .text._ZN10SerialPortD2Ev
                0x00001c34       0x38 ./src/SerialPort.o
                0x00001c34                SerialPort::~SerialPort()
                0x00001c34                SerialPort::~SerialPort()
 .text._ZN10SerialPortD0Ev
                0x00001c6c       0x20 ./src/SerialPort.o
                0x00001c6c                SerialPort::~SerialPort()
 .text._ZN10SerialPort9availableEv
                0x00001c8c       0x1c ./src/SerialPort.o
                0x00001c8c                SerialPort::available()
 .text._ZN10SerialPort5beginEi
                0x00001ca8       0x1e ./src/SerialPort.o
                0x00001ca8                SerialPort::begin(int)
 .text._ZN10SerialPort4readEv
                0x00001cc6       0x38 ./src/SerialPort.o
                0x00001cc6                SerialPort::read()
 .text._ZN10SerialPort5writeEPKci
                0x00001cfe       0x24 ./src/SerialPort.o
                0x00001cfe                SerialPort::write(char const*, int)
 .text._ZN10SerialPort5flushEv
                0x00001d22       0x2a ./src/SerialPort.o
                0x00001d22                SerialPort::flush()
 .text._Znwj    0x00001d4c       0x18 ./src/cr_cpp_config.o
                0x00001d4c                operator new(unsigned int)
 .text._ZdlPv   0x00001d64       0x16 ./src/cr_cpp_config.o
                0x00001d64                operator delete(void*)
 *fill*         0x00001d7a        0x2 ff
 .text._write   0x00001d7c       0x7c ./src/retarget_itm.o
                0x00001d7c                _write
 .text._read    0x00001df8       0xb4 ./src/retarget_itm.o
                0x00001df8                _read
 .text.SystemInit
                0x00001eac        0xc ./src/sysinit.o
                0x00001eac                SystemInit
 .text.Chip_IOCON_PinMuxSet
                0x00001eb8       0x2c C:\Users\Rasmus\Documents\MCUXpressoIDE_11.1.0_3209\FanControlProject\lpc_board_nxp_lpcxpresso_1549\Debug\liblpc_board_nxp_lpcxpresso_1549.a(board.o)
 .text.Chip_SWM_MovablePortPinAssign
                0x00001ee4       0x30 C:\Users\Rasmus\Documents\MCUXpressoIDE_11.1.0_3209\FanControlProject\lpc_board_nxp_lpcxpresso_1549\Debug\liblpc_board_nxp_lpcxpresso_1549.a(board.o)
 .text.Chip_GPIO_SetPinState
                0x00001f14       0x36 C:\Users\Rasmus\Documents\MCUXpressoIDE_11.1.0_3209\FanControlProject\lpc_board_nxp_lpcxpresso_1549\Debug\liblpc_board_nxp_lpcxpresso_1549.a(board.o)
 .text.Chip_GPIO_SetPinDIROutput
                0x00001f4a       0x3c C:\Users\Rasmus\Documents\MCUXpressoIDE_11.1.0_3209\FanControlProject\lpc_board_nxp_lpcxpresso_1549\Debug\liblpc_board_nxp_lpcxpresso_1549.a(board.o)
 .text.Chip_UART_Enable
                0x00001f86       0x1e C:\Users\Rasmus\Documents\MCUXpressoIDE_11.1.0_3209\FanControlProject\lpc_board_nxp_lpcxpresso_1549\Debug\liblpc_board_nxp_lpcxpresso_1549.a(board.o)
 .text.Chip_UART_TXEnable
                0x00001fa4       0x1e C:\Users\Rasmus\Documents\MCUXpressoIDE_11.1.0_3209\FanControlProject\lpc_board_nxp_lpcxpresso_1549\Debug\liblpc_board_nxp_lpcxpresso_1549.a(board.o)
 .text.Chip_UART_ConfigData
                0x00001fc2       0x28 C:\Users\Rasmus\Documents\MCUXpressoIDE_11.1.0_3209\FanControlProject\lpc_board_nxp_lpcxpresso_1549\Debug\liblpc_board_nxp_lpcxpresso_1549.a(board.o)
 *fill*         0x00001fea        0x2 ff
 .text.Board_Debug_Init
                0x00001fec       0x70 C:\Users\Rasmus\Documents\MCUXpressoIDE_11.1.0_3209\FanControlProject\lpc_board_nxp_lpcxpresso_1549\Debug\liblpc_board_nxp_lpcxpresso_1549.a(board.o)
                0x00001fec                Board_Debug_Init
 .text.Board_LED_Init
                0x0000205c       0x5c C:\Users\Rasmus\Documents\MCUXpressoIDE_11.1.0_3209\FanControlProject\lpc_board_nxp_lpcxpresso_1549\Debug\liblpc_board_nxp_lpcxpresso_1549.a(board.o)
 .text.Board_LED_Set
                0x000020b8       0x54 C:\Users\Rasmus\Documents\MCUXpressoIDE_11.1.0_3209\FanControlProject\lpc_board_nxp_lpcxpresso_1549\Debug\liblpc_board_nxp_lpcxpresso_1549.a(board.o)
                0x000020b8                Board_LED_Set
 .text.Board_Init
                0x0000210c       0x18 C:\Users\Rasmus\Documents\MCUXpressoIDE_11.1.0_3209\FanControlProject\lpc_board_nxp_lpcxpresso_1549\Debug\liblpc_board_nxp_lpcxpresso_1549.a(board.o)
                0x0000210c                Board_Init
 .text.Chip_SYSCTL_PeriphReset
                0x00002124       0x22 C:\Users\Rasmus\Documents\MCUXpressoIDE_11.1.0_3209\FanControlProject\lpc_board_nxp_lpcxpresso_1549\Debug\liblpc_board_nxp_lpcxpresso_1549.a(board_sysinit.o)
 *fill*         0x00002146        0x2 ff
 .text.Chip_Clock_SetUSBPLLSource
                0x00002148       0x20 C:\Users\Rasmus\Documents\MCUXpressoIDE_11.1.0_3209\FanControlProject\lpc_board_nxp_lpcxpresso_1549\Debug\liblpc_board_nxp_lpcxpresso_1549.a(board_sysinit.o)
 .text.Chip_Clock_SetupUSBPLL
                0x00002168       0x34 C:\Users\Rasmus\Documents\MCUXpressoIDE_11.1.0_3209\FanControlProject\lpc_board_nxp_lpcxpresso_1549\Debug\liblpc_board_nxp_lpcxpresso_1549.a(board_sysinit.o)
 .text.Chip_Clock_IsUSBPLLLocked
                0x0000219c       0x24 C:\Users\Rasmus\Documents\MCUXpressoIDE_11.1.0_3209\FanControlProject\lpc_board_nxp_lpcxpresso_1549\Debug\liblpc_board_nxp_lpcxpresso_1549.a(board_sysinit.o)
 .text.Chip_Clock_SetSysTickClockDiv
                0x000021c0       0x20 C:\Users\Rasmus\Documents\MCUXpressoIDE_11.1.0_3209\FanControlProject\lpc_board_nxp_lpcxpresso_1549\Debug\liblpc_board_nxp_lpcxpresso_1549.a(board_sysinit.o)
 .text.Chip_SWM_MovablePortPinAssign
                0x000021e0       0x30 C:\Users\Rasmus\Documents\MCUXpressoIDE_11.1.0_3209\FanControlProject\lpc_board_nxp_lpcxpresso_1549\Debug\liblpc_board_nxp_lpcxpresso_1549.a(board_sysinit.o)
 .text.Board_SetupMuxing
                0x00002210       0x80 C:\Users\Rasmus\Documents\MCUXpressoIDE_11.1.0_3209\FanControlProject\lpc_board_nxp_lpcxpresso_1549\Debug\liblpc_board_nxp_lpcxpresso_1549.a(board_sysinit.o)
                0x00002210                Board_SetupMuxing
 .text.Board_SetupClocking
                0x00002290       0x3a C:\Users\Rasmus\Documents\MCUXpressoIDE_11.1.0_3209\FanControlProject\lpc_board_nxp_lpcxpresso_1549\Debug\liblpc_board_nxp_lpcxpresso_1549.a(board_sysinit.o)
                0x00002290                Board_SetupClocking
 *fill*         0x000022ca        0x2 ff
 .text.Board_SystemInit
                0x000022cc       0x1c C:\Users\Rasmus\Documents\MCUXpressoIDE_11.1.0_3209\FanControlProject\lpc_board_nxp_lpcxpresso_1549\Debug\liblpc_board_nxp_lpcxpresso_1549.a(board_sysinit.o)
                0x000022cc                Board_SystemInit
 .text.SystemCoreClockUpdate
                0x000022e8       0x18 C:\Users\Rasmus\Documents\MCUXpressoIDE_11.1.0_3209\FanControlProject\lpc_chip_15xx\Debug\liblpc_chip_15xx.a(chip_15xx.o)
                0x000022e8                SystemCoreClockUpdate
 .text.Chip_Clock_SetMain_A_ClockSource
                0x00002300       0x20 C:\Users\Rasmus\Documents\MCUXpressoIDE_11.1.0_3209\FanControlProject\lpc_chip_15xx\Debug\liblpc_chip_15xx.a(clock_15xx.o)
 .text.Chip_Clock_GetMain_A_ClockSource
                0x00002320       0x18 C:\Users\Rasmus\Documents\MCUXpressoIDE_11.1.0_3209\FanControlProject\lpc_chip_15xx\Debug\liblpc_chip_15xx.a(clock_15xx.o)
 .text.Chip_Clock_SetMain_B_ClockSource
                0x00002338       0x20 C:\Users\Rasmus\Documents\MCUXpressoIDE_11.1.0_3209\FanControlProject\lpc_chip_15xx\Debug\liblpc_chip_15xx.a(clock_15xx.o)
 .text.Chip_Clock_GetMain_B_ClockSource
                0x00002358       0x18 C:\Users\Rasmus\Documents\MCUXpressoIDE_11.1.0_3209\FanControlProject\lpc_chip_15xx\Debug\liblpc_chip_15xx.a(clock_15xx.o)
 .text.Chip_Clock_SetUARTFRGDivider
                0x00002370       0x20 C:\Users\Rasmus\Documents\MCUXpressoIDE_11.1.0_3209\FanControlProject\lpc_chip_15xx\Debug\liblpc_chip_15xx.a(clock_15xx.o)
 .text.Chip_Clock_GetUARTFRGDivider
                0x00002390       0x18 C:\Users\Rasmus\Documents\MCUXpressoIDE_11.1.0_3209\FanControlProject\lpc_chip_15xx\Debug\liblpc_chip_15xx.a(clock_15xx.o)
 .text.Chip_Clock_GetMainOscRate
                0x000023a8       0x14 C:\Users\Rasmus\Documents\MCUXpressoIDE_11.1.0_3209\FanControlProject\lpc_chip_15xx\Debug\liblpc_chip_15xx.a(clock_15xx.o)
 .text.Chip_Clock_GetIntOscRate
                0x000023bc       0x14 C:\Users\Rasmus\Documents\MCUXpressoIDE_11.1.0_3209\FanControlProject\lpc_chip_15xx\Debug\liblpc_chip_15xx.a(clock_15xx.o)
 .text.Chip_Clock_GetRTCOscRate
                0x000023d0       0x14 C:\Users\Rasmus\Documents\MCUXpressoIDE_11.1.0_3209\FanControlProject\lpc_chip_15xx\Debug\liblpc_chip_15xx.a(clock_15xx.o)
 .text.Chip_Clock_GetWDTOSCRate
                0x000023e4       0x14 C:\Users\Rasmus\Documents\MCUXpressoIDE_11.1.0_3209\FanControlProject\lpc_chip_15xx\Debug\liblpc_chip_15xx.a(clock_15xx.o)
 .text.Chip_Clock_GetPLLFreq
                0x000023f8       0x26 C:\Users\Rasmus\Documents\MCUXpressoIDE_11.1.0_3209\FanControlProject\lpc_chip_15xx\Debug\liblpc_chip_15xx.a(clock_15xx.o)
 .text.Chip_Clock_GetPLLInClockRate
                0x0000241e       0x38 C:\Users\Rasmus\Documents\MCUXpressoIDE_11.1.0_3209\FanControlProject\lpc_chip_15xx\Debug\liblpc_chip_15xx.a(clock_15xx.o)
 *fill*         0x00002456        0x2 ff
 .text.Chip_Clock_GetSystemPLLInClockRate
                0x00002458       0x1c C:\Users\Rasmus\Documents\MCUXpressoIDE_11.1.0_3209\FanControlProject\lpc_chip_15xx\Debug\liblpc_chip_15xx.a(clock_15xx.o)
                0x00002458                Chip_Clock_GetSystemPLLInClockRate
 .text.Chip_Clock_GetSystemPLLOutClockRate
                0x00002474       0x24 C:\Users\Rasmus\Documents\MCUXpressoIDE_11.1.0_3209\FanControlProject\lpc_chip_15xx\Debug\liblpc_chip_15xx.a(clock_15xx.o)
                0x00002474                Chip_Clock_GetSystemPLLOutClockRate
 .text.Chip_Clock_GetMain_A_ClockRate
                0x00002498       0x44 C:\Users\Rasmus\Documents\MCUXpressoIDE_11.1.0_3209\FanControlProject\lpc_chip_15xx\Debug\liblpc_chip_15xx.a(clock_15xx.o)
                0x00002498                Chip_Clock_GetMain_A_ClockRate
 .text.Chip_Clock_GetMain_B_ClockRate
                0x000024dc       0x58 C:\Users\Rasmus\Documents\MCUXpressoIDE_11.1.0_3209\FanControlProject\lpc_chip_15xx\Debug\liblpc_chip_15xx.a(clock_15xx.o)
                0x000024dc                Chip_Clock_GetMain_B_ClockRate
 .text.Chip_Clock_SetMainClockSource
                0x00002534       0x3c C:\Users\Rasmus\Documents\MCUXpressoIDE_11.1.0_3209\FanControlProject\lpc_chip_15xx\Debug\liblpc_chip_15xx.a(clock_15xx.o)
                0x00002534                Chip_Clock_SetMainClockSource
 .text.Chip_Clock_GetMainClockRate
                0x00002570       0x28 C:\Users\Rasmus\Documents\MCUXpressoIDE_11.1.0_3209\FanControlProject\lpc_chip_15xx\Debug\liblpc_chip_15xx.a(clock_15xx.o)
                0x00002570                Chip_Clock_GetMainClockRate
 .text.Chip_Clock_EnablePeriphClock
                0x00002598       0x58 C:\Users\Rasmus\Documents\MCUXpressoIDE_11.1.0_3209\FanControlProject\lpc_chip_15xx\Debug\liblpc_chip_15xx.a(clock_15xx.o)
                0x00002598                Chip_Clock_EnablePeriphClock
 .text.Chip_Clock_GetUARTBaseClockRate
                0x000025f0       0x8c C:\Users\Rasmus\Documents\MCUXpressoIDE_11.1.0_3209\FanControlProject\lpc_chip_15xx\Debug\liblpc_chip_15xx.a(clock_15xx.o)
                0x000025f0                Chip_Clock_GetUARTBaseClockRate
 .text.Chip_Clock_SetUARTBaseClockRate
                0x0000267c       0xa4 C:\Users\Rasmus\Documents\MCUXpressoIDE_11.1.0_3209\FanControlProject\lpc_chip_15xx\Debug\liblpc_chip_15xx.a(clock_15xx.o)
                0x0000267c                Chip_Clock_SetUARTBaseClockRate
 .text.Chip_Clock_GetSystemClockRate
                0x00002720       0x1c C:\Users\Rasmus\Documents\MCUXpressoIDE_11.1.0_3209\FanControlProject\lpc_chip_15xx\Debug\liblpc_chip_15xx.a(clock_15xx.o)
                0x00002720                Chip_Clock_GetSystemClockRate
 .text.Chip_SYSCTL_PeriphReset
                0x0000273c       0x22 C:\Users\Rasmus\Documents\MCUXpressoIDE_11.1.0_3209\FanControlProject\lpc_chip_15xx\Debug\liblpc_chip_15xx.a(gpio_15xx.o)
 .text.Chip_GPIO_Init
                0x0000275e       0x2e C:\Users\Rasmus\Documents\MCUXpressoIDE_11.1.0_3209\FanControlProject\lpc_chip_15xx\Debug\liblpc_chip_15xx.a(gpio_15xx.o)
                0x0000275e                Chip_GPIO_Init
 .text.Chip_IOCON_PinMuxSet
                0x0000278c       0x2c C:\Users\Rasmus\Documents\MCUXpressoIDE_11.1.0_3209\FanControlProject\lpc_chip_15xx\Debug\liblpc_chip_15xx.a(iocon_15xx.o)
 .text.Chip_IOCON_SetPinMuxing
                0x000027b8       0x4e C:\Users\Rasmus\Documents\MCUXpressoIDE_11.1.0_3209\FanControlProject\lpc_chip_15xx\Debug\liblpc_chip_15xx.a(iocon_15xx.o)
                0x000027b8                Chip_IOCON_SetPinMuxing
 .text.RingBuffer_GetCount
                0x00002806       0x20 C:\Users\Rasmus\Documents\MCUXpressoIDE_11.1.0_3209\FanControlProject\lpc_chip_15xx\Debug\liblpc_chip_15xx.a(ring_buffer.o)
 .text.RingBuffer_GetFree
                0x00002826       0x1e C:\Users\Rasmus\Documents\MCUXpressoIDE_11.1.0_3209\FanControlProject\lpc_chip_15xx\Debug\liblpc_chip_15xx.a(ring_buffer.o)
 .text.RingBuffer_IsFull
                0x00002844       0x26 C:\Users\Rasmus\Documents\MCUXpressoIDE_11.1.0_3209\FanControlProject\lpc_chip_15xx\Debug\liblpc_chip_15xx.a(ring_buffer.o)
 .text.RingBuffer_IsEmpty
                0x0000286a       0x28 C:\Users\Rasmus\Documents\MCUXpressoIDE_11.1.0_3209\FanControlProject\lpc_chip_15xx\Debug\liblpc_chip_15xx.a(ring_buffer.o)
 .text.RingBuffer_Init
                0x00002892       0x3a C:\Users\Rasmus\Documents\MCUXpressoIDE_11.1.0_3209\FanControlProject\lpc_chip_15xx\Debug\liblpc_chip_15xx.a(ring_buffer.o)
                0x00002892                RingBuffer_Init
 .text.RingBuffer_Insert
                0x000028cc       0x5c C:\Users\Rasmus\Documents\MCUXpressoIDE_11.1.0_3209\FanControlProject\lpc_chip_15xx\Debug\liblpc_chip_15xx.a(ring_buffer.o)
                0x000028cc                RingBuffer_Insert
 .text.RingBuffer_InsertMult
                0x00002928      0x122 C:\Users\Rasmus\Documents\MCUXpressoIDE_11.1.0_3209\FanControlProject\lpc_chip_15xx\Debug\liblpc_chip_15xx.a(ring_buffer.o)
                0x00002928                RingBuffer_InsertMult
 .text.RingBuffer_Pop
                0x00002a4a       0x5c C:\Users\Rasmus\Documents\MCUXpressoIDE_11.1.0_3209\FanControlProject\lpc_chip_15xx\Debug\liblpc_chip_15xx.a(ring_buffer.o)
                0x00002a4a                RingBuffer_Pop
 .text.RingBuffer_PopMult
                0x00002aa6      0x122 C:\Users\Rasmus\Documents\MCUXpressoIDE_11.1.0_3209\FanControlProject\lpc_chip_15xx\Debug\liblpc_chip_15xx.a(ring_buffer.o)
                0x00002aa6                RingBuffer_PopMult
 .text.Chip_SWM_MovablePinAssign
                0x00002bc8       0x5c C:\Users\Rasmus\Documents\MCUXpressoIDE_11.1.0_3209\FanControlProject\lpc_chip_15xx\Debug\liblpc_chip_15xx.a(swm_15xx.o)
                0x00002bc8                Chip_SWM_MovablePinAssign
 .text.Chip_SYSCTL_AssertPeriphReset
                0x00002c24       0x4c C:\Users\Rasmus\Documents\MCUXpressoIDE_11.1.0_3209\FanControlProject\lpc_chip_15xx\Debug\liblpc_chip_15xx.a(sysctl_15xx.o)
                0x00002c24                Chip_SYSCTL_AssertPeriphReset
 .text.Chip_SYSCTL_DeassertPeriphReset
                0x00002c70       0x50 C:\Users\Rasmus\Documents\MCUXpressoIDE_11.1.0_3209\FanControlProject\lpc_chip_15xx\Debug\liblpc_chip_15xx.a(sysctl_15xx.o)
                0x00002c70                Chip_SYSCTL_DeassertPeriphReset
 .text.Chip_SYSCTL_PowerDown
                0x00002cc0       0x40 C:\Users\Rasmus\Documents\MCUXpressoIDE_11.1.0_3209\FanControlProject\lpc_chip_15xx\Debug\liblpc_chip_15xx.a(sysctl_15xx.o)
                0x00002cc0                Chip_SYSCTL_PowerDown
 .text.Chip_SYSCTL_PowerUp
                0x00002d00       0x40 C:\Users\Rasmus\Documents\MCUXpressoIDE_11.1.0_3209\FanControlProject\lpc_chip_15xx\Debug\liblpc_chip_15xx.a(sysctl_15xx.o)
                0x00002d00                Chip_SYSCTL_PowerUp
 .text.Chip_FMC_SetFLASHAccess
                0x00002d40       0x38 C:\Users\Rasmus\Documents\MCUXpressoIDE_11.1.0_3209\FanControlProject\lpc_chip_15xx\Debug\liblpc_chip_15xx.a(sysinit_15xx.o)
 .text.Chip_Clock_SetSystemPLLSource
                0x00002d78       0x20 C:\Users\Rasmus\Documents\MCUXpressoIDE_11.1.0_3209\FanControlProject\lpc_chip_15xx\Debug\liblpc_chip_15xx.a(sysinit_15xx.o)
 .text.Chip_Clock_SetupSystemPLL
                0x00002d98       0x34 C:\Users\Rasmus\Documents\MCUXpressoIDE_11.1.0_3209\FanControlProject\lpc_chip_15xx\Debug\liblpc_chip_15xx.a(sysinit_15xx.o)
 .text.Chip_Clock_IsSystemPLLLocked
                0x00002dcc       0x24 C:\Users\Rasmus\Documents\MCUXpressoIDE_11.1.0_3209\FanControlProject\lpc_chip_15xx\Debug\liblpc_chip_15xx.a(sysinit_15xx.o)
 .text.Chip_Clock_SetSysClockDiv
                0x00002df0       0x20 C:\Users\Rasmus\Documents\MCUXpressoIDE_11.1.0_3209\FanControlProject\lpc_chip_15xx\Debug\liblpc_chip_15xx.a(sysinit_15xx.o)
 .text.Chip_SetupXtalClocking
                0x00002e10       0x6c C:\Users\Rasmus\Documents\MCUXpressoIDE_11.1.0_3209\FanControlProject\lpc_chip_15xx\Debug\liblpc_chip_15xx.a(sysinit_15xx.o)
                0x00002e10                Chip_SetupXtalClocking
 .text.Chip_SYSCTL_PeriphReset
                0x00002e7c       0x22 C:\Users\Rasmus\Documents\MCUXpressoIDE_11.1.0_3209\FanControlProject\lpc_chip_15xx\Debug\liblpc_chip_15xx.a(uart_15xx.o)
 .text.RingBuffer_IsEmpty
                0x00002e9e       0x28 C:\Users\Rasmus\Documents\MCUXpressoIDE_11.1.0_3209\FanControlProject\lpc_chip_15xx\Debug\liblpc_chip_15xx.a(uart_15xx.o)
 .text.Chip_UART_SendByte
                0x00002ec6       0x1c C:\Users\Rasmus\Documents\MCUXpressoIDE_11.1.0_3209\FanControlProject\lpc_chip_15xx\Debug\liblpc_chip_15xx.a(uart_15xx.o)
 .text.Chip_UART_ReadByte
                0x00002ee2       0x1a C:\Users\Rasmus\Documents\MCUXpressoIDE_11.1.0_3209\FanControlProject\lpc_chip_15xx\Debug\liblpc_chip_15xx.a(uart_15xx.o)
 .text.Chip_UART_IntEnable
                0x00002efc       0x1a C:\Users\Rasmus\Documents\MCUXpressoIDE_11.1.0_3209\FanControlProject\lpc_chip_15xx\Debug\liblpc_chip_15xx.a(uart_15xx.o)
 .text.Chip_UART_IntDisable
                0x00002f16       0x1a C:\Users\Rasmus\Documents\MCUXpressoIDE_11.1.0_3209\FanControlProject\lpc_chip_15xx\Debug\liblpc_chip_15xx.a(uart_15xx.o)
 .text.Chip_UART_GetStatus
                0x00002f30       0x16 C:\Users\Rasmus\Documents\MCUXpressoIDE_11.1.0_3209\FanControlProject\lpc_chip_15xx\Debug\liblpc_chip_15xx.a(uart_15xx.o)
 *fill*         0x00002f46        0x2 ff
 .text.getUARTClockID
                0x00002f48       0x34 C:\Users\Rasmus\Documents\MCUXpressoIDE_11.1.0_3209\FanControlProject\lpc_chip_15xx\Debug\liblpc_chip_15xx.a(uart_15xx.o)
 .text.Chip_UART_Init
                0x00002f7c       0x4c C:\Users\Rasmus\Documents\MCUXpressoIDE_11.1.0_3209\FanControlProject\lpc_chip_15xx\Debug\liblpc_chip_15xx.a(uart_15xx.o)
                0x00002f7c                Chip_UART_Init
 .text.Chip_UART_SetBaud
                0x00002fc8       0x2a C:\Users\Rasmus\Documents\MCUXpressoIDE_11.1.0_3209\FanControlProject\lpc_chip_15xx\Debug\liblpc_chip_15xx.a(uart_15xx.o)
                0x00002fc8                Chip_UART_SetBaud
 .text.Chip_UART_RXIntHandlerRB
                0x00002ff2       0x3c C:\Users\Rasmus\Documents\MCUXpressoIDE_11.1.0_3209\FanControlProject\lpc_chip_15xx\Debug\liblpc_chip_15xx.a(uart_15xx.o)
                0x00002ff2                Chip_UART_RXIntHandlerRB
 .text.Chip_UART_TXIntHandlerRB
                0x0000302e       0x40 C:\Users\Rasmus\Documents\MCUXpressoIDE_11.1.0_3209\FanControlProject\lpc_chip_15xx\Debug\liblpc_chip_15xx.a(uart_15xx.o)
                0x0000302e                Chip_UART_TXIntHandlerRB
 .text.Chip_UART_SendRB
                0x0000306e       0x60 C:\Users\Rasmus\Documents\MCUXpressoIDE_11.1.0_3209\FanControlProject\lpc_chip_15xx\Debug\liblpc_chip_15xx.a(uart_15xx.o)
                0x0000306e                Chip_UART_SendRB
 .text.Chip_UART_ReadRB
                0x000030ce       0x22 C:\Users\Rasmus\Documents\MCUXpressoIDE_11.1.0_3209\FanControlProject\lpc_chip_15xx\Debug\liblpc_chip_15xx.a(uart_15xx.o)
                0x000030ce                Chip_UART_ReadRB
 .text.Chip_UART_IRQRBHandler
                0x000030f0       0x48 C:\Users\Rasmus\Documents\MCUXpressoIDE_11.1.0_3209\FanControlProject\lpc_chip_15xx\Debug\liblpc_chip_15xx.a(uart_15xx.o)
                0x000030f0                Chip_UART_IRQRBHandler
 .text          0x00003138      0x21c c:/nxp/mcuxpressoide_11.1.0_3209/ide/plugins/com.nxp.mcuxpresso.tools.win32_11.1.0.201909161352/tools/bin/../lib/gcc/arm-none-eabi/8.3.1/thumb/v7-m/nofp\libgcc.a(_arm_addsubsf3.o)
                0x00003138                __aeabi_frsub
                0x00003140                __subsf3
                0x00003140                __aeabi_fsub
                0x00003144                __aeabi_fadd
                0x00003144                __addsf3
                0x000032a4                __aeabi_ui2f
                0x000032a4                __floatunsisf
                0x000032ac                __aeabi_i2f
                0x000032ac                __floatsisf
                0x000032c8                __aeabi_ul2f
                0x000032c8                __floatundisf
                0x000032d8                __aeabi_l2f
                0x000032d8                __floatdisf
 .text          0x00003354      0x2a0 c:/nxp/mcuxpressoide_11.1.0_3209/ide/plugins/com.nxp.mcuxpresso.tools.win32_11.1.0.201909161352/tools/bin/../lib/gcc/arm-none-eabi/8.3.1/thumb/v7-m/nofp\libgcc.a(_arm_muldivsf3.o)
                0x00003354                __mulsf3
                0x00003354                __aeabi_fmul
                0x000034bc                __aeabi_fdiv
                0x000034bc                __divsf3
 .text          0x000035f4       0x4c c:/nxp/mcuxpressoide_11.1.0_3209/ide/plugins/com.nxp.mcuxpresso.tools.win32_11.1.0.201909161352/tools/bin/../lib/gcc/arm-none-eabi/8.3.1/thumb/v7-m/nofp\libgcc.a(_arm_fixsfsi.o)
                0x000035f4                __aeabi_f2iz
                0x000035f4                __fixsfsi
 .text          0x00003640       0x30 c:/nxp/mcuxpressoide_11.1.0_3209/ide/plugins/com.nxp.mcuxpresso.tools.win32_11.1.0.201909161352/tools/bin/../lib/gcc/arm-none-eabi/8.3.1/thumb/v7-m/nofp\libgcc.a(_aeabi_uldivmod.o)
                0x00003640                __aeabi_uldivmod
 .text          0x00003670      0x2d0 c:/nxp/mcuxpressoide_11.1.0_3209/ide/plugins/com.nxp.mcuxpresso.tools.win32_11.1.0.201909161352/tools/bin/../lib/gcc/arm-none-eabi/8.3.1/thumb/v7-m/nofp\libgcc.a(_udivmoddi4.o)
                0x00003670                __udivmoddi4
 .text          0x00003940        0x4 c:/nxp/mcuxpressoide_11.1.0_3209/ide/plugins/com.nxp.mcuxpresso.tools.win32_11.1.0.201909161352/tools/bin/../lib/gcc/arm-none-eabi/8.3.1/thumb/v7-m/nofp\libgcc.a(_dvmd_tls.o)
                0x00003940                __aeabi_idiv0
                0x00003940                __aeabi_ldiv0
 .text.__libc_init_array
                0x00003944       0x48 c:/nxp/mcuxpressoide_11.1.0_3209/ide/plugins/com.nxp.mcuxpresso.tools.win32_11.1.0.201909161352/tools/bin/../lib/gcc/arm-none-eabi/8.3.1/../../../../arm-none-eabi/lib/thumb/v7-m/nofp\libc.a(lib_a-init.o)
                0x00003944                __libc_init_array
 .text.malloc   0x0000398c       0x10 c:/nxp/mcuxpressoide_11.1.0_3209/ide/plugins/com.nxp.mcuxpresso.tools.win32_11.1.0.201909161352/tools/bin/../lib/gcc/arm-none-eabi/8.3.1/../../../../arm-none-eabi/lib/thumb/v7-m/nofp\libc.a(lib_a-malloc.o)
                0x0000398c                malloc
 .text.free     0x0000399c       0x10 c:/nxp/mcuxpressoide_11.1.0_3209/ide/plugins/com.nxp.mcuxpresso.tools.win32_11.1.0.201909161352/tools/bin/../lib/gcc/arm-none-eabi/8.3.1/../../../../arm-none-eabi/lib/thumb/v7-m/nofp\libc.a(lib_a-malloc.o)
                0x0000399c                free
 .text._malloc_r
                0x000039ac      0x558 c:/nxp/mcuxpressoide_11.1.0_3209/ide/plugins/com.nxp.mcuxpresso.tools.win32_11.1.0.201909161352/tools/bin/../lib/gcc/arm-none-eabi/8.3.1/../../../../arm-none-eabi/lib/thumb/v7-m/nofp\libc.a(lib_a-mallocr.o)
                0x000039ac                _malloc_r
 .text          0x00003f04       0xec c:/nxp/mcuxpressoide_11.1.0_3209/ide/plugins/com.nxp.mcuxpresso.tools.win32_11.1.0.201909161352/tools/bin/../lib/gcc/arm-none-eabi/8.3.1/../../../../arm-none-eabi/lib/thumb/v7-m/nofp\libc.a(lib_a-memcpy.o)
                0x00003f04                memcpy
 .text.memset   0x00003ff0       0xa0 c:/nxp/mcuxpressoide_11.1.0_3209/ide/plugins/com.nxp.mcuxpresso.tools.win32_11.1.0.201909161352/tools/bin/../lib/gcc/arm-none-eabi/8.3.1/../../../../arm-none-eabi/lib/thumb/v7-m/nofp\libc.a(lib_a-memset.o)
                0x00003ff0                memset
 .text.__malloc_lock
                0x00004090        0xc c:/nxp/mcuxpressoide_11.1.0_3209/ide/plugins/com.nxp.mcuxpresso.tools.win32_11.1.0.201909161352/tools/bin/../lib/gcc/arm-none-eabi/8.3.1/../../../../arm-none-eabi/lib/thumb/v7-m/nofp\libc.a(lib_a-mlock.o)
                0x00004090                __malloc_lock
 .text.__malloc_unlock
                0x0000409c        0xc c:/nxp/mcuxpressoide_11.1.0_3209/ide/plugins/com.nxp.mcuxpresso.tools.win32_11.1.0.201909161352/tools/bin/../lib/gcc/arm-none-eabi/8.3.1/../../../../arm-none-eabi/lib/thumb/v7-m/nofp\libc.a(lib_a-mlock.o)
                0x0000409c                __malloc_unlock
 .text.printf   0x000040a8       0x28 c:/nxp/mcuxpressoide_11.1.0_3209/ide/plugins/com.nxp.mcuxpresso.tools.win32_11.1.0.201909161352/tools/bin/../lib/gcc/arm-none-eabi/8.3.1/../../../../arm-none-eabi/lib/thumb/v7-m/nofp\libc.a(lib_a-printf.o)
                0x000040a8                printf
 .text._sbrk_r  0x000040d0       0x24 c:/nxp/mcuxpressoide_11.1.0_3209/ide/plugins/com.nxp.mcuxpresso.tools.win32_11.1.0.201909161352/tools/bin/../lib/gcc/arm-none-eabi/8.3.1/../../../../arm-none-eabi/lib/thumb/v7-m/nofp\libc.a(lib_a-sbrkr.o)
                0x000040d0                _sbrk_r
 .text.strlen   0x000040f4       0x5c c:/nxp/mcuxpressoide_11.1.0_3209/ide/plugins/com.nxp.mcuxpresso.tools.win32_11.1.0.201909161352/tools/bin/../lib/gcc/arm-none-eabi/8.3.1/../../../../arm-none-eabi/lib/thumb/v7-m/nofp\libc.a(lib_a-strlen-stub.o)
                0x000040f4                strlen
 .text._vfprintf_r
                0x00004150     0x1b04 c:/nxp/mcuxpressoide_11.1.0_3209/ide/plugins/com.nxp.mcuxpresso.tools.win32_11.1.0.201909161352/tools/bin/../lib/gcc/arm-none-eabi/8.3.1/../../../../arm-none-eabi/lib/thumb/v7-m/nofp\libc.a(lib_a-vfprintf.o)
                0x00004150                _vfprintf_r
 .text.__sbprintf
                0x00005c54       0x88 c:/nxp/mcuxpressoide_11.1.0_3209/ide/plugins/com.nxp.mcuxpresso.tools.win32_11.1.0.201909161352/tools/bin/../lib/gcc/arm-none-eabi/8.3.1/../../../../arm-none-eabi/lib/thumb/v7-m/nofp\libc.a(lib_a-vfprintf.o)
 .text.__swsetup_r
                0x00005cdc       0xcc c:/nxp/mcuxpressoide_11.1.0_3209/ide/plugins/com.nxp.mcuxpresso.tools.win32_11.1.0.201909161352/tools/bin/../lib/gcc/arm-none-eabi/8.3.1/../../../../arm-none-eabi/lib/thumb/v7-m/nofp\libc.a(lib_a-wsetup.o)
                0x00005cdc                __swsetup_r
 .text.quorem   0x00005da8      0x12c c:/nxp/mcuxpressoide_11.1.0_3209/ide/plugins/com.nxp.mcuxpresso.tools.win32_11.1.0.201909161352/tools/bin/../lib/gcc/arm-none-eabi/8.3.1/../../../../arm-none-eabi/lib/thumb/v7-m/nofp\libc.a(lib_a-dtoa.o)
 *fill*         0x00005ed4        0x4 ff
 .text._dtoa_r  0x00005ed8      0xe6c c:/nxp/mcuxpressoide_11.1.0_3209/ide/plugins/com.nxp.mcuxpresso.tools.win32_11.1.0.201909161352/tools/bin/../lib/gcc/arm-none-eabi/8.3.1/../../../../arm-none-eabi/lib/thumb/v7-m/nofp\libc.a(lib_a-dtoa.o)
                0x00005ed8                _dtoa_r
 .text.__sflush_r
                0x00006d44      0x144 c:/nxp/mcuxpressoide_11.1.0_3209/ide/plugins/com.nxp.mcuxpresso.tools.win32_11.1.0.201909161352/tools/bin/../lib/gcc/arm-none-eabi/8.3.1/../../../../arm-none-eabi/lib/thumb/v7-m/nofp\libc.a(lib_a-fflush.o)
                0x00006d44                __sflush_r
 .text._fflush_r
                0x00006e88       0x5c c:/nxp/mcuxpressoide_11.1.0_3209/ide/plugins/com.nxp.mcuxpresso.tools.win32_11.1.0.201909161352/tools/bin/../lib/gcc/arm-none-eabi/8.3.1/../../../../arm-none-eabi/lib/thumb/v7-m/nofp\libc.a(lib_a-fflush.o)
                0x00006e88                _fflush_r
 .text.std      0x00006ee4       0x50 c:/nxp/mcuxpressoide_11.1.0_3209/ide/plugins/com.nxp.mcuxpresso.tools.win32_11.1.0.201909161352/tools/bin/../lib/gcc/arm-none-eabi/8.3.1/../../../../arm-none-eabi/lib/thumb/v7-m/nofp\libc.a(lib_a-findfp.o)
 .text._cleanup_r
                0x00006f34        0xc c:/nxp/mcuxpressoide_11.1.0_3209/ide/plugins/com.nxp.mcuxpresso.tools.win32_11.1.0.201909161352/tools/bin/../lib/gcc/arm-none-eabi/8.3.1/../../../../arm-none-eabi/lib/thumb/v7-m/nofp\libc.a(lib_a-findfp.o)
                0x00006f34                _cleanup_r
 .text.__sinit  0x00006f40       0x5c c:/nxp/mcuxpressoide_11.1.0_3209/ide/plugins/com.nxp.mcuxpresso.tools.win32_11.1.0.201909161352/tools/bin/../lib/gcc/arm-none-eabi/8.3.1/../../../../arm-none-eabi/lib/thumb/v7-m/nofp\libc.a(lib_a-findfp.o)
                0x00006f40                __sinit
 .text.__sfp_lock_acquire
                0x00006f9c        0xc c:/nxp/mcuxpressoide_11.1.0_3209/ide/plugins/com.nxp.mcuxpresso.tools.win32_11.1.0.201909161352/tools/bin/../lib/gcc/arm-none-eabi/8.3.1/../../../../arm-none-eabi/lib/thumb/v7-m/nofp\libc.a(lib_a-findfp.o)
                0x00006f9c                __sfp_lock_acquire
 .text.__sfp_lock_release
                0x00006fa8        0xc c:/nxp/mcuxpressoide_11.1.0_3209/ide/plugins/com.nxp.mcuxpresso.tools.win32_11.1.0.201909161352/tools/bin/../lib/gcc/arm-none-eabi/8.3.1/../../../../arm-none-eabi/lib/thumb/v7-m/nofp\libc.a(lib_a-findfp.o)
                0x00006fa8                __sfp_lock_release
 .text._malloc_trim_r
                0x00006fb4       0xa0 c:/nxp/mcuxpressoide_11.1.0_3209/ide/plugins/com.nxp.mcuxpresso.tools.win32_11.1.0.201909161352/tools/bin/../lib/gcc/arm-none-eabi/8.3.1/../../../../arm-none-eabi/lib/thumb/v7-m/nofp\libc.a(lib_a-freer.o)
                0x00006fb4                _malloc_trim_r
 .text._free_r  0x00007054      0x1f4 c:/nxp/mcuxpressoide_11.1.0_3209/ide/plugins/com.nxp.mcuxpresso.tools.win32_11.1.0.201909161352/tools/bin/../lib/gcc/arm-none-eabi/8.3.1/../../../../arm-none-eabi/lib/thumb/v7-m/nofp\libc.a(lib_a-freer.o)
                0x00007054                _free_r
 .text._fwalk_reent
                0x00007248       0x50 c:/nxp/mcuxpressoide_11.1.0_3209/ide/plugins/com.nxp.mcuxpresso.tools.win32_11.1.0.201909161352/tools/bin/../lib/gcc/arm-none-eabi/8.3.1/../../../../arm-none-eabi/lib/thumb/v7-m/nofp\libc.a(lib_a-fwalk.o)
                0x00007248                _fwalk_reent
 .text._localeconv_r
                0x00007298        0x8 c:/nxp/mcuxpressoide_11.1.0_3209/ide/plugins/com.nxp.mcuxpresso.tools.win32_11.1.0.201909161352/tools/bin/../lib/gcc/arm-none-eabi/8.3.1/../../../../arm-none-eabi/lib/thumb/v7-m/nofp\libc.a(lib_a-localeconv.o)
                0x00007298                _localeconv_r
 .text.__retarget_lock_init_recursive
                0x000072a0        0x4 c:/nxp/mcuxpressoide_11.1.0_3209/ide/plugins/com.nxp.mcuxpresso.tools.win32_11.1.0.201909161352/tools/bin/../lib/gcc/arm-none-eabi/8.3.1/../../../../arm-none-eabi/lib/thumb/v7-m/nofp\libc.a(lib_a-lock.o)
                0x000072a0                __retarget_lock_init_recursive
 .text.__retarget_lock_close_recursive
                0x000072a4        0x4 c:/nxp/mcuxpressoide_11.1.0_3209/ide/plugins/com.nxp.mcuxpresso.tools.win32_11.1.0.201909161352/tools/bin/../lib/gcc/arm-none-eabi/8.3.1/../../../../arm-none-eabi/lib/thumb/v7-m/nofp\libc.a(lib_a-lock.o)
                0x000072a4                __retarget_lock_close_recursive
 .text.__retarget_lock_acquire_recursive
                0x000072a8        0x4 c:/nxp/mcuxpressoide_11.1.0_3209/ide/plugins/com.nxp.mcuxpresso.tools.win32_11.1.0.201909161352/tools/bin/../lib/gcc/arm-none-eabi/8.3.1/../../../../arm-none-eabi/lib/thumb/v7-m/nofp\libc.a(lib_a-lock.o)
                0x000072a8                __retarget_lock_acquire_recursive
 .text.__retarget_lock_release_recursive
                0x000072ac        0x4 c:/nxp/mcuxpressoide_11.1.0_3209/ide/plugins/com.nxp.mcuxpresso.tools.win32_11.1.0.201909161352/tools/bin/../lib/gcc/arm-none-eabi/8.3.1/../../../../arm-none-eabi/lib/thumb/v7-m/nofp\libc.a(lib_a-lock.o)
                0x000072ac                __retarget_lock_release_recursive
 .text.__swhatbuf_r
                0x000072b0       0x5c c:/nxp/mcuxpressoide_11.1.0_3209/ide/plugins/com.nxp.mcuxpresso.tools.win32_11.1.0.201909161352/tools/bin/../lib/gcc/arm-none-eabi/8.3.1/../../../../arm-none-eabi/lib/thumb/v7-m/nofp\libc.a(lib_a-makebuf.o)
                0x000072b0                __swhatbuf_r
 .text.__smakebuf_r
                0x0000730c       0x94 c:/nxp/mcuxpressoide_11.1.0_3209/ide/plugins/com.nxp.mcuxpresso.tools.win32_11.1.0.201909161352/tools/bin/../lib/gcc/arm-none-eabi/8.3.1/../../../../arm-none-eabi/lib/thumb/v7-m/nofp\libc.a(lib_a-makebuf.o)
                0x0000730c                __smakebuf_r
 .text.memchr   0x000073a0       0x8c c:/nxp/mcuxpressoide_11.1.0_3209/ide/plugins/com.nxp.mcuxpresso.tools.win32_11.1.0.201909161352/tools/bin/../lib/gcc/arm-none-eabi/8.3.1/../../../../arm-none-eabi/lib/thumb/v7-m/nofp\libc.a(lib_a-memchr-stub.o)
                0x000073a0                memchr
 .text._Balloc  0x0000742c       0x4c c:/nxp/mcuxpressoide_11.1.0_3209/ide/plugins/com.nxp.mcuxpresso.tools.win32_11.1.0.201909161352/tools/bin/../lib/gcc/arm-none-eabi/8.3.1/../../../../arm-none-eabi/lib/thumb/v7-m/nofp\libc.a(lib_a-mprec.o)
                0x0000742c                _Balloc
 .text._Bfree   0x00007478       0x14 c:/nxp/mcuxpressoide_11.1.0_3209/ide/plugins/com.nxp.mcuxpresso.tools.win32_11.1.0.201909161352/tools/bin/../lib/gcc/arm-none-eabi/8.3.1/../../../../arm-none-eabi/lib/thumb/v7-m/nofp\libc.a(lib_a-mprec.o)
                0x00007478                _Bfree
 .text.__multadd
                0x0000748c       0x8c c:/nxp/mcuxpressoide_11.1.0_3209/ide/plugins/com.nxp.mcuxpresso.tools.win32_11.1.0.201909161352/tools/bin/../lib/gcc/arm-none-eabi/8.3.1/../../../../arm-none-eabi/lib/thumb/v7-m/nofp\libc.a(lib_a-mprec.o)
                0x0000748c                __multadd
 .text.__hi0bits
                0x00007518       0x40 c:/nxp/mcuxpressoide_11.1.0_3209/ide/plugins/com.nxp.mcuxpresso.tools.win32_11.1.0.201909161352/tools/bin/../lib/gcc/arm-none-eabi/8.3.1/../../../../arm-none-eabi/lib/thumb/v7-m/nofp\libc.a(lib_a-mprec.o)
                0x00007518                __hi0bits
 .text.__lo0bits
                0x00007558       0x60 c:/nxp/mcuxpressoide_11.1.0_3209/ide/plugins/com.nxp.mcuxpresso.tools.win32_11.1.0.201909161352/tools/bin/../lib/gcc/arm-none-eabi/8.3.1/../../../../arm-none-eabi/lib/thumb/v7-m/nofp\libc.a(lib_a-mprec.o)
                0x00007558                __lo0bits
 .text.__i2b    0x000075b8       0x14 c:/nxp/mcuxpressoide_11.1.0_3209/ide/plugins/com.nxp.mcuxpresso.tools.win32_11.1.0.201909161352/tools/bin/../lib/gcc/arm-none-eabi/8.3.1/../../../../arm-none-eabi/lib/thumb/v7-m/nofp\libc.a(lib_a-mprec.o)
                0x000075b8                __i2b
 .text.__multiply
                0x000075cc      0x130 c:/nxp/mcuxpressoide_11.1.0_3209/ide/plugins/com.nxp.mcuxpresso.tools.win32_11.1.0.201909161352/tools/bin/../lib/gcc/arm-none-eabi/8.3.1/../../../../arm-none-eabi/lib/thumb/v7-m/nofp\libc.a(lib_a-mprec.o)
                0x000075cc                __multiply
 .text.__pow5mult
                0x000076fc       0xa0 c:/nxp/mcuxpressoide_11.1.0_3209/ide/plugins/com.nxp.mcuxpresso.tools.win32_11.1.0.201909161352/tools/bin/../lib/gcc/arm-none-eabi/8.3.1/../../../../arm-none-eabi/lib/thumb/v7-m/nofp\libc.a(lib_a-mprec.o)
                0x000076fc                __pow5mult
 .text.__lshift
                0x0000779c       0xb4 c:/nxp/mcuxpressoide_11.1.0_3209/ide/plugins/com.nxp.mcuxpresso.tools.win32_11.1.0.201909161352/tools/bin/../lib/gcc/arm-none-eabi/8.3.1/../../../../arm-none-eabi/lib/thumb/v7-m/nofp\libc.a(lib_a-mprec.o)
                0x0000779c                __lshift
 .text.__mcmp   0x00007850       0x38 c:/nxp/mcuxpressoide_11.1.0_3209/ide/plugins/com.nxp.mcuxpresso.tools.win32_11.1.0.201909161352/tools/bin/../lib/gcc/arm-none-eabi/8.3.1/../../../../arm-none-eabi/lib/thumb/v7-m/nofp\libc.a(lib_a-mprec.o)
                0x00007850                __mcmp
 .text.__mdiff  0x00007888      0x100 c:/nxp/mcuxpressoide_11.1.0_3209/ide/plugins/com.nxp.mcuxpresso.tools.win32_11.1.0.201909161352/tools/bin/../lib/gcc/arm-none-eabi/8.3.1/../../../../arm-none-eabi/lib/thumb/v7-m/nofp\libc.a(lib_a-mprec.o)
                0x00007888                __mdiff
 .text.__d2b    0x00007988       0xac c:/nxp/mcuxpressoide_11.1.0_3209/ide/plugins/com.nxp.mcuxpresso.tools.win32_11.1.0.201909161352/tools/bin/../lib/gcc/arm-none-eabi/8.3.1/../../../../arm-none-eabi/lib/thumb/v7-m/nofp\libc.a(lib_a-mprec.o)
                0x00007988                __d2b
 .text.frexp    0x00007a34       0x70 c:/nxp/mcuxpressoide_11.1.0_3209/ide/plugins/com.nxp.mcuxpresso.tools.win32_11.1.0.201909161352/tools/bin/../lib/gcc/arm-none-eabi/8.3.1/../../../../arm-none-eabi/lib/thumb/v7-m/nofp\libc.a(lib_a-s_frexp.o)
                0x00007a34                frexp
 .text.__sread  0x00007aa4       0x24 c:/nxp/mcuxpressoide_11.1.0_3209/ide/plugins/com.nxp.mcuxpresso.tools.win32_11.1.0.201909161352/tools/bin/../lib/gcc/arm-none-eabi/8.3.1/../../../../arm-none-eabi/lib/thumb/v7-m/nofp\libc.a(lib_a-stdio.o)
                0x00007aa4                __sread
 .text.__swrite
                0x00007ac8       0x40 c:/nxp/mcuxpressoide_11.1.0_3209/ide/plugins/com.nxp.mcuxpresso.tools.win32_11.1.0.201909161352/tools/bin/../lib/gcc/arm-none-eabi/8.3.1/../../../../arm-none-eabi/lib/thumb/v7-m/nofp\libc.a(lib_a-stdio.o)
                0x00007ac8                __swrite
 .text.__sseek  0x00007b08       0x20 c:/nxp/mcuxpressoide_11.1.0_3209/ide/plugins/com.nxp.mcuxpresso.tools.win32_11.1.0.201909161352/tools/bin/../lib/gcc/arm-none-eabi/8.3.1/../../../../arm-none-eabi/lib/thumb/v7-m/nofp\libc.a(lib_a-stdio.o)
                0x00007b08                __sseek
 .text.__sclose
                0x00007b28        0x8 c:/nxp/mcuxpressoide_11.1.0_3209/ide/plugins/com.nxp.mcuxpresso.tools.win32_11.1.0.201909161352/tools/bin/../lib/gcc/arm-none-eabi/8.3.1/../../../../arm-none-eabi/lib/thumb/v7-m/nofp\libc.a(lib_a-stdio.o)
                0x00007b28                __sclose
 .text.strncpy  0x00007b30       0x74 c:/nxp/mcuxpressoide_11.1.0_3209/ide/plugins/com.nxp.mcuxpresso.tools.win32_11.1.0.201909161352/tools/bin/../lib/gcc/arm-none-eabi/8.3.1/../../../../arm-none-eabi/lib/thumb/v7-m/nofp\libc.a(lib_a-strncpy.o)
                0x00007b30                strncpy
 .text.__sprint_r.part.0
                0x00007ba4       0x78 c:/nxp/mcuxpressoide_11.1.0_3209/ide/plugins/com.nxp.mcuxpresso.tools.win32_11.1.0.201909161352/tools/bin/../lib/gcc/arm-none-eabi/8.3.1/../../../../arm-none-eabi/lib/thumb/v7-m/nofp\libc.a(lib_a-vfiprintf.o)
 .text.__sprint_r
                0x00007c1c       0x14 c:/nxp/mcuxpressoide_11.1.0_3209/ide/plugins/com.nxp.mcuxpresso.tools.win32_11.1.0.201909161352/tools/bin/../lib/gcc/arm-none-eabi/8.3.1/../../../../arm-none-eabi/lib/thumb/v7-m/nofp\libc.a(lib_a-vfiprintf.o)
                0x00007c1c                __sprint_r
 .text._write_r
                0x00007c30       0x2c c:/nxp/mcuxpressoide_11.1.0_3209/ide/plugins/com.nxp.mcuxpresso.tools.win32_11.1.0.201909161352/tools/bin/../lib/gcc/arm-none-eabi/8.3.1/../../../../arm-none-eabi/lib/thumb/v7-m/nofp\libc.a(lib_a-writer.o)
                0x00007c30                _write_r
 .text._calloc_r
                0x00007c5c       0x60 c:/nxp/mcuxpressoide_11.1.0_3209/ide/plugins/com.nxp.mcuxpresso.tools.win32_11.1.0.201909161352/tools/bin/../lib/gcc/arm-none-eabi/8.3.1/../../../../arm-none-eabi/lib/thumb/v7-m/nofp\libc.a(lib_a-callocr.o)
                0x00007c5c                _calloc_r
 .text._close_r
                0x00007cbc       0x24 c:/nxp/mcuxpressoide_11.1.0_3209/ide/plugins/com.nxp.mcuxpresso.tools.win32_11.1.0.201909161352/tools/bin/../lib/gcc/arm-none-eabi/8.3.1/../../../../arm-none-eabi/lib/thumb/v7-m/nofp\libc.a(lib_a-closer.o)
                0x00007cbc                _close_r
 .text._fclose_r
                0x00007ce0       0xd0 c:/nxp/mcuxpressoide_11.1.0_3209/ide/plugins/com.nxp.mcuxpresso.tools.win32_11.1.0.201909161352/tools/bin/../lib/gcc/arm-none-eabi/8.3.1/../../../../arm-none-eabi/lib/thumb/v7-m/nofp\libc.a(lib_a-fclose.o)
                0x00007ce0                _fclose_r
 .text.__fputwc
                0x00007db0       0xa0 c:/nxp/mcuxpressoide_11.1.0_3209/ide/plugins/com.nxp.mcuxpresso.tools.win32_11.1.0.201909161352/tools/bin/../lib/gcc/arm-none-eabi/8.3.1/../../../../arm-none-eabi/lib/thumb/v7-m/nofp\libc.a(lib_a-fputwc.o)
                0x00007db0                __fputwc
 .text._fputwc_r
                0x00007e50       0x64 c:/nxp/mcuxpressoide_11.1.0_3209/ide/plugins/com.nxp.mcuxpresso.tools.win32_11.1.0.201909161352/tools/bin/../lib/gcc/arm-none-eabi/8.3.1/../../../../arm-none-eabi/lib/thumb/v7-m/nofp\libc.a(lib_a-fputwc.o)
                0x00007e50                _fputwc_r
 .text._fstat_r
                0x00007eb4       0x28 c:/nxp/mcuxpressoide_11.1.0_3209/ide/plugins/com.nxp.mcuxpresso.tools.win32_11.1.0.201909161352/tools/bin/../lib/gcc/arm-none-eabi/8.3.1/../../../../arm-none-eabi/lib/thumb/v7-m/nofp\libc.a(lib_a-fstatr.o)
                0x00007eb4                _fstat_r
 .text.__sfvwrite_r
                0x00007edc      0x300 c:/nxp/mcuxpressoide_11.1.0_3209/ide/plugins/com.nxp.mcuxpresso.tools.win32_11.1.0.201909161352/tools/bin/../lib/gcc/arm-none-eabi/8.3.1/../../../../arm-none-eabi/lib/thumb/v7-m/nofp\libc.a(lib_a-fvwrite.o)
                0x00007edc                __sfvwrite_r
 .text._isatty_r
                0x000081dc       0x24 c:/nxp/mcuxpressoide_11.1.0_3209/ide/plugins/com.nxp.mcuxpresso.tools.win32_11.1.0.201909161352/tools/bin/../lib/gcc/arm-none-eabi/8.3.1/../../../../arm-none-eabi/lib/thumb/v7-m/nofp\libc.a(lib_a-isattyr.o)
                0x000081dc                _isatty_r
 .text.__locale_mb_cur_max
                0x00008200        0xc c:/nxp/mcuxpressoide_11.1.0_3209/ide/plugins/com.nxp.mcuxpresso.tools.win32_11.1.0.201909161352/tools/bin/../lib/gcc/arm-none-eabi/8.3.1/../../../../arm-none-eabi/lib/thumb/v7-m/nofp\libc.a(lib_a-locale.o)
                0x00008200                __locale_mb_cur_max
 .text._lseek_r
                0x0000820c       0x2c c:/nxp/mcuxpressoide_11.1.0_3209/ide/plugins/com.nxp.mcuxpresso.tools.win32_11.1.0.201909161352/tools/bin/../lib/gcc/arm-none-eabi/8.3.1/../../../../arm-none-eabi/lib/thumb/v7-m/nofp\libc.a(lib_a-lseekr.o)
                0x0000820c                _lseek_r
 .text.__ascii_mbtowc
                0x00008238       0x2c c:/nxp/mcuxpressoide_11.1.0_3209/ide/plugins/com.nxp.mcuxpresso.tools.win32_11.1.0.201909161352/tools/bin/../lib/gcc/arm-none-eabi/8.3.1/../../../../arm-none-eabi/lib/thumb/v7-m/nofp\libc.a(lib_a-mbtowc_r.o)
                0x00008238                __ascii_mbtowc
 .text.memmove  0x00008264       0xcc c:/nxp/mcuxpressoide_11.1.0_3209/ide/plugins/com.nxp.mcuxpresso.tools.win32_11.1.0.201909161352/tools/bin/../lib/gcc/arm-none-eabi/8.3.1/../../../../arm-none-eabi/lib/thumb/v7-m/nofp\libc.a(lib_a-memmove.o)
                0x00008264                memmove
 .text._read_r  0x00008330       0x2c c:/nxp/mcuxpressoide_11.1.0_3209/ide/plugins/com.nxp.mcuxpresso.tools.win32_11.1.0.201909161352/tools/bin/../lib/gcc/arm-none-eabi/8.3.1/../../../../arm-none-eabi/lib/thumb/v7-m/nofp\libc.a(lib_a-readr.o)
                0x00008330                _read_r
 .text._realloc_r
                0x0000835c      0x37c c:/nxp/mcuxpressoide_11.1.0_3209/ide/plugins/com.nxp.mcuxpresso.tools.win32_11.1.0.201909161352/tools/bin/../lib/gcc/arm-none-eabi/8.3.1/../../../../arm-none-eabi/lib/thumb/v7-m/nofp\libc.a(lib_a-reallocr.o)
                0x0000835c                _realloc_r
 .text.__swbuf_r
                0x000086d8       0xb0 c:/nxp/mcuxpressoide_11.1.0_3209/ide/plugins/com.nxp.mcuxpresso.tools.win32_11.1.0.201909161352/tools/bin/../lib/gcc/arm-none-eabi/8.3.1/../../../../arm-none-eabi/lib/thumb/v7-m/nofp\libc.a(lib_a-wbuf.o)
                0x000086d8                __swbuf_r
 .text._wcrtomb_r
                0x00008788       0x34 c:/nxp/mcuxpressoide_11.1.0_3209/ide/plugins/com.nxp.mcuxpresso.tools.win32_11.1.0.201909161352/tools/bin/../lib/gcc/arm-none-eabi/8.3.1/../../../../arm-none-eabi/lib/thumb/v7-m/nofp\libc.a(lib_a-wcrtomb.o)
                0x00008788                _wcrtomb_r
 .text.__ascii_wctomb
                0x000087bc       0x1c c:/nxp/mcuxpressoide_11.1.0_3209/ide/plugins/com.nxp.mcuxpresso.tools.win32_11.1.0.201909161352/tools/bin/../lib/gcc/arm-none-eabi/8.3.1/../../../../arm-none-eabi/lib/thumb/v7-m/nofp\libc.a(lib_a-wctomb_r.o)
                0x000087bc                __ascii_wctomb
 .text._ZdlPvj  0x000087d8        0x4 c:/nxp/mcuxpressoide_11.1.0_3209/ide/plugins/com.nxp.mcuxpresso.tools.win32_11.1.0.201909161352/tools/bin/../lib/gcc/arm-none-eabi/8.3.1/../../../../arm-none-eabi/lib/thumb/v7-m/nofp\libstdc++.a(del_ops.o)
                0x000087d8                operator delete(void*, unsigned int)
 .text._sbrk    0x000087dc       0x3c c:/nxp/mcuxpressoide_11.1.0_3209/ide/plugins/com.nxp.mcuxpresso.tools.win32_11.1.0.201909161352/tools/bin/../lib/gcc/arm-none-eabi/8.3.1/../../../../arm-none-eabi/lib/thumb/v7-m/nofp\libcr_newlib_nohost.a(_cr_sbrk.o)
                0x000087dc                _sbrk
 .text._close   0x00008818       0x10 c:/nxp/mcuxpressoide_11.1.0_3209/ide/plugins/com.nxp.mcuxpresso.tools.win32_11.1.0.201909161352/tools/bin/../lib/gcc/arm-none-eabi/8.3.1/../../../../arm-none-eabi/lib/thumb/v7-m/nofp\libcr_newlib_nohost.a(close.o)
                0x00008818                _close
 .text._fstat   0x00008828       0x10 c:/nxp/mcuxpressoide_11.1.0_3209/ide/plugins/com.nxp.mcuxpresso.tools.win32_11.1.0.201909161352/tools/bin/../lib/gcc/arm-none-eabi/8.3.1/../../../../arm-none-eabi/lib/thumb/v7-m/nofp\libcr_newlib_nohost.a(fstat.o)
                0x00008828                _fstat
 .text._isatty  0x00008838       0x10 c:/nxp/mcuxpressoide_11.1.0_3209/ide/plugins/com.nxp.mcuxpresso.tools.win32_11.1.0.201909161352/tools/bin/../lib/gcc/arm-none-eabi/8.3.1/../../../../arm-none-eabi/lib/thumb/v7-m/nofp\libcr_newlib_nohost.a(isatty.o)
                0x00008838                _isatty
 .text._lseek   0x00008848       0x10 c:/nxp/mcuxpressoide_11.1.0_3209/ide/plugins/com.nxp.mcuxpresso.tools.win32_11.1.0.201909161352/tools/bin/../lib/gcc/arm-none-eabi/8.3.1/../../../../arm-none-eabi/lib/thumb/v7-m/nofp\libcr_newlib_nohost.a(lseek.o)
                0x00008848                _lseek
 .text.__check_heap_overflow
                0x00008858       0x18 c:/nxp/mcuxpressoide_11.1.0_3209/ide/plugins/com.nxp.mcuxpresso.tools.win32_11.1.0.201909161352/tools/bin/../lib/gcc/arm-none-eabi/8.3.1/../../../../arm-none-eabi/lib/thumb/v7-m/nofp\libcr_newlib_nohost.a(_cr_check_heap.o)
                0x00008858                __check_heap_overflow
 .text          0x00008870       0x40 c:/nxp/mcuxpressoide_11.1.0_3209/ide/plugins/com.nxp.mcuxpresso.tools.win32_11.1.0.201909161352/tools/bin/../lib/gcc/arm-none-eabi/8.3.1/thumb/v7-m/nofp\crtbegin.o
 .text          0x000088b0      0x378 c:/nxp/mcuxpressoide_11.1.0_3209/ide/plugins/com.nxp.mcuxpresso.tools.win32_11.1.0.201909161352/tools/bin/../lib/gcc/arm-none-eabi/8.3.1/thumb/v7-m/nofp\libgcc.a(_arm_addsubdf3.o)
                0x000088b0                __aeabi_drsub
                0x000088b8                __aeabi_dsub
                0x000088b8                __subdf3
                0x000088bc                __aeabi_dadd
                0x000088bc                __adddf3
                0x00008b34                __floatunsidf
                0x00008b34                __aeabi_ui2d
                0x00008b54                __floatsidf
                0x00008b54                __aeabi_i2d
                0x00008b78                __aeabi_f2d
                0x00008b78                __extendsfdf2
                0x00008bbc                __floatundidf
                0x00008bbc                __aeabi_ul2d
                0x00008bcc                __floatdidf
                0x00008bcc                __aeabi_l2d
 .text          0x00008c28      0x424 c:/nxp/mcuxpressoide_11.1.0_3209/ide/plugins/com.nxp.mcuxpresso.tools.win32_11.1.0.201909161352/tools/bin/../lib/gcc/arm-none-eabi/8.3.1/thumb/v7-m/nofp\libgcc.a(_arm_muldivdf3.o)
                0x00008c28                __aeabi_dmul
                0x00008c28                __muldf3
                0x00008e7c                __divdf3
                0x00008e7c                __aeabi_ddiv
 .text          0x0000904c      0x110 c:/nxp/mcuxpressoide_11.1.0_3209/ide/plugins/com.nxp.mcuxpresso.tools.win32_11.1.0.201909161352/tools/bin/../lib/gcc/arm-none-eabi/8.3.1/thumb/v7-m/nofp\libgcc.a(_arm_cmpdf2.o)
                0x0000904c                __gtdf2
                0x0000904c                __gedf2
                0x00009054                __ltdf2
                0x00009054                __ledf2
                0x0000905c                __nedf2
                0x0000905c                __eqdf2
                0x0000905c                __cmpdf2
                0x000090d8                __aeabi_cdrcmple
                0x000090e8                __aeabi_cdcmpeq
                0x000090e8                __aeabi_cdcmple
                0x000090f8                __aeabi_dcmpeq
                0x0000910c                __aeabi_dcmplt
                0x00009120                __aeabi_dcmple
                0x00009134                __aeabi_dcmpge
                0x00009148                __aeabi_dcmpgt
 .text          0x0000915c       0x2c c:/nxp/mcuxpressoide_11.1.0_3209/ide/plugins/com.nxp.mcuxpresso.tools.win32_11.1.0.201909161352/tools/bin/../lib/gcc/arm-none-eabi/8.3.1/thumb/v7-m/nofp\libgcc.a(_arm_unorddf2.o)
                0x0000915c                __unorddf2
                0x0000915c                __aeabi_dcmpun
 .text          0x00009188       0x50 c:/nxp/mcuxpressoide_11.1.0_3209/ide/plugins/com.nxp.mcuxpresso.tools.win32_11.1.0.201909161352/tools/bin/../lib/gcc/arm-none-eabi/8.3.1/thumb/v7-m/nofp\libgcc.a(_arm_fixdfsi.o)
                0x00009188                __aeabi_d2iz
                0x00009188                __fixdfsi
 .text.__errno  0x000091d8        0xc c:/nxp/mcuxpressoide_11.1.0_3209/ide/plugins/com.nxp.mcuxpresso.tools.win32_11.1.0.201909161352/tools/bin/../lib/gcc/arm-none-eabi/8.3.1/../../../../arm-none-eabi/lib/thumb/v7-m/nofp\libc.a(lib_a-errno.o)
                0x000091d8                __errno
 *(.rodata .rodata.* .constdata .constdata.*)
 .rodata._ZN10FanControlC2Ev.str1.4
                0x000091e4        0xd ./src/FanControl.o
 *fill*         0x000091f1        0x3 ff
 .rodata._ZN10FanControl12setFrequencyEt.str1.4
                0x000091f4       0x1d ./src/FanControl.o
 *fill*         0x00009211        0x3 ff
 .rodata._ZTV10FanControl
                0x00009214       0x10 ./src/FanControl.o
                0x00009214                vtable for FanControl
 .rodata._ZTV7LpcUart
                0x00009224       0x10 ./src/LpcUart.o
                0x00009224                vtable for LpcUart
 .rodata.main.str1.4
                0x00009234        0x9 ./src/ModbusProject.o
 *fill*         0x0000923d        0x3 ff
 .rodata._ZTV14ModbusRegister
                0x00009240       0x10 ./src/ModbusRegister.o
                0x00009240                vtable for ModbusRegister
 .rodata        0x00009250       0x18 ./src/SerialPort.o
 .rodata._ZTV10SerialPort
                0x00009268       0x10 ./src/SerialPort.o
                0x00009268                vtable for SerialPort
 .rodata.OscRateIn
                0x00009278        0x4 C:\Users\Rasmus\Documents\MCUXpressoIDE_11.1.0_3209\FanControlProject\lpc_board_nxp_lpcxpresso_1549\Debug\liblpc_board_nxp_lpcxpresso_1549.a(board.o)
                0x00009278                OscRateIn
 .rodata.RTCOscRateIn
                0x0000927c        0x4 C:\Users\Rasmus\Documents\MCUXpressoIDE_11.1.0_3209\FanControlProject\lpc_board_nxp_lpcxpresso_1549\Debug\liblpc_board_nxp_lpcxpresso_1549.a(board.o)
                0x0000927c                RTCOscRateIn
 .rodata.ledpins
                0x00009280        0x3 C:\Users\Rasmus\Documents\MCUXpressoIDE_11.1.0_3209\FanControlProject\lpc_board_nxp_lpcxpresso_1549\Debug\liblpc_board_nxp_lpcxpresso_1549.a(board.o)
 *fill*         0x00009283        0x1 ff
 .rodata.ledports
                0x00009284        0x3 C:\Users\Rasmus\Documents\MCUXpressoIDE_11.1.0_3209\FanControlProject\lpc_board_nxp_lpcxpresso_1549\Debug\liblpc_board_nxp_lpcxpresso_1549.a(board.o)
 *fill*         0x00009287        0x1 ff
 .rodata.ioconSetup
                0x00009288       0x74 C:\Users\Rasmus\Documents\MCUXpressoIDE_11.1.0_3209\FanControlProject\lpc_board_nxp_lpcxpresso_1549\Debug\liblpc_board_nxp_lpcxpresso_1549.a(board_sysinit.o)
 .rodata.swmSetup
                0x000092fc        0x6 C:\Users\Rasmus\Documents\MCUXpressoIDE_11.1.0_3209\FanControlProject\lpc_board_nxp_lpcxpresso_1549\Debug\liblpc_board_nxp_lpcxpresso_1549.a(board_sysinit.o)
 *fill*         0x00009302        0x2 ff
 .rodata._vfprintf_r.str1.4
                0x00009304       0x42 c:/nxp/mcuxpressoide_11.1.0_3209/ide/plugins/com.nxp.mcuxpresso.tools.win32_11.1.0.201909161352/tools/bin/../lib/gcc/arm-none-eabi/8.3.1/../../../../arm-none-eabi/lib/thumb/v7-m/nofp\libc.a(lib_a-vfprintf.o)
 *fill*         0x00009346        0x2 ff
 .rodata.blanks.7370
                0x00009348       0x10 c:/nxp/mcuxpressoide_11.1.0_3209/ide/plugins/com.nxp.mcuxpresso.tools.win32_11.1.0.201909161352/tools/bin/../lib/gcc/arm-none-eabi/8.3.1/../../../../arm-none-eabi/lib/thumb/v7-m/nofp\libc.a(lib_a-vfprintf.o)
 .rodata.zeroes.7371
                0x00009358       0x10 c:/nxp/mcuxpressoide_11.1.0_3209/ide/plugins/com.nxp.mcuxpresso.tools.win32_11.1.0.201909161352/tools/bin/../lib/gcc/arm-none-eabi/8.3.1/../../../../arm-none-eabi/lib/thumb/v7-m/nofp\libc.a(lib_a-vfprintf.o)
 .rodata._dtoa_r.str1.4
                0x00009368        0xd c:/nxp/mcuxpressoide_11.1.0_3209/ide/plugins/com.nxp.mcuxpresso.tools.win32_11.1.0.201909161352/tools/bin/../lib/gcc/arm-none-eabi/8.3.1/../../../../arm-none-eabi/lib/thumb/v7-m/nofp\libc.a(lib_a-dtoa.o)
                                 0x12 (size before relaxing)
 *fill*         0x00009375        0x3 ff
 .rodata.__mprec_bigtens
                0x00009378       0x28 c:/nxp/mcuxpressoide_11.1.0_3209/ide/plugins/com.nxp.mcuxpresso.tools.win32_11.1.0.201909161352/tools/bin/../lib/gcc/arm-none-eabi/8.3.1/../../../../arm-none-eabi/lib/thumb/v7-m/nofp\libc.a(lib_a-mprec.o)
                0x00009378                __mprec_bigtens
 .rodata.__mprec_tens
                0x000093a0       0xc8 c:/nxp/mcuxpressoide_11.1.0_3209/ide/plugins/com.nxp.mcuxpresso.tools.win32_11.1.0.201909161352/tools/bin/../lib/gcc/arm-none-eabi/8.3.1/../../../../arm-none-eabi/lib/thumb/v7-m/nofp\libc.a(lib_a-mprec.o)
                0x000093a0                __mprec_tens
 .rodata.p05.6125
                0x00009468        0xc c:/nxp/mcuxpressoide_11.1.0_3209/ide/plugins/com.nxp.mcuxpresso.tools.win32_11.1.0.201909161352/tools/bin/../lib/gcc/arm-none-eabi/8.3.1/../../../../arm-none-eabi/lib/thumb/v7-m/nofp\libc.a(lib_a-mprec.o)
 .rodata._setlocale_r.str1.4
                0x00009474        0xa c:/nxp/mcuxpressoide_11.1.0_3209/ide/plugins/com.nxp.mcuxpresso.tools.win32_11.1.0.201909161352/tools/bin/../lib/gcc/arm-none-eabi/8.3.1/../../../../arm-none-eabi/lib/thumb/v7-m/nofp\libc.a(lib_a-locale.o)
                                  0xd (size before relaxing)
 *fill*         0x0000947e        0x2 ff
 .rodata.str1.4
                0x00009480        0x4 c:/nxp/mcuxpressoide_11.1.0_3209/ide/plugins/com.nxp.mcuxpresso.tools.win32_11.1.0.201909161352/tools/bin/../lib/gcc/arm-none-eabi/8.3.1/../../../../arm-none-eabi/lib/thumb/v7-m/nofp\libc.a(lib_a-locale.o)
                                  0x2 (size before relaxing)
 .rodata._ctype_
                0x00009484      0x101 c:/nxp/mcuxpressoide_11.1.0_3209/ide/plugins/com.nxp.mcuxpresso.tools.win32_11.1.0.201909161352/tools/bin/../lib/gcc/arm-none-eabi/8.3.1/../../../../arm-none-eabi/lib/thumb/v7-m/nofp\libc.a(lib_a-ctype_.o)
                0x00009484                _ctype_
                0x00009588                . = ALIGN (0x4)
 *fill*         0x00009585        0x3 ff
                0x00009588                . = ALIGN (0x4)
 *(.init)
 .init          0x00009588        0x4 c:/nxp/mcuxpressoide_11.1.0_3209/ide/plugins/com.nxp.mcuxpresso.tools.win32_11.1.0.201909161352/tools/bin/../lib/gcc/arm-none-eabi/8.3.1/thumb/v7-m/nofp\crti.o
                0x00009588                _init
 .init          0x0000958c        0x8 c:/nxp/mcuxpressoide_11.1.0_3209/ide/plugins/com.nxp.mcuxpresso.tools.win32_11.1.0.201909161352/tools/bin/../lib/gcc/arm-none-eabi/8.3.1/thumb/v7-m/nofp\crtn.o
                0x00009594                . = ALIGN (0x4)
                0x00009594                __preinit_array_start = .
 *(.preinit_array)
                0x00009594                __preinit_array_end = .
                0x00009594                . = ALIGN (0x4)
                0x00009594                __init_array_start = .
 *(SORT_BY_NAME(.init_array.*))
 *(.init_array)
 .init_array    0x00009594        0x4 c:/nxp/mcuxpressoide_11.1.0_3209/ide/plugins/com.nxp.mcuxpresso.tools.win32_11.1.0.201909161352/tools/bin/../lib/gcc/arm-none-eabi/8.3.1/thumb/v7-m/nofp\crtbegin.o
                0x00009598                __init_array_end = .
 *(.fini)
 .fini          0x00009598        0x4 c:/nxp/mcuxpressoide_11.1.0_3209/ide/plugins/com.nxp.mcuxpresso.tools.win32_11.1.0.201909161352/tools/bin/../lib/gcc/arm-none-eabi/8.3.1/thumb/v7-m/nofp\crti.o
                0x00009598                _fini
 .fini          0x0000959c        0x8 c:/nxp/mcuxpressoide_11.1.0_3209/ide/plugins/com.nxp.mcuxpresso.tools.win32_11.1.0.201909161352/tools/bin/../lib/gcc/arm-none-eabi/8.3.1/thumb/v7-m/nofp\crtn.o
                0x000095a4                . = ALIGN (0x4)
 *crtbegin.o(.ctors)
 *(EXCLUDE_FILE(*crtend.o) .ctors)
 *(SORT_BY_NAME(.ctors.*))
 *crtend.o(.ctors)
                0x000095a4                . = ALIGN (0x4)
 *crtbegin.o(.dtors)
 *(EXCLUDE_FILE(*crtend.o) .dtors)
 *(SORT_BY_NAME(.dtors.*))
 *crtend.o(.dtors)
                0x000095a4                . = ALIGN (0x4)

.glue_7         0x000095a4        0x0
 .glue_7        0x000095a4        0x0 linker stubs

.glue_7t        0x000095a4        0x0
 .glue_7t       0x000095a4        0x0 linker stubs

.vfp11_veneer   0x000095a4        0x0
 .vfp11_veneer  0x000095a4        0x0 linker stubs

.v4_bx          0x000095a4        0x0
 .v4_bx         0x000095a4        0x0 linker stubs

.iplt           0x000095a4        0x0
 .iplt          0x000095a4        0x0 ./src/FanControl.o

.ARM.extab
 *(.ARM.extab* .gnu.linkonce.armextab.*)
                0x000095a4                __exidx_start = .

.ARM.exidx      0x000095a4        0x8
 *(.ARM.exidx* .gnu.linkonce.armexidx.*)
 .ARM.exidx     0x000095a4        0x8 c:/nxp/mcuxpressoide_11.1.0_3209/ide/plugins/com.nxp.mcuxpresso.tools.win32_11.1.0.201909161352/tools/bin/../lib/gcc/arm-none-eabi/8.3.1/thumb/v7-m/nofp\libgcc.a(_udivmoddi4.o)
 .ARM.exidx.text._ZdlPvj
                0x000095ac        0x0 c:/nxp/mcuxpressoide_11.1.0_3209/ide/plugins/com.nxp.mcuxpresso.tools.win32_11.1.0.201909161352/tools/bin/../lib/gcc/arm-none-eabi/8.3.1/../../../../arm-none-eabi/lib/thumb/v7-m/nofp\libstdc++.a(del_ops.o)
                                  0x8 (size before relaxing)
                0x000095ac                __exidx_end = .
                0x000095ac                _etext = .

.rel.dyn        0x000095ac        0x0
 .rel.iplt      0x000095ac        0x0 ./src/FanControl.o

.eh_frame       0x000095ac        0x0
 .eh_frame      0x000095ac        0x0 c:/nxp/mcuxpressoide_11.1.0_3209/ide/plugins/com.nxp.mcuxpresso.tools.win32_11.1.0.201909161352/tools/bin/../lib/gcc/arm-none-eabi/8.3.1/thumb/v7-m/nofp\crtbegin.o

.data_RAM2      0x02008000        0x0 load address 0x000095ac
 FILL mask 0xff
                [!provide]                PROVIDE (__start_data_RAM2 = .)
                [!provide]                PROVIDE (__start_data_Ram2_4 = .)
 *(.ramfunc.$RAM2)
 *(.ramfunc.$Ram2_4)
 *(.data.$RAM2)
 *(.data.$Ram2_4)
 *(.data.$RAM2.*)
 *(.data.$Ram2_4.*)
                0x02008000                . = ALIGN (0x4)
                [!provide]                PROVIDE (__end_data_RAM2 = .)
                [!provide]                PROVIDE (__end_data_Ram2_4 = .)

.uninit_RESERVED
                0x02000000        0x0
                0x02000000                _start_uninit_RESERVED = .
 *(.bss.$RESERVED*)
                0x02000000                . = ALIGN (0x4)
                0x02000000                _end_uninit_RESERVED = .

.data           0x02000000      0x9ac load address 0x000095ac
 FILL mask 0xff
                0x02000000                _data = .
                [!provide]                PROVIDE (__start_data_RAM = .)
                [!provide]                PROVIDE (__start_data_Ram0_16_32 = .)
 *(vtable)
 *(.ramfunc*)
 *(CodeQuickAccess)
 *(DataQuickAccess)
 *(RamFunction)
 *(.data*)
 .data.ITM_RxBuffer
                0x02000000        0x4 ./src/retarget_itm.o
                0x02000000                ITM_RxBuffer
 .data.__malloc_av_
                0x02000004      0x408 c:/nxp/mcuxpressoide_11.1.0_3209/ide/plugins/com.nxp.mcuxpresso.tools.win32_11.1.0.201909161352/tools/bin/../lib/gcc/arm-none-eabi/8.3.1/../../../../arm-none-eabi/lib/thumb/v7-m/nofp\libc.a(lib_a-mallocr.o)
                0x02000004                __malloc_av_
 .data.__malloc_sbrk_base
                0x0200040c        0x4 c:/nxp/mcuxpressoide_11.1.0_3209/ide/plugins/com.nxp.mcuxpresso.tools.win32_11.1.0.201909161352/tools/bin/../lib/gcc/arm-none-eabi/8.3.1/../../../../arm-none-eabi/lib/thumb/v7-m/nofp\libc.a(lib_a-mallocr.o)
                0x0200040c                __malloc_sbrk_base
 .data.__malloc_trim_threshold
                0x02000410        0x4 c:/nxp/mcuxpressoide_11.1.0_3209/ide/plugins/com.nxp.mcuxpresso.tools.win32_11.1.0.201909161352/tools/bin/../lib/gcc/arm-none-eabi/8.3.1/../../../../arm-none-eabi/lib/thumb/v7-m/nofp\libc.a(lib_a-mallocr.o)
                0x02000410                __malloc_trim_threshold
 .data._impure_ptr
                0x02000414        0x4 c:/nxp/mcuxpressoide_11.1.0_3209/ide/plugins/com.nxp.mcuxpresso.tools.win32_11.1.0.201909161352/tools/bin/../lib/gcc/arm-none-eabi/8.3.1/../../../../arm-none-eabi/lib/thumb/v7-m/nofp\libc.a(lib_a-impure.o)
                0x02000414                _impure_ptr
 .data.impure_data
                0x02000418      0x428 c:/nxp/mcuxpressoide_11.1.0_3209/ide/plugins/com.nxp.mcuxpresso.tools.win32_11.1.0.201909161352/tools/bin/../lib/gcc/arm-none-eabi/8.3.1/../../../../arm-none-eabi/lib/thumb/v7-m/nofp\libc.a(lib_a-impure.o)
 .data.__global_locale
                0x02000840      0x16c c:/nxp/mcuxpressoide_11.1.0_3209/ide/plugins/com.nxp.mcuxpresso.tools.win32_11.1.0.201909161352/tools/bin/../lib/gcc/arm-none-eabi/8.3.1/../../../../arm-none-eabi/lib/thumb/v7-m/nofp\libc.a(lib_a-locale.o)
                0x02000840                __global_locale
                0x020009ac                . = ALIGN (0x4)
                0x020009ac                _edata = .
                [!provide]                PROVIDE (__end_data_RAM = .)
                [!provide]                PROVIDE (__end_data_Ram0_16_32 = .)

.igot.plt       0x020009ac        0x0 load address 0x00009f58
 .igot.plt      0x020009ac        0x0 ./src/FanControl.o

.bss_RAM2       0x02008000        0x0
                [!provide]                PROVIDE (__start_bss_RAM2 = .)
                [!provide]                PROVIDE (__start_bss_Ram2_4 = .)
 *(.bss.$RAM2)
 *(.bss.$Ram2_4)
 *(.bss.$RAM2.*)
 *(.bss.$Ram2_4.*)
                0x02008000                . = ALIGN ((. != 0x0)?0x4:0x1)
                [!provide]                PROVIDE (__end_bss_RAM2 = .)
                [!provide]                PROVIDE (__end_bss_Ram2_4 = .)

.bss            0x020009ac       0x98
                0x020009ac                _bss = .
                [!provide]                PROVIDE (__start_bss_RAM = .)
                [!provide]                PROVIDE (__start_bss_Ram0_16_32 = .)
 *(.bss*)
 .bss._ZL2u0    0x020009ac        0x4 ./src/LpcUart.o
 .bss._ZL2u1    0x020009b0        0x4 ./src/LpcUart.o
 .bss._ZL2u2    0x020009b4        0x4 ./src/LpcUart.o
 .bss._ZN7LpcUart4initE
                0x020009b8        0x1 ./src/LpcUart.o
                0x020009b8                LpcUart::init
 *fill*         0x020009b9        0x3 
 .bss._ZL7counter
                0x020009bc        0x4 ./src/ModbusProject.o
 .bss.systicks  0x020009c0        0x4 ./src/ModbusProject.o
                0x020009c0                systicks
 .bss.__malloc_current_mallinfo
                0x020009c4       0x28 c:/nxp/mcuxpressoide_11.1.0_3209/ide/plugins/com.nxp.mcuxpresso.tools.win32_11.1.0.201909161352/tools/bin/../lib/gcc/arm-none-eabi/8.3.1/../../../../arm-none-eabi/lib/thumb/v7-m/nofp\libc.a(lib_a-mallocr.o)
                0x020009c4                __malloc_current_mallinfo
 .bss.__malloc_max_sbrked_mem
                0x020009ec        0x4 c:/nxp/mcuxpressoide_11.1.0_3209/ide/plugins/com.nxp.mcuxpresso.tools.win32_11.1.0.201909161352/tools/bin/../lib/gcc/arm-none-eabi/8.3.1/../../../../arm-none-eabi/lib/thumb/v7-m/nofp\libc.a(lib_a-mallocr.o)
                0x020009ec                __malloc_max_sbrked_mem
 .bss.__malloc_max_total_mem
                0x020009f0        0x4 c:/nxp/mcuxpressoide_11.1.0_3209/ide/plugins/com.nxp.mcuxpresso.tools.win32_11.1.0.201909161352/tools/bin/../lib/gcc/arm-none-eabi/8.3.1/../../../../arm-none-eabi/lib/thumb/v7-m/nofp\libc.a(lib_a-mallocr.o)
                0x020009f0                __malloc_max_total_mem
 .bss.__malloc_top_pad
                0x020009f4        0x4 c:/nxp/mcuxpressoide_11.1.0_3209/ide/plugins/com.nxp.mcuxpresso.tools.win32_11.1.0.201909161352/tools/bin/../lib/gcc/arm-none-eabi/8.3.1/../../../../arm-none-eabi/lib/thumb/v7-m/nofp\libc.a(lib_a-mallocr.o)
                0x020009f4                __malloc_top_pad
 .bss.__end_of_heap
                0x020009f8        0x4 c:/nxp/mcuxpressoide_11.1.0_3209/ide/plugins/com.nxp.mcuxpresso.tools.win32_11.1.0.201909161352/tools/bin/../lib/gcc/arm-none-eabi/8.3.1/../../../../arm-none-eabi/lib/thumb/v7-m/nofp\libcr_newlib_nohost.a(_cr_sbrk.o)
                0x020009f8                __end_of_heap
 .bss           0x020009fc       0x1c c:/nxp/mcuxpressoide_11.1.0_3209/ide/plugins/com.nxp.mcuxpresso.tools.win32_11.1.0.201909161352/tools/bin/../lib/gcc/arm-none-eabi/8.3.1/thumb/v7-m/nofp\crtbegin.o
 *(COMMON)
 COMMON         0x02000a18        0x4 C:\Users\Rasmus\Documents\MCUXpressoIDE_11.1.0_3209\FanControlProject\lpc_chip_15xx\Debug\liblpc_chip_15xx.a(chip_15xx.o)
                0x02000a18                SystemCoreClock
 COMMON         0x02000a1c       0x21 c:/nxp/mcuxpressoide_11.1.0_3209/ide/plugins/com.nxp.mcuxpresso.tools.win32_11.1.0.201909161352/tools/bin/../lib/gcc/arm-none-eabi/8.3.1/../../../../arm-none-eabi/lib/thumb/v7-m/nofp\libc.a(lib_a-lock.o)
                0x02000a1c                __lock___atexit_recursive_mutex
                0x02000a20                __lock___arc4random_mutex
                0x02000a24                __lock___env_recursive_mutex
                0x02000a28                __lock___sinit_recursive_mutex
                0x02000a2c                __lock___malloc_recursive_mutex
                0x02000a30                __lock___at_quick_exit_mutex
                0x02000a34                __lock___dd_hash_mutex
                0x02000a38                __lock___tz_mutex
                0x02000a3c                __lock___sfp_recursive_mutex
 *fill*         0x02000a3d        0x3 
 COMMON         0x02000a40        0x4 c:/nxp/mcuxpressoide_11.1.0_3209/ide/plugins/com.nxp.mcuxpresso.tools.win32_11.1.0.201909161352/tools/bin/../lib/gcc/arm-none-eabi/8.3.1/../../../../arm-none-eabi/lib/thumb/v7-m/nofp\libc.a(lib_a-reent.o)
                0x02000a40                errno
                0x02000a44                . = ALIGN (0x4)
                0x02000a44                _ebss = .
                [!provide]                PROVIDE (__end_bss_RAM = .)
                [!provide]                PROVIDE (__end_bss_Ram0_16_32 = .)
                [!provide]                PROVIDE (end = .)

.noinit_RAM2    0x02008000        0x0
                [!provide]                PROVIDE (__start_noinit_RAM2 = .)
                [!provide]                PROVIDE (__start_noinit_Ram2_4 = .)
 *(.noinit.$RAM2)
 *(.noinit.$Ram2_4)
 *(.noinit.$RAM2.*)
 *(.noinit.$Ram2_4.*)
                0x02008000                . = ALIGN (0x4)
                [!provide]                PROVIDE (__end_noinit_RAM2 = .)
                [!provide]                PROVIDE (__end_noinit_Ram2_4 = .)

.noinit         0x02000a44        0x0
                0x02000a44                _noinit = .
                [!provide]                PROVIDE (__start_noinit_RAM = .)
                [!provide]                PROVIDE (__start_noinit_Ram0_16_32 = .)
 *(.noinit*)
                0x02000a44                . = ALIGN (0x4)
                0x02000a44                _end_noinit = .
                [!provide]                PROVIDE (__end_noinit_RAM = .)
                [!provide]                PROVIDE (__end_noinit_Ram0_16_32 = .)
                0x02000a44                PROVIDE (_pvHeapStart = DEFINED (__user_heap_base)?__user_heap_base:.)
                0x02008000                PROVIDE (_vStackTop = DEFINED (__user_stack_top)?__user_stack_top:(__top_Ram0_16_32 - 0x0))
                0xfdff735a                PROVIDE (__valid_user_code_checksum = (0x0 - ((((((_vStackTop + (ResetISR + 0x1)) + (NMI_Handler + 0x1)) + (HardFault_Handler + 0x1)) + (DEFINED (MemManage_Handler)?MemManage_Handler:0x0 + 0x1)) + (DEFINED (BusFault_Handler)?BusFault_Handler:0x0 + 0x1)) + (DEFINED (UsageFault_Handler)?UsageFault_Handler:0x0 + 0x1))))
                0x00000000                _image_start = LOADADDR (.text)
                0x00009f58                _image_end = (LOADADDR (.data) + SIZEOF (.data))
                0x00009f58                _image_size = (_image_end - _image_start)
OUTPUT(ModbusMaster.axf elf32-littlearm)

.debug_info     0x00000000    0x13389
 .debug_info    0x00000000     0x1ec5 ./src/FanControl.o
 .debug_info    0x00001ec5     0x1d3f ./src/LpcUart.o
 .debug_info    0x00003c04     0x1340 ./src/ModbusMaster.o
 .debug_info    0x00004f44     0x1cba ./src/ModbusProject.o
 .debug_info    0x00006bfe      0xb64 ./src/ModbusRegister.o
 .debug_info    0x00007762      0x6ca ./src/SerialPort.o
 .debug_info    0x00007e2c     0x1282 ./src/cr_cpp_config.o
 .debug_info    0x000090ae      0x2a0 ./src/cr_startup_lpc15xx.o
 .debug_info    0x0000934e       0x40 ./src/crp.o
 .debug_info    0x0000938e      0x19d ./src/retarget_itm.o
 .debug_info    0x0000952b      0x9fc ./src/sysinit.o
 .debug_info    0x00009f27      0xca8 C:\Users\Rasmus\Documents\MCUXpressoIDE_11.1.0_3209\FanControlProject\lpc_board_nxp_lpcxpresso_1549\Debug\liblpc_board_nxp_lpcxpresso_1549.a(board.o)
 .debug_info    0x0000abcf      0xe7d C:\Users\Rasmus\Documents\MCUXpressoIDE_11.1.0_3209\FanControlProject\lpc_board_nxp_lpcxpresso_1549\Debug\liblpc_board_nxp_lpcxpresso_1549.a(board_sysinit.o)
 .debug_info    0x0000ba4c      0xa58 C:\Users\Rasmus\Documents\MCUXpressoIDE_11.1.0_3209\FanControlProject\lpc_chip_15xx\Debug\liblpc_chip_15xx.a(chip_15xx.o)
 .debug_info    0x0000c4a4      0xe4e C:\Users\Rasmus\Documents\MCUXpressoIDE_11.1.0_3209\FanControlProject\lpc_chip_15xx\Debug\liblpc_chip_15xx.a(clock_15xx.o)
 .debug_info    0x0000d2f2      0x6e5 C:\Users\Rasmus\Documents\MCUXpressoIDE_11.1.0_3209\FanControlProject\lpc_chip_15xx\Debug\liblpc_chip_15xx.a(gpio_15xx.o)
 .debug_info    0x0000d9d7      0x2b0 C:\Users\Rasmus\Documents\MCUXpressoIDE_11.1.0_3209\FanControlProject\lpc_chip_15xx\Debug\liblpc_chip_15xx.a(iocon_15xx.o)
 .debug_info    0x0000dc87      0x3a8 C:\Users\Rasmus\Documents\MCUXpressoIDE_11.1.0_3209\FanControlProject\lpc_chip_15xx\Debug\liblpc_chip_15xx.a(ring_buffer.o)
 .debug_info    0x0000e02f      0x6af C:\Users\Rasmus\Documents\MCUXpressoIDE_11.1.0_3209\FanControlProject\lpc_chip_15xx\Debug\liblpc_chip_15xx.a(swm_15xx.o)
 .debug_info    0x0000e6de      0x816 C:\Users\Rasmus\Documents\MCUXpressoIDE_11.1.0_3209\FanControlProject\lpc_chip_15xx\Debug\liblpc_chip_15xx.a(sysctl_15xx.o)
 .debug_info    0x0000eef4      0x802 C:\Users\Rasmus\Documents\MCUXpressoIDE_11.1.0_3209\FanControlProject\lpc_chip_15xx\Debug\liblpc_chip_15xx.a(sysinit_15xx.o)
 .debug_info    0x0000f6f6      0x9e2 C:\Users\Rasmus\Documents\MCUXpressoIDE_11.1.0_3209\FanControlProject\lpc_chip_15xx\Debug\liblpc_chip_15xx.a(uart_15xx.o)
 .debug_info    0x000100d8      0x9f8 c:/nxp/mcuxpressoide_11.1.0_3209/ide/plugins/com.nxp.mcuxpresso.tools.win32_11.1.0.201909161352/tools/bin/../lib/gcc/arm-none-eabi/8.3.1/../../../../arm-none-eabi/lib/thumb/v7-m/nofp\libcr_newlib_nohost.a(_cr_sbrk.o)
 .debug_info    0x00010ad0      0x979 c:/nxp/mcuxpressoide_11.1.0_3209/ide/plugins/com.nxp.mcuxpresso.tools.win32_11.1.0.201909161352/tools/bin/../lib/gcc/arm-none-eabi/8.3.1/../../../../arm-none-eabi/lib/thumb/v7-m/nofp\libcr_newlib_nohost.a(close.o)
 .debug_info    0x00011449      0xbbb c:/nxp/mcuxpressoide_11.1.0_3209/ide/plugins/com.nxp.mcuxpresso.tools.win32_11.1.0.201909161352/tools/bin/../lib/gcc/arm-none-eabi/8.3.1/../../../../arm-none-eabi/lib/thumb/v7-m/nofp\libcr_newlib_nohost.a(fstat.o)
 .debug_info    0x00012004      0x979 c:/nxp/mcuxpressoide_11.1.0_3209/ide/plugins/com.nxp.mcuxpresso.tools.win32_11.1.0.201909161352/tools/bin/../lib/gcc/arm-none-eabi/8.3.1/../../../../arm-none-eabi/lib/thumb/v7-m/nofp\libcr_newlib_nohost.a(isatty.o)
 .debug_info    0x0001297d      0x99b c:/nxp/mcuxpressoide_11.1.0_3209/ide/plugins/com.nxp.mcuxpresso.tools.win32_11.1.0.201909161352/tools/bin/../lib/gcc/arm-none-eabi/8.3.1/../../../../arm-none-eabi/lib/thumb/v7-m/nofp\libcr_newlib_nohost.a(lseek.o)
 .debug_info    0x00013318       0x71 c:/nxp/mcuxpressoide_11.1.0_3209/ide/plugins/com.nxp.mcuxpresso.tools.win32_11.1.0.201909161352/tools/bin/../lib/gcc/arm-none-eabi/8.3.1/../../../../arm-none-eabi/lib/thumb/v7-m/nofp\libcr_newlib_nohost.a(_cr_check_heap.o)

.debug_abbrev   0x00000000     0x3ff3
 .debug_abbrev  0x00000000      0x4c6 ./src/FanControl.o
 .debug_abbrev  0x000004c6      0x51c ./src/LpcUart.o
 .debug_abbrev  0x000009e2      0x3b3 ./src/ModbusMaster.o
 .debug_abbrev  0x00000d95      0x478 ./src/ModbusProject.o
 .debug_abbrev  0x0000120d      0x38b ./src/ModbusRegister.o
 .debug_abbrev  0x00001598      0x2a3 ./src/SerialPort.o
 .debug_abbrev  0x0000183b      0x378 ./src/cr_cpp_config.o
 .debug_abbrev  0x00001bb3      0x11a ./src/cr_startup_lpc15xx.o
 .debug_abbrev  0x00001ccd       0x38 ./src/crp.o
 .debug_abbrev  0x00001d05       0xd5 ./src/retarget_itm.o
 .debug_abbrev  0x00001dda      0x1d9 ./src/sysinit.o
 .debug_abbrev  0x00001fb3      0x26e C:\Users\Rasmus\Documents\MCUXpressoIDE_11.1.0_3209\FanControlProject\lpc_board_nxp_lpcxpresso_1549\Debug\liblpc_board_nxp_lpcxpresso_1549.a(board.o)
 .debug_abbrev  0x00002221      0x27e C:\Users\Rasmus\Documents\MCUXpressoIDE_11.1.0_3209\FanControlProject\lpc_board_nxp_lpcxpresso_1549\Debug\liblpc_board_nxp_lpcxpresso_1549.a(board_sysinit.o)
 .debug_abbrev  0x0000249f      0x1ff C:\Users\Rasmus\Documents\MCUXpressoIDE_11.1.0_3209\FanControlProject\lpc_chip_15xx\Debug\liblpc_chip_15xx.a(chip_15xx.o)
 .debug_abbrev  0x0000269e      0x2fd C:\Users\Rasmus\Documents\MCUXpressoIDE_11.1.0_3209\FanControlProject\lpc_chip_15xx\Debug\liblpc_chip_15xx.a(clock_15xx.o)
 .debug_abbrev  0x0000299b      0x1b6 C:\Users\Rasmus\Documents\MCUXpressoIDE_11.1.0_3209\FanControlProject\lpc_chip_15xx\Debug\liblpc_chip_15xx.a(gpio_15xx.o)
 .debug_abbrev  0x00002b51      0x16c C:\Users\Rasmus\Documents\MCUXpressoIDE_11.1.0_3209\FanControlProject\lpc_chip_15xx\Debug\liblpc_chip_15xx.a(iocon_15xx.o)
 .debug_abbrev  0x00002cbd      0x17e C:\Users\Rasmus\Documents\MCUXpressoIDE_11.1.0_3209\FanControlProject\lpc_chip_15xx\Debug\liblpc_chip_15xx.a(ring_buffer.o)
 .debug_abbrev  0x00002e3b      0x198 C:\Users\Rasmus\Documents\MCUXpressoIDE_11.1.0_3209\FanControlProject\lpc_chip_15xx\Debug\liblpc_chip_15xx.a(swm_15xx.o)
 .debug_abbrev  0x00002fd3      0x169 C:\Users\Rasmus\Documents\MCUXpressoIDE_11.1.0_3209\FanControlProject\lpc_chip_15xx\Debug\liblpc_chip_15xx.a(sysctl_15xx.o)
 .debug_abbrev  0x0000313c      0x1f2 C:\Users\Rasmus\Documents\MCUXpressoIDE_11.1.0_3209\FanControlProject\lpc_chip_15xx\Debug\liblpc_chip_15xx.a(sysinit_15xx.o)
 .debug_abbrev  0x0000332e      0x230 C:\Users\Rasmus\Documents\MCUXpressoIDE_11.1.0_3209\FanControlProject\lpc_chip_15xx\Debug\liblpc_chip_15xx.a(uart_15xx.o)
 .debug_abbrev  0x0000355e      0x24a c:/nxp/mcuxpressoide_11.1.0_3209/ide/plugins/com.nxp.mcuxpresso.tools.win32_11.1.0.201909161352/tools/bin/../lib/gcc/arm-none-eabi/8.3.1/../../../../arm-none-eabi/lib/thumb/v7-m/nofp\libcr_newlib_nohost.a(_cr_sbrk.o)
 .debug_abbrev  0x000037a8      0x1ea c:/nxp/mcuxpressoide_11.1.0_3209/ide/plugins/com.nxp.mcuxpresso.tools.win32_11.1.0.201909161352/tools/bin/../lib/gcc/arm-none-eabi/8.3.1/../../../../arm-none-eabi/lib/thumb/v7-m/nofp\libcr_newlib_nohost.a(close.o)
 .debug_abbrev  0x00003992      0x1fd c:/nxp/mcuxpressoide_11.1.0_3209/ide/plugins/com.nxp.mcuxpresso.tools.win32_11.1.0.201909161352/tools/bin/../lib/gcc/arm-none-eabi/8.3.1/../../../../arm-none-eabi/lib/thumb/v7-m/nofp\libcr_newlib_nohost.a(fstat.o)