gthr-default.h:229:1:int __gthread_key_delete(__gthread_key_t)	16	static
atomic_base.h:80:3:constexpr std::memory_order std::operator&(std::memory_order, std::__memory_order_modifier)	16	static
Blinker.cpp:10:1:Blinker::Blinker()	16	static
Blinker.cpp:17:6:virtual void Blinker::tick()	16	static
Blinker.cpp:30:6:void Blinker::blink(DigitalIoPin*, int)	32	static
Blinker.cpp:42:1:Blinker::~Blinker()	16	static
Blinker.cpp:42:1:virtual Blinker::~Blinker()	16	static
atomic_base.h:272:7:std::__atomic_base<_IntTp>::__int_type std::__atomic_base<_IntTp>::operator=(std::__atomic_base<_IntTp>::__int_type) volatile [with _ITp = int]	32	static
atomic_base.h:283:7:std::__atomic_base<_IntTp>::__int_type std::__atomic_base<_IntTp>::operator++(int) volatile [with _ITp = int]	32	static
atomic_base.h:261:7:std::__atomic_base<_IntTp>::operator std::__atomic_base<_IntTp>::__int_type() const volatile [with _ITp = int]	24	static
std_mutex.h:161:16:std::lock_guard<_Mutex>::lock_guard(std::lock_guard<_Mutex>::mutex_type&) [with _Mutex = Imutex]	16	static
std_mutex.h:167:7:std::lock_guard<_Mutex>::~lock_guard() [with _Mutex = Imutex]	16	static
