core_cm3.h:1405:22:void NVIC_SetPriority(IRQn_Type, uint32_t)	16	static
core_cm3.h:1532:26:uint32_t SysTick_Config(uint32_t)	16	static
clock_15xx.h:500:20:void Chip_Clock_SetSysTickClockDiv(uint32_t)	16	static
atomic_base.h:80:3:constexpr std::memory_order std::operator&(std::memory_order, std::__memory_order_modifier)	16	static
Sleeper.cpp:3:1:Sleeper::Sleeper()	24	static
Sleeper.cpp:12:1:Sleeper::Sleeper(int)	24	static
Sleeper.cpp:28:6:void SysTick_Handler()	8	static
Sleeper.cpp:37:6:void Sleeper::sleep(int)	16	static
Sleeper.cpp:45:6:virtual void Sleeper::tick()	16	static
Sleeper.cpp:49:1:Sleeper::~Sleeper()	16	static
Sleeper.cpp:49:1:virtual Sleeper::~Sleeper()	16	static
atomic_base.h:272:7:std::__atomic_base<_IntTp>::__int_type std::__atomic_base<_IntTp>::operator=(std::__atomic_base<_IntTp>::__int_type) volatile [with _ITp = int]	32	static
atomic_base.h:261:7:std::__atomic_base<_IntTp>::operator std::__atomic_base<_IntTp>::__int_type() const volatile [with _ITp = int]	24	static
atomic_base.h:291:7:std::__atomic_base<_IntTp>::__int_type std::__atomic_base<_IntTp>::operator--(int) volatile [with _ITp = int]	32	static
