Archive member included to satisfy reference by file (symbol)

C:\Users\Rasmus\Documents\MCUXpressoIDE_11.1.0_3209\workspace\my_lib\Debug\libmy_lib.a(DigitalIoPin.o)
                              ./src/exercise5.2.o (DigitalIoPin::DigitalIoPin(int, int, bool, bool, bool))
C:\Users\Rasmus\Documents\MCUXpressoIDE_11.1.0_3209\workspace\my_lib\Debug\libmy_lib.a(LiquidCrystal.o)
                              ./src/exercise5.2.o (LiquidCrystal::begin(unsigned char, unsigned char, unsigned char))
C:\Users\Rasmus\Documents\MCUXpressoIDE_11.1.0_3209\workspace\my_lib\Debug\libmy_lib.a(RealTimeClock.o)
                              ./src/exercise5.2.o (RealTimeClock::RealTimeClock(int))
C:\Users\Rasmus\Documents\MCUXpressoIDE_11.1.0_3209\workspace\my_lib\Debug\libmy_lib.a(Sleeper.o)
                              C:\Users\Rasmus\Documents\MCUXpressoIDE_11.1.0_3209\workspace\my_lib\Debug\libmy_lib.a(RealTimeClock.o) (Sleeper::Sleeper())
C:\Users\Rasmus\Documents\MCUXpressoIDE_11.1.0_3209\workspace\my_lib\Debug\libmy_lib.a(Imutex.o)
                              C:\Users\Rasmus\Documents\MCUXpressoIDE_11.1.0_3209\workspace\my_lib\Debug\libmy_lib.a(RealTimeClock.o) (Imutex::Imutex())
C:\Users\Rasmus\Documents\MCUXpressoIDE_11.1.0_3209\workspace\lpc_board_nxp_lpcxpresso_1549\Debug\liblpc_board_nxp_lpcxpresso_1549.a(board.o)
                              ./src/exercise5.2.o (Board_LED_Set)
C:\Users\Rasmus\Documents\MCUXpressoIDE_11.1.0_3209\workspace\lpc_board_nxp_lpcxpresso_1549\Debug\liblpc_board_nxp_lpcxpresso_1549.a(board_sysinit.o)
                              ./src/sysinit.o (Board_SystemInit)
C:\Users\Rasmus\Documents\MCUXpressoIDE_11.1.0_3209\workspace\lpc_chip_15xx\Debug\liblpc_chip_15xx.a(chip_15xx.o)
                              ./src/exercise5.2.o (SystemCoreClockUpdate)
C:\Users\Rasmus\Documents\MCUXpressoIDE_11.1.0_3209\workspace\lpc_chip_15xx\Debug\liblpc_chip_15xx.a(clock_15xx.o)
                              C:\Users\Rasmus\Documents\MCUXpressoIDE_11.1.0_3209\workspace\lpc_board_nxp_lpcxpresso_1549\Debug\liblpc_board_nxp_lpcxpresso_1549.a(board.o) (Chip_Clock_GetMainClockRate)
C:\Users\Rasmus\Documents\MCUXpressoIDE_11.1.0_3209\workspace\lpc_chip_15xx\Debug\liblpc_chip_15xx.a(gpio_15xx.o)
                              C:\Users\Rasmus\Documents\MCUXpressoIDE_11.1.0_3209\workspace\lpc_board_nxp_lpcxpresso_1549\Debug\liblpc_board_nxp_lpcxpresso_1549.a(board.o) (Chip_GPIO_Init)
C:\Users\Rasmus\Documents\MCUXpressoIDE_11.1.0_3209\workspace\lpc_chip_15xx\Debug\liblpc_chip_15xx.a(iocon_15xx.o)
                              C:\Users\Rasmus\Documents\MCUXpressoIDE_11.1.0_3209\workspace\lpc_board_nxp_lpcxpresso_1549\Debug\liblpc_board_nxp_lpcxpresso_1549.a(board_sysinit.o) (Chip_IOCON_SetPinMuxing)
C:\Users\Rasmus\Documents\MCUXpressoIDE_11.1.0_3209\workspace\lpc_chip_15xx\Debug\liblpc_chip_15xx.a(ritimer_15xx.o)
                              C:\Users\Rasmus\Documents\MCUXpressoIDE_11.1.0_3209\workspace\my_lib\Debug\libmy_lib.a(LiquidCrystal.o) (Chip_RIT_SetCTRL)
C:\Users\Rasmus\Documents\MCUXpressoIDE_11.1.0_3209\workspace\lpc_chip_15xx\Debug\liblpc_chip_15xx.a(swm_15xx.o)
                              C:\Users\Rasmus\Documents\MCUXpressoIDE_11.1.0_3209\workspace\lpc_board_nxp_lpcxpresso_1549\Debug\liblpc_board_nxp_lpcxpresso_1549.a(board.o) (Chip_SWM_MovablePinAssign)
C:\Users\Rasmus\Documents\MCUXpressoIDE_11.1.0_3209\workspace\lpc_chip_15xx\Debug\liblpc_chip_15xx.a(sysctl_15xx.o)
                              C:\Users\Rasmus\Documents\MCUXpressoIDE_11.1.0_3209\workspace\lpc_board_nxp_lpcxpresso_1549\Debug\liblpc_board_nxp_lpcxpresso_1549.a(board_sysinit.o) (Chip_SYSCTL_AssertPeriphReset)
C:\Users\Rasmus\Documents\MCUXpressoIDE_11.1.0_3209\workspace\lpc_chip_15xx\Debug\liblpc_chip_15xx.a(sysinit_15xx.o)
                              C:\Users\Rasmus\Documents\MCUXpressoIDE_11.1.0_3209\workspace\lpc_board_nxp_lpcxpresso_1549\Debug\liblpc_board_nxp_lpcxpresso_1549.a(board_sysinit.o) (Chip_SetupXtalClocking)
C:\Users\Rasmus\Documents\MCUXpressoIDE_11.1.0_3209\workspace\lpc_chip_15xx\Debug\liblpc_chip_15xx.a(uart_15xx.o)
                              C:\Users\Rasmus\Documents\MCUXpressoIDE_11.1.0_3209\workspace\lpc_board_nxp_lpcxpresso_1549\Debug\liblpc_board_nxp_lpcxpresso_1549.a(board.o) (Chip_UART_Init)
C:\Users\Rasmus\Documents\MCUXpressoIDE_11.1.0_3209\workspace\lpc_chip_15xx\Debug\liblpc_chip_15xx.a(ring_buffer.o)
                              C:\Users\Rasmus\Documents\MCUXpressoIDE_11.1.0_3209\workspace\lpc_chip_15xx\Debug\liblpc_chip_15xx.a(uart_15xx.o) (RingBuffer_Insert)
c:/nxp/mcuxpressoide_11.1.0_3209/ide/plugins/com.nxp.mcuxpresso.tools.win32_11.1.0.201909161352/tools/bin/../lib/gcc/arm-none-eabi/8.3.1/thumb/v7-m/nofp\libgcc.a(_aeabi_uldivmod.o)
                              C:\Users\Rasmus\Documents\MCUXpressoIDE_11.1.0_3209\workspace\my_lib\Debug\libmy_lib.a(LiquidCrystal.o) (__aeabi_uldivmod)
[...]
Memory Configuration

Name             Origin             Length             Attributes
MFlash256        0x00000000         0x00040000         xr
Ram0_16_32       0x02000000         0x00008000         xrw
Ram2_4           0x02008000         0x00001000         xrw
*default*        0x00000000         0xffffffff

Linker script and memory map

LOAD ./src/cr_cpp_config.o
LOAD ./src/cr_startup_lpc15xx.o
LOAD ./src/crp.o
LOAD ./src/exercise5.2.o
LOAD ./src/sysinit.o
LOAD C:\Users\Rasmus\Documents\MCUXpressoIDE_11.1.0_3209\workspace\my_lib\Debug\libmy_lib.a
LOAD C:\Users\Rasmus\Documents\MCUXpressoIDE_11.1.0_3209\workspace\lpc_board_nxp_lpcxpresso_1549\Debug\liblpc_board_nxp_lpcxpresso_1549.a
LOAD C:\Users\Rasmus\Documents\MCUXpressoIDE_11.1.0_3209\workspace\lpc_chip_15xx\Debug\liblpc_chip_15xx.a
START GROUP
LOAD c:/nxp/mcuxpressoide_11.1.0_3209/ide/plugins/com.nxp.mcuxpresso.tools.win32_11.1.0.201909161352/tools/bin/../lib/gcc/arm-none-eabi/8.3.1/thumb/v7-m/nofp\libgcc.a
LOAD c:/nxp/mcuxpressoide_11.1.0_3209/ide/plugins/com.nxp.mcuxpresso.tools.win32_11.1.0.201909161352/tools/bin/../lib/gcc/arm-none-eabi/8.3.1/../../../../arm-none-eabi/lib/thumb/v7-m/nofp\libc.a
LOAD c:/nxp/mcuxpressoide_11.1.0_3209/ide/plugins/com.nxp.mcuxpresso.tools.win32_11.1.0.201909161352/tools/bin/../lib/gcc/arm-none-eabi/8.3.1/../../../../arm-none-eabi/lib/thumb/v7-m/nofp\libstdc++.a
LOAD c:/nxp/mcuxpressoide_11.1.0_3209/ide/plugins/com.nxp.mcuxpresso.tools.win32_11.1.0.201909161352/tools/bin/../lib/gcc/arm-none-eabi/8.3.1/../../../../arm-none-eabi/lib/thumb/v7-m/nofp\libm.a
LOAD c:/nxp/mcuxpressoide_11.1.0_3209/ide/plugins/com.nxp.mcuxpresso.tools.win32_11.1.0.201909161352/tools/bin/../lib/gcc/arm-none-eabi/8.3.1/../../../../arm-none-eabi/lib/thumb/v7-m/nofp\libcr_newlib_nohost.a
LOAD c:/nxp/mcuxpressoide_11.1.0_3209/ide/plugins/com.nxp.mcuxpresso.tools.win32_11.1.0.201909161352/tools/bin/../lib/gcc/arm-none-eabi/8.3.1/thumb/v7-m/nofp\crti.o
LOAD c:/nxp/mcuxpressoide_11.1.0_3209/ide/plugins/com.nxp.mcuxpresso.tools.win32_11.1.0.201909161352/tools/bin/../lib/gcc/arm-none-eabi/8.3.1/thumb/v7-m/nofp\crtn.o
LOAD c:/nxp/mcuxpressoide_11.1.0_3209/ide/plugins/com.nxp.mcuxpresso.tools.win32_11.1.0.201909161352/tools/bin/../lib/gcc/arm-none-eabi/8.3.1/thumb/v7-m/nofp\crtbegin.o
LOAD c:/nxp/mcuxpressoide_11.1.0_3209/ide/plugins/com.nxp.mcuxpresso.tools.win32_11.1.0.201909161352/tools/bin/../lib/gcc/arm-none-eabi/8.3.1/thumb/v7-m/nofp\crtend.o
END GROUP
                0x00000000                __base_MFlash256 = 0x0
                0x00000000                __base_Flash = 0x0
                0x00040000                __top_MFlash256 = 0x40000
                0x00040000                __top_Flash = 0x40000
                0x02000000                __base_Ram0_16_32 = 0x2000000
                0x02000000                __base_RAM = 0x2000000
                0x02008000                __top_Ram0_16_32 = 0x2008000
                0x02008000                __top_RAM = 0x2008000
                0x02008000                __base_Ram2_4 = 0x2008000
                0x02008000                __base_RAM2 = 0x2008000
                0x02009000                __top_Ram2_4 = 0x2009000
                0x02009000                __top_RAM2 = 0x2009000

.text           0x00000000     0x7094
 FILL mask 0xff
                0x00000000                __vectors_start__ = ABSOLUTE (.)
 *(.isr_vector)
 .isr_vector    0x00000000       0xfc ./src/cr_startup_lpc15xx.o
                0x00000000                g_pfnVectors
                0x000000fc                . = ALIGN (0x4)
                0x000000fc                __section_table_start = .
                0x000000fc                __data_section_table = .
                0x000000fc        0x4 LONG 0x709c LOADADDR (.data)
                0x00000100        0x4 LONG 0x2000000 ADDR (.data)
                0x00000104        0x4 LONG 0x9ac SIZEOF (.data)
                0x00000108        0x4 LONG 0x709c LOADADDR (.data_RAM2)
                0x0000010c        0x4 LONG 0x2008000 ADDR (.data_RAM2)
                0x00000110        0x4 LONG 0x0 SIZEOF (.data_RAM2)
                0x00000114                __data_section_table_end = .
                0x00000114                __bss_section_table = .
                0x00000114        0x4 LONG 0x20009ac ADDR (.bss)
                0x00000118        0x4 LONG 0x84 SIZEOF (.bss)
                0x0000011c        0x4 LONG 0x2008000 ADDR (.bss_RAM2)
                0x00000120        0x4 LONG 0x0 SIZEOF (.bss_RAM2)
                0x00000124                __bss_section_table_end = .
                0x00000124                __section_table_end = .
 *(.after_vectors*)
 .after_vectors
                0x00000124      0x140 ./src/cr_startup_lpc15xx.o
                0x00000124                data_init(unsigned int, unsigned int, unsigned int)
                0x00000166                bss_init(unsigned int, unsigned int)
                0x0000019c                ResetISR
                0x00000228                NMI_Handler
                0x0000022e                HardFault_Handler
                0x00000234                MemManage_Handler
                0x0000023a                BusFault_Handler
                0x00000240                UsageFault_Handler
                0x00000246                SVC_Handler
                0x0000024c                DebugMon_Handler
                0x00000252                PendSV_Handler
                0x0000025e                UART1_IRQHandler
                0x0000025e                RTC_WAKE_IRQHandler
                0x0000025e                UART0_IRQHandler
                0x0000025e                ADC1_THCMP_IRQHandler
                0x0000025e                SPI1_IRQHandler
                0x0000025e                PIN_INT6_IRQHandler
                0x0000025e                IntDefaultHandler
                0x0000025e                PIN_INT4_IRQHandler
                0x0000025e                CAN_IRQHandler
                0x0000025e                RTC_ALARM_IRQHandler
                0x0000025e                ADC1B_IRQHandler
                0x0000025e                ADC1_OVR_IRQHandler
                0x0000025e                MRT_IRQHandler
                0x0000025e                UART2_IRQHandler
                0x0000025e                ADC0_OVR_IRQHandler
                0x0000025e                SCT1_IRQHandler
                0x0000025e                PIN_INT2_IRQHandler
                0x0000025e                USB_FIQHandler
                0x0000025e                SCT3_IRQHandler
                0x0000025e                PIN_INT7_IRQHandler
                0x0000025e                I2C0_IRQHandler
                0x0000025e                PIN_INT1_IRQHandler
                0x0000025e                USB_IRQHandler
                0x0000025e                BOD_IRQHandler
                0x0000025e                ADC0B_IRQHandler
                0x0000025e                ACMP0_IRQHandler
                0x0000025e                RIT_IRQHandler
                0x0000025e                USBWakeup_IRQHandler
                0x0000025e                WDT_IRQHandler
                0x0000025e                SCT2_IRQHandler
                0x0000025e                PIN_INT0_IRQHandler
                0x0000025e                QEI_IRQHandler
                0x0000025e                ACMP3_IRQHandler
                0x0000025e                GINT0_IRQHandler
                0x0000025e                DAC_IRQHandler
                0x0000025e                SPI0_IRQHandler
                0x0000025e                EEPROM_IRQHandler
                0x0000025e                ACMP2_IRQHandler
                0x0000025e                PIN_INT5_IRQHandler
                0x0000025e                ADC1A_IRQHandler
                0x0000025e                DMA_IRQHandler
                0x0000025e                PIN_INT3_IRQHandler
                0x0000025e                ACMP1_IRQHandler
                0x0000025e                SCT0_IRQHandler
                0x0000025e                ADC0A_IRQHandler
                0x0000025e                FMC_IRQHandler
                0x0000025e                GINT1_IRQHandler
                0x0000025e                ADC0_THCMP_IRQHandler
                0x000002fc                . = 0x2fc
 *fill*         0x00000264       0x98 ff
                0x000002fc                PROVIDE (__CRP_WORD_START__ = .)
 *(.crp)
 .crp           0x000002fc        0x4 ./src/crp.o
                0x000002fc                CRP_WORD
                0x00000300                PROVIDE (__CRP_WORD_END__ = .)
                0x00000001                ASSERT (! ((__CRP_WORD_START__ == __CRP_WORD_END__)), Linker CRP Enabled, but no CRP_WORD provided within application)
 *(.text*)
 .text._ZdlPv   0x00000300       0x16 ./src/cr_cpp_config.o
                0x00000300                operator delete(void*)
 *fill*         0x00000316        0x2 ff
 .text.main     0x00000318      0x184 ./src/exercise5.2.o
                0x00000318                main
 .text.SystemInit
                0x0000049c        0xc ./src/sysinit.o
                0x0000049c                SystemInit
 .text.Chip_IOCON_PinMuxSet
                0x000004a8       0x2c C:\Users\Rasmus\Documents\MCUXpressoIDE_11.1.0_3209\workspace\my_lib\Debug\libmy_lib.a(DigitalIoPin.o)
 .text.Chip_GPIO_SetPinState
                0x000004d4       0x36 C:\Users\Rasmus\Documents\MCUXpressoIDE_11.1.0_3209\workspace\my_lib\Debug\libmy_lib.a(DigitalIoPin.o)
 .text.Chip_GPIO_SetPinDIROutput
                0x0000050a       0x3c C:\Users\Rasmus\Documents\MCUXpressoIDE_11.1.0_3209\workspace\my_lib\Debug\libmy_lib.a(DigitalIoPin.o)
 .text.Chip_GPIO_SetPinDIRInput
                0x00000546       0x3e C:\Users\Rasmus\Documents\MCUXpressoIDE_11.1.0_3209\workspace\my_lib\Debug\libmy_lib.a(DigitalIoPin.o)
 .text._ZN12DigitalIoPinD2Ev
                0x00000584       0x20 C:\Users\Rasmus\Documents\MCUXpressoIDE_11.1.0_3209\workspace\my_lib\Debug\libmy_lib.a(DigitalIoPin.o)
                0x00000584                DigitalIoPin::~DigitalIoPin()
                0x00000584                DigitalIoPin::~DigitalIoPin()
 .text._ZN12DigitalIoPinD0Ev
                0x000005a4       0x20 C:\Users\Rasmus\Documents\MCUXpressoIDE_11.1.0_3209\workspace\my_lib\Debug\libmy_lib.a(DigitalIoPin.o)
                0x000005a4                DigitalIoPin::~DigitalIoPin()
 .text._ZN12DigitalIoPinC2Eiibbb
                0x000005c4       0xb0 C:\Users\Rasmus\Documents\MCUXpressoIDE_11.1.0_3209\workspace\my_lib\Debug\libmy_lib.a(DigitalIoPin.o)
                0x000005c4                DigitalIoPin::DigitalIoPin(int, int, bool, bool, bool)
                0x000005c4                DigitalIoPin::DigitalIoPin(int, int, bool, bool, bool)
 .text._ZN12DigitalIoPin5writeEb
                0x00000674       0x50 C:\Users\Rasmus\Documents\MCUXpressoIDE_11.1.0_3209\workspace\my_lib\Debug\libmy_lib.a(DigitalIoPin.o)
                0x00000674                DigitalIoPin::write(bool)
 .text.Chip_RIT_Enable
                0x000006c4       0x18 C:\Users\Rasmus\Documents\MCUXpressoIDE_11.1.0_3209\workspace\my_lib\Debug\libmy_lib.a(LiquidCrystal.o)
 .text.Chip_RIT_Disable
                0x000006dc       0x18 C:\Users\Rasmus\Documents\MCUXpressoIDE_11.1.0_3209\workspace\my_lib\Debug\libmy_lib.a(LiquidCrystal.o)
 .text.Chip_RIT_GetIntStatus
                0x000006f4       0x24 C:\Users\Rasmus\Documents\MCUXpressoIDE_11.1.0_3209\workspace\my_lib\Debug\libmy_lib.a(LiquidCrystal.o)
 .text.Chip_RIT_ClearIntStatus
                0x00000718       0x18 C:\Users\Rasmus\Documents\MCUXpressoIDE_11.1.0_3209\workspace\my_lib\Debug\libmy_lib.a(LiquidCrystal.o)
 .text._Z17delayMicrosecondsj
                0x00000730       0x90 C:\Users\Rasmus\Documents\MCUXpressoIDE_11.1.0_3209\workspace\my_lib\Debug\libmy_lib.a(LiquidCrystal.o)
                0x00000730                delayMicroseconds(unsigned int)
 .text._ZN13LiquidCrystalC2EP12DigitalIoPinS1_S1_S1_S1_S1_
                0x000007c0       0x58 C:\Users\Rasmus\Documents\MCUXpressoIDE_11.1.0_3209\workspace\my_lib\Debug\libmy_lib.a(LiquidCrystal.o)
                0x000007c0                LiquidCrystal::LiquidCrystal(DigitalIoPin*, DigitalIoPin*, DigitalIoPin*, DigitalIoPin*, DigitalIoPin*, DigitalIoPin*)
                0x000007c0                LiquidCrystal::LiquidCrystal(DigitalIoPin*, DigitalIoPin*, DigitalIoPin*, DigitalIoPin*, DigitalIoPin*, DigitalIoPin*)
 .text._ZN13LiquidCrystal5beginEhhh
                0x00000818      0x144 C:\Users\Rasmus\Documents\MCUXpressoIDE_11.1.0_3209\workspace\my_lib\Debug\libmy_lib.a(LiquidCrystal.o)
                0x00000818                LiquidCrystal::begin(unsigned char, unsigned char, unsigned char)
 .text._ZN13LiquidCrystal5clearEv
                0x0000095c       0x20 C:\Users\Rasmus\Documents\MCUXpressoIDE_11.1.0_3209\workspace\my_lib\Debug\libmy_lib.a(LiquidCrystal.o)
                0x0000095c                LiquidCrystal::clear()
 .text._ZN13LiquidCrystal5printEPKc
                0x0000097c       0x3e C:\Users\Rasmus\Documents\MCUXpressoIDE_11.1.0_3209\workspace\my_lib\Debug\libmy_lib.a(LiquidCrystal.o)
                0x0000097c                LiquidCrystal::print(char const*)
 *fill*         0x000009ba        0x2 ff
 .text._ZN13LiquidCrystal9setCursorEhh
                0x000009bc       0x68 C:\Users\Rasmus\Documents\MCUXpressoIDE_11.1.0_3209\workspace\my_lib\Debug\libmy_lib.a(LiquidCrystal.o)
                0x000009bc                LiquidCrystal::setCursor(unsigned char, unsigned char)
 .text._ZN13LiquidCrystal7displayEv
                0x00000a24       0x30 C:\Users\Rasmus\Documents\MCUXpressoIDE_11.1.0_3209\workspace\my_lib\Debug\libmy_lib.a(LiquidCrystal.o)
                0x00000a24                LiquidCrystal::display()
 .text._ZN13LiquidCrystal7commandEh
                0x00000a54       0x20 C:\Users\Rasmus\Documents\MCUXpressoIDE_11.1.0_3209\workspace\my_lib\Debug\libmy_lib.a(LiquidCrystal.o)
                0x00000a54                LiquidCrystal::command(unsigned char)
 .text._ZN13LiquidCrystal5writeEh
                0x00000a74       0x22 C:\Users\Rasmus\Documents\MCUXpressoIDE_11.1.0_3209\workspace\my_lib\Debug\libmy_lib.a(LiquidCrystal.o)
                0x00000a74                LiquidCrystal::write(unsigned char)
 .text._ZN13LiquidCrystal4sendEhh
                0x00000a96       0x48 C:\Users\Rasmus\Documents\MCUXpressoIDE_11.1.0_3209\workspace\my_lib\Debug\libmy_lib.a(LiquidCrystal.o)
                0x00000a96                LiquidCrystal::send(unsigned char, unsigned char)
 .text._ZN13LiquidCrystal11pulseEnableEv
                0x00000ade       0x46 C:\Users\Rasmus\Documents\MCUXpressoIDE_11.1.0_3209\workspace\my_lib\Debug\libmy_lib.a(LiquidCrystal.o)
                0x00000ade                LiquidCrystal::pulseEnable()
 .text._ZN13LiquidCrystal10write4bitsEh
                0x00000b24       0x54 C:\Users\Rasmus\Documents\MCUXpressoIDE_11.1.0_3209\workspace\my_lib\Debug\libmy_lib.a(LiquidCrystal.o)
                0x00000b24                LiquidCrystal::write4bits(unsigned char)
 .text._ZN13RealTimeClockC2Ei
                0x00000b78       0x4c C:\Users\Rasmus\Documents\MCUXpressoIDE_11.1.0_3209\workspace\my_lib\Debug\libmy_lib.a(RealTimeClock.o)
                0x00000b78                RealTimeClock::RealTimeClock(int)
                0x00000b78                RealTimeClock::RealTimeClock(int)
 .text._ZN13RealTimeClock7getTimeEP2tm
                0x00000bc4       0x46 C:\Users\Rasmus\Documents\MCUXpressoIDE_11.1.0_3209\workspace\my_lib\Debug\libmy_lib.a(RealTimeClock.o)
                0x00000bc4                RealTimeClock::getTime(tm*)
 .text._ZN13RealTimeClock4tickEv
                0x00000c0a       0xa2 C:\Users\Rasmus\Documents\MCUXpressoIDE_11.1.0_3209\workspace\my_lib\Debug\libmy_lib.a(RealTimeClock.o)
                0x00000c0a                RealTimeClock::tick()
 .text._ZN13RealTimeClockD2Ev
                0x00000cac       0x30 C:\Users\Rasmus\Documents\MCUXpressoIDE_11.1.0_3209\workspace\my_lib\Debug\libmy_lib.a(RealTimeClock.o)
                0x00000cac                RealTimeClock::~RealTimeClock()
                0x00000cac                RealTimeClock::~RealTimeClock()
 .text._ZN13RealTimeClockD0Ev
                0x00000cdc       0x20 C:\Users\Rasmus\Documents\MCUXpressoIDE_11.1.0_3209\workspace\my_lib\Debug\libmy_lib.a(RealTimeClock.o)
                0x00000cdc                RealTimeClock::~RealTimeClock()
 .text._ZNSt10lock_guardI6ImutexEC2ERS0_
                0x00000cfc       0x24 C:\Users\Rasmus\Documents\MCUXpressoIDE_11.1.0_3209\workspace\my_lib\Debug\libmy_lib.a(RealTimeClock.o)
                0x00000cfc                std::lock_guard<Imutex>::lock_guard(Imutex&)
                0x00000cfc                std::lock_guard<Imutex>::lock_guard(Imutex&)
 .text._ZNSt10lock_guardI6ImutexED2Ev
                0x00000d20       0x1c C:\Users\Rasmus\Documents\MCUXpressoIDE_11.1.0_3209\workspace\my_lib\Debug\libmy_lib.a(RealTimeClock.o)
                0x00000d20                std::lock_guard<Imutex>::~lock_guard()
                0x00000d20                std::lock_guard<Imutex>::~lock_guard()
 .text.NVIC_SetPriority
                0x00000d3c       0x5c C:\Users\Rasmus\Documents\MCUXpressoIDE_11.1.0_3209\workspace\my_lib\Debug\libmy_lib.a(Sleeper.o)
 .text.SysTick_Config
                0x00000d98       0x44 C:\Users\Rasmus\Documents\MCUXpressoIDE_11.1.0_3209\workspace\my_lib\Debug\libmy_lib.a(Sleeper.o)
 .text.Chip_Clock_SetSysTickClockDiv
                0x00000ddc       0x20 C:\Users\Rasmus\Documents\MCUXpressoIDE_11.1.0_3209\workspace\my_lib\Debug\libmy_lib.a(Sleeper.o)
 .text._ZStanSt12memory_orderSt23__memory_order_modifier
                0x00000dfc       0x24 C:\Users\Rasmus\Documents\MCUXpressoIDE_11.1.0_3209\workspace\my_lib\Debug\libmy_lib.a(Sleeper.o)
                0x00000dfc                std::operator&(std::memory_order, std::__memory_order_modifier)
 .text._ZN7SleeperC2Ei
                0x00000e20       0x4c C:\Users\Rasmus\Documents\MCUXpressoIDE_11.1.0_3209\workspace\my_lib\Debug\libmy_lib.a(Sleeper.o)
                0x00000e20                Sleeper::Sleeper(int)
                0x00000e20                Sleeper::Sleeper(int)
 .text.SysTick_Handler
                0x00000e6c       0x24 C:\Users\Rasmus\Documents\MCUXpressoIDE_11.1.0_3209\workspace\my_lib\Debug\libmy_lib.a(Sleeper.o)
                0x00000e6c                SysTick_Handler
 .text._ZN7Sleeper5sleepEi
                0x00000e90       0x3c C:\Users\Rasmus\Documents\MCUXpressoIDE_11.1.0_3209\workspace\my_lib\Debug\libmy_lib.a(Sleeper.o)
                0x00000e90                Sleeper::sleep(int)
 .text._ZN7Sleeper4tickEv
                0x00000ecc       0x36 C:\Users\Rasmus\Documents\MCUXpressoIDE_11.1.0_3209\workspace\my_lib\Debug\libmy_lib.a(Sleeper.o)
                0x00000ecc                Sleeper::tick()
 *fill*         0x00000f02        0x2 ff
 .text._ZN7SleeperD2Ev
                0x00000f04       0x20 C:\Users\Rasmus\Documents\MCUXpressoIDE_11.1.0_3209\workspace\my_lib\Debug\libmy_lib.a(Sleeper.o)
                0x00000f04                Sleeper::~Sleeper()
                0x00000f04                Sleeper::~Sleeper()
 .text._ZN7SleeperD0Ev
                0x00000f24       0x20 C:\Users\Rasmus\Documents\MCUXpressoIDE_11.1.0_3209\workspace\my_lib\Debug\libmy_lib.a(Sleeper.o)
                0x00000f24                Sleeper::~Sleeper()
 .text._ZNVSt13__atomic_baseIiEaSEi
                0x00000f44       0x3e C:\Users\Rasmus\Documents\MCUXpressoIDE_11.1.0_3209\workspace\my_lib\Debug\libmy_lib.a(Sleeper.o)
                0x00000f44                std::__atomic_base<int>::operator=(int) volatile
 .text._ZNVKSt13__atomic_baseIiEcviEv
                0x00000f82       0x36 C:\Users\Rasmus\Documents\MCUXpressoIDE_11.1.0_3209\workspace\my_lib\Debug\libmy_lib.a(Sleeper.o)
                0x00000f82                std::__atomic_base<int>::operator int() const volatile
 .text._ZNVSt13__atomic_baseIiEmmEi
                0x00000fb8       0x42 C:\Users\Rasmus\Documents\MCUXpressoIDE_11.1.0_3209\workspace\my_lib\Debug\libmy_lib.a(Sleeper.o)
                0x00000fb8                std::__atomic_base<int>::operator--(int) volatile
 .text._ZN6ImutexC2Ev
                0x00000ffa       0x1a C:\Users\Rasmus\Documents\MCUXpressoIDE_11.1.0_3209\workspace\my_lib\Debug\libmy_lib.a(Imutex.o)
                0x00000ffa                Imutex::Imutex()
                0x00000ffa                Imutex::Imutex()
 .text._ZN6ImutexD2Ev
                0x00001014       0x14 C:\Users\Rasmus\Documents\MCUXpressoIDE_11.1.0_3209\workspace\my_lib\Debug\libmy_lib.a(Imutex.o)
                0x00001014                Imutex::~Imutex()
                0x00001014                Imutex::~Imutex()
 .text._ZN6Imutex4lockEv
                0x00001028       0x2e C:\Users\Rasmus\Documents\MCUXpressoIDE_11.1.0_3209\workspace\my_lib\Debug\libmy_lib.a(Imutex.o)
                0x00001028                Imutex::lock()
 .text._ZN6Imutex6unlockEv
                0x00001056       0x1c C:\Users\Rasmus\Documents\MCUXpressoIDE_11.1.0_3209\workspace\my_lib\Debug\libmy_lib.a(Imutex.o)
                0x00001056                Imutex::unlock()
 .text.Chip_IOCON_PinMuxSet
                0x00001072       0x2c C:\Users\Rasmus\Documents\MCUXpressoIDE_11.1.0_3209\workspace\lpc_board_nxp_lpcxpresso_1549\Debug\liblpc_board_nxp_lpcxpresso_1549.a(board.o)
 .text.Chip_SWM_MovablePortPinAssign
                0x0000109e       0x30 C:\Users\Rasmus\Documents\MCUXpressoIDE_11.1.0_3209\workspace\lpc_board_nxp_lpcxpresso_1549\Debug\liblpc_board_nxp_lpcxpresso_1549.a(board.o)
 .text.Chip_GPIO_SetPinState
                0x000010ce       0x36 C:\Users\Rasmus\Documents\MCUXpressoIDE_11.1.0_3209\workspace\lpc_board_nxp_lpcxpresso_1549\Debug\liblpc_board_nxp_lpcxpresso_1549.a(board.o)
 .text.Chip_GPIO_SetPinDIROutput
                0x00001104       0x3c C:\Users\Rasmus\Documents\MCUXpressoIDE_11.1.0_3209\workspace\lpc_board_nxp_lpcxpresso_1549\Debug\liblpc_board_nxp_lpcxpresso_1549.a(board.o)
 .text.Chip_UART_Enable
                0x00001140       0x1e C:\Users\Rasmus\Documents\MCUXpressoIDE_11.1.0_3209\workspace\lpc_board_nxp_lpcxpresso_1549\Debug\liblpc_board_nxp_lpcxpresso_1549.a(board.o)
 .text.Chip_UART_TXEnable
                0x0000115e       0x1e C:\Users\Rasmus\Documents\MCUXpressoIDE_11.1.0_3209\workspace\lpc_board_nxp_lpcxpresso_1549\Debug\liblpc_board_nxp_lpcxpresso_1549.a(board.o)
 .text.Chip_UART_ConfigData
                0x0000117c       0x28 C:\Users\Rasmus\Documents\MCUXpressoIDE_11.1.0_3209\workspace\lpc_board_nxp_lpcxpresso_1549\Debug\liblpc_board_nxp_lpcxpresso_1549.a(board.o)
 .text.Board_Debug_Init
                0x000011a4       0x70 C:\Users\Rasmus\Documents\MCUXpressoIDE_11.1.0_3209\workspace\lpc_board_nxp_lpcxpresso_1549\Debug\liblpc_board_nxp_lpcxpresso_1549.a(board.o)
                0x000011a4                Board_Debug_Init
 .text.Board_LED_Init
                0x00001214       0x5c C:\Users\Rasmus\Documents\MCUXpressoIDE_11.1.0_3209\workspace\lpc_board_nxp_lpcxpresso_1549\Debug\liblpc_board_nxp_lpcxpresso_1549.a(board.o)
 .text.Board_LED_Set
                0x00001270       0x54 C:\Users\Rasmus\Documents\MCUXpressoIDE_11.1.0_3209\workspace\lpc_board_nxp_lpcxpresso_1549\Debug\liblpc_board_nxp_lpcxpresso_1549.a(board.o)
                0x00001270                Board_LED_Set
 .text.Board_Init
                0x000012c4       0x18 C:\Users\Rasmus\Documents\MCUXpressoIDE_11.1.0_3209\workspace\lpc_board_nxp_lpcxpresso_1549\Debug\liblpc_board_nxp_lpcxpresso_1549.a(board.o)
                0x000012c4                Board_Init
 .text.Chip_SYSCTL_PeriphReset
                0x000012dc       0x22 C:\Users\Rasmus\Documents\MCUXpressoIDE_11.1.0_3209\workspace\lpc_board_nxp_lpcxpresso_1549\Debug\liblpc_board_nxp_lpcxpresso_1549.a(board_sysinit.o)
 *fill*         0x000012fe        0x2 ff
 .text.Chip_Clock_SetUSBPLLSource
                0x00001300       0x20 C:\Users\Rasmus\Documents\MCUXpressoIDE_11.1.0_3209\workspace\lpc_board_nxp_lpcxpresso_1549\Debug\liblpc_board_nxp_lpcxpresso_1549.a(board_sysinit.o)
 .text.Chip_Clock_SetupUSBPLL
                0x00001320       0x34 C:\Users\Rasmus\Documents\MCUXpressoIDE_11.1.0_3209\workspace\lpc_board_nxp_lpcxpresso_1549\Debug\liblpc_board_nxp_lpcxpresso_1549.a(board_sysinit.o)
 .text.Chip_Clock_IsUSBPLLLocked
                0x00001354       0x24 C:\Users\Rasmus\Documents\MCUXpressoIDE_11.1.0_3209\workspace\lpc_board_nxp_lpcxpresso_1549\Debug\liblpc_board_nxp_lpcxpresso_1549.a(board_sysinit.o)
 .text.Chip_Clock_SetSysTickClockDiv
                0x00001378       0x20 C:\Users\Rasmus\Documents\MCUXpressoIDE_11.1.0_3209\workspace\lpc_board_nxp_lpcxpresso_1549\Debug\liblpc_board_nxp_lpcxpresso_1549.a(board_sysinit.o)
 .text.Chip_SWM_MovablePortPinAssign
                0x00001398       0x30 C:\Users\Rasmus\Documents\MCUXpressoIDE_11.1.0_3209\workspace\lpc_board_nxp_lpcxpresso_1549\Debug\liblpc_board_nxp_lpcxpresso_1549.a(board_sysinit.o)
 .text.Board_SetupMuxing
                0x000013c8       0x80 C:\Users\Rasmus\Documents\MCUXpressoIDE_11.1.0_3209\workspace\lpc_board_nxp_lpcxpresso_1549\Debug\liblpc_board_nxp_lpcxpresso_1549.a(board_sysinit.o)
                0x000013c8                Board_SetupMuxing
 .text.Board_SetupClocking
                0x00001448       0x3a C:\Users\Rasmus\Documents\MCUXpressoIDE_11.1.0_3209\workspace\lpc_board_nxp_lpcxpresso_1549\Debug\liblpc_board_nxp_lpcxpresso_1549.a(board_sysinit.o)
                0x00001448                Board_SetupClocking
 *fill*         0x00001482        0x2 ff
 .text.Board_SystemInit
                0x00001484       0x1c C:\Users\Rasmus\Documents\MCUXpressoIDE_11.1.0_3209\workspace\lpc_board_nxp_lpcxpresso_1549\Debug\liblpc_board_nxp_lpcxpresso_1549.a(board_sysinit.o)
                0x00001484                Board_SystemInit
 .text.SystemCoreClockUpdate
                0x000014a0       0x18 C:\Users\Rasmus\Documents\MCUXpressoIDE_11.1.0_3209\workspace\lpc_chip_15xx\Debug\liblpc_chip_15xx.a(chip_15xx.o)
                0x000014a0                SystemCoreClockUpdate
 .text.Chip_Clock_SetMain_A_ClockSource
                0x000014b8       0x20 C:\Users\Rasmus\Documents\MCUXpressoIDE_11.1.0_3209\workspace\lpc_chip_15xx\Debug\liblpc_chip_15xx.a(clock_15xx.o)
 .text.Chip_Clock_GetMain_A_ClockSource
                0x000014d8       0x18 C:\Users\Rasmus\Documents\MCUXpressoIDE_11.1.0_3209\workspace\lpc_chip_15xx\Debug\liblpc_chip_15xx.a(clock_15xx.o)
 .text.Chip_Clock_SetMain_B_ClockSource
                0x000014f0       0x20 C:\Users\Rasmus\Documents\MCUXpressoIDE_11.1.0_3209\workspace\lpc_chip_15xx\Debug\liblpc_chip_15xx.a(clock_15xx.o)
 .text.Chip_Clock_GetMain_B_ClockSource
                0x00001510       0x18 C:\Users\Rasmus\Documents\MCUXpressoIDE_11.1.0_3209\workspace\lpc_chip_15xx\Debug\liblpc_chip_15xx.a(clock_15xx.o)
 .text.Chip_Clock_GetSysTickClockDiv
                0x00001528       0x18 C:\Users\Rasmus\Documents\MCUXpressoIDE_11.1.0_3209\workspace\lpc_chip_15xx\Debug\liblpc_chip_15xx.a(clock_15xx.o)
 .text.Chip_Clock_SetUARTFRGDivider
                0x00001540       0x20 C:\Users\Rasmus\Documents\MCUXpressoIDE_11.1.0_3209\workspace\lpc_chip_15xx\Debug\liblpc_chip_15xx.a(clock_15xx.o)
 .text.Chip_Clock_GetUARTFRGDivider
                0x00001560       0x18 C:\Users\Rasmus\Documents\MCUXpressoIDE_11.1.0_3209\workspace\lpc_chip_15xx\Debug\liblpc_chip_15xx.a(clock_15xx.o)
 .text.Chip_Clock_GetMainOscRate
                0x00001578       0x14 C:\Users\Rasmus\Documents\MCUXpressoIDE_11.1.0_3209\workspace\lpc_chip_15xx\Debug\liblpc_chip_15xx.a(clock_15xx.o)
 .text.Chip_Clock_GetIntOscRate
                0x0000158c       0x14 C:\Users\Rasmus\Documents\MCUXpressoIDE_11.1.0_3209\workspace\lpc_chip_15xx\Debug\liblpc_chip_15xx.a(clock_15xx.o)
 .text.Chip_Clock_GetRTCOscRate
                0x000015a0       0x14 C:\Users\Rasmus\Documents\MCUXpressoIDE_11.1.0_3209\workspace\lpc_chip_15xx\Debug\liblpc_chip_15xx.a(clock_15xx.o)
 .text.Chip_Clock_GetWDTOSCRate
                0x000015b4       0x14 C:\Users\Rasmus\Documents\MCUXpressoIDE_11.1.0_3209\workspace\lpc_chip_15xx\Debug\liblpc_chip_15xx.a(clock_15xx.o)
 .text.Chip_Clock_GetPLLFreq
                0x000015c8       0x26 C:\Users\Rasmus\Documents\MCUXpressoIDE_11.1.0_3209\workspace\lpc_chip_15xx\Debug\liblpc_chip_15xx.a(clock_15xx.o)
 .text.Chip_Clock_GetPLLInClockRate
                0x000015ee       0x38 C:\Users\Rasmus\Documents\MCUXpressoIDE_11.1.0_3209\workspace\lpc_chip_15xx\Debug\liblpc_chip_15xx.a(clock_15xx.o)
 *fill*         0x00001626        0x2 ff
 .text.Chip_Clock_GetSystemPLLInClockRate
                0x00001628       0x1c C:\Users\Rasmus\Documents\MCUXpressoIDE_11.1.0_3209\workspace\lpc_chip_15xx\Debug\liblpc_chip_15xx.a(clock_15xx.o)
                0x00001628                Chip_Clock_GetSystemPLLInClockRate
 .text.Chip_Clock_GetSystemPLLOutClockRate
                0x00001644       0x24 C:\Users\Rasmus\Documents\MCUXpressoIDE_11.1.0_3209\workspace\lpc_chip_15xx\Debug\liblpc_chip_15xx.a(clock_15xx.o)
                0x00001644                Chip_Clock_GetSystemPLLOutClockRate
 .text.Chip_Clock_GetMain_A_ClockRate
                0x00001668       0x44 C:\Users\Rasmus\Documents\MCUXpressoIDE_11.1.0_3209\workspace\lpc_chip_15xx\Debug\liblpc_chip_15xx.a(clock_15xx.o)
                0x00001668                Chip_Clock_GetMain_A_ClockRate
 .text.Chip_Clock_GetMain_B_ClockRate
                0x000016ac       0x58 C:\Users\Rasmus\Documents\MCUXpressoIDE_11.1.0_3209\workspace\lpc_chip_15xx\Debug\liblpc_chip_15xx.a(clock_15xx.o)
                0x000016ac                Chip_Clock_GetMain_B_ClockRate
 .text.Chip_Clock_SetMainClockSource
                0x00001704       0x3c C:\Users\Rasmus\Documents\MCUXpressoIDE_11.1.0_3209\workspace\lpc_chip_15xx\Debug\liblpc_chip_15xx.a(clock_15xx.o)
                0x00001704                Chip_Clock_SetMainClockSource
 .text.Chip_Clock_GetMainClockRate
                0x00001740       0x28 C:\Users\Rasmus\Documents\MCUXpressoIDE_11.1.0_3209\workspace\lpc_chip_15xx\Debug\liblpc_chip_15xx.a(clock_15xx.o)
                0x00001740                Chip_Clock_GetMainClockRate
 .text.Chip_Clock_EnablePeriphClock
                0x00001768       0x58 C:\Users\Rasmus\Documents\MCUXpressoIDE_11.1.0_3209\workspace\lpc_chip_15xx\Debug\liblpc_chip_15xx.a(clock_15xx.o)
                0x00001768                Chip_Clock_EnablePeriphClock
 .text.Chip_Clock_GetSysTickClockRate
                0x000017c0       0x30 C:\Users\Rasmus\Documents\MCUXpressoIDE_11.1.0_3209\workspace\lpc_chip_15xx\Debug\liblpc_chip_15xx.a(clock_15xx.o)
                0x000017c0                Chip_Clock_GetSysTickClockRate
 .text.Chip_Clock_GetUARTBaseClockRate
                0x000017f0       0x8c C:\Users\Rasmus\Documents\MCUXpressoIDE_11.1.0_3209\workspace\lpc_chip_15xx\Debug\liblpc_chip_15xx.a(clock_15xx.o)
                0x000017f0                Chip_Clock_GetUARTBaseClockRate
 .text.Chip_Clock_SetUARTBaseClockRate
                0x0000187c       0xa4 C:\Users\Rasmus\Documents\MCUXpressoIDE_11.1.0_3209\workspace\lpc_chip_15xx\Debug\liblpc_chip_15xx.a(clock_15xx.o)
                0x0000187c                Chip_Clock_SetUARTBaseClockRate
 .text.Chip_Clock_GetSystemClockRate
                0x00001920       0x1c C:\Users\Rasmus\Documents\MCUXpressoIDE_11.1.0_3209\workspace\lpc_chip_15xx\Debug\liblpc_chip_15xx.a(clock_15xx.o)
                0x00001920                Chip_Clock_GetSystemClockRate
 .text.Chip_SYSCTL_PeriphReset
                0x0000193c       0x22 C:\Users\Rasmus\Documents\MCUXpressoIDE_11.1.0_3209\workspace\lpc_chip_15xx\Debug\liblpc_chip_15xx.a(gpio_15xx.o)
 .text.Chip_GPIO_Init
                0x0000195e       0x2e C:\Users\Rasmus\Documents\MCUXpressoIDE_11.1.0_3209\workspace\lpc_chip_15xx\Debug\liblpc_chip_15xx.a(gpio_15xx.o)
                0x0000195e                Chip_GPIO_Init
 .text.Chip_IOCON_PinMuxSet
                0x0000198c       0x2c C:\Users\Rasmus\Documents\MCUXpressoIDE_11.1.0_3209\workspace\lpc_chip_15xx\Debug\liblpc_chip_15xx.a(iocon_15xx.o)
 .text.Chip_IOCON_SetPinMuxing
                0x000019b8       0x4e C:\Users\Rasmus\Documents\MCUXpressoIDE_11.1.0_3209\workspace\lpc_chip_15xx\Debug\liblpc_chip_15xx.a(iocon_15xx.o)
                0x000019b8                Chip_IOCON_SetPinMuxing
 .text.Chip_SYSCTL_PeriphReset
                0x00001a06       0x22 C:\Users\Rasmus\Documents\MCUXpressoIDE_11.1.0_3209\workspace\lpc_chip_15xx\Debug\liblpc_chip_15xx.a(ritimer_15xx.o)
 .text.Chip_RIT_Init
                0x00001a28       0x22 C:\Users\Rasmus\Documents\MCUXpressoIDE_11.1.0_3209\workspace\lpc_chip_15xx\Debug\liblpc_chip_15xx.a(ritimer_15xx.o)
                0x00001a28                Chip_RIT_Init
 .text.Chip_RIT_SetCTRL
                0x00001a4a       0x28 C:\Users\Rasmus\Documents\MCUXpressoIDE_11.1.0_3209\workspace\lpc_chip_15xx\Debug\liblpc_chip_15xx.a(ritimer_15xx.o)
                0x00001a4a                Chip_RIT_SetCTRL
 .text.Chip_RIT_ClearCTRL
                0x00001a72       0x2a C:\Users\Rasmus\Documents\MCUXpressoIDE_11.1.0_3209\workspace\lpc_chip_15xx\Debug\liblpc_chip_15xx.a(ritimer_15xx.o)
                0x00001a72                Chip_RIT_ClearCTRL
 .text.Chip_RIT_SetCompareValue
                0x00001a9c       0x32 C:\Users\Rasmus\Documents\MCUXpressoIDE_11.1.0_3209\workspace\lpc_chip_15xx\Debug\liblpc_chip_15xx.a(ritimer_15xx.o)
                0x00001a9c                Chip_RIT_SetCompareValue
 *fill*         0x00001ace        0x2 ff
 .text.Chip_SWM_MovablePinAssign
                0x00001ad0       0x5c C:\Users\Rasmus\Documents\MCUXpressoIDE_11.1.0_3209\workspace\lpc_chip_15xx\Debug\liblpc_chip_15xx.a(swm_15xx.o)
                0x00001ad0                Chip_SWM_MovablePinAssign
 .text.Chip_SYSCTL_AssertPeriphReset
                0x00001b2c       0x4c C:\Users\Rasmus\Documents\MCUXpressoIDE_11.1.0_3209\workspace\lpc_chip_15xx\Debug\liblpc_chip_15xx.a(sysctl_15xx.o)
                0x00001b2c                Chip_SYSCTL_AssertPeriphReset
 .text.Chip_SYSCTL_DeassertPeriphReset
                0x00001b78       0x50 C:\Users\Rasmus\Documents\MCUXpressoIDE_11.1.0_3209\workspace\lpc_chip_15xx\Debug\liblpc_chip_15xx.a(sysctl_15xx.o)
                0x00001b78                Chip_SYSCTL_DeassertPeriphReset
 .text.Chip_SYSCTL_PowerDown
                0x00001bc8       0x40 C:\Users\Rasmus\Documents\MCUXpressoIDE_11.1.0_3209\workspace\lpc_chip_15xx\Debug\liblpc_chip_15xx.a(sysctl_15xx.o)
                0x00001bc8                Chip_SYSCTL_PowerDown
 .text.Chip_SYSCTL_PowerUp
                0x00001c08       0x40 C:\Users\Rasmus\Documents\MCUXpressoIDE_11.1.0_3209\workspace\lpc_chip_15xx\Debug\liblpc_chip_15xx.a(sysctl_15xx.o)
                0x00001c08                Chip_SYSCTL_PowerUp
 .text.Chip_FMC_SetFLASHAccess
                0x00001c48       0x38 C:\Users\Rasmus\Documents\MCUXpressoIDE_11.1.0_3209\workspace\lpc_chip_15xx\Debug\liblpc_chip_15xx.a(sysinit_15xx.o)
 .text.Chip_Clock_SetSystemPLLSource
                0x00001c80       0x20 C:\Users\Rasmus\Documents\MCUXpressoIDE_11.1.0_3209\workspace\lpc_chip_15xx\Debug\liblpc_chip_15xx.a(sysinit_15xx.o)
 .text.Chip_Clock_SetupSystemPLL
                0x00001ca0       0x34 C:\Users\Rasmus\Documents\MCUXpressoIDE_11.1.0_3209\workspace\lpc_chip_15xx\Debug\liblpc_chip_15xx.a(sysinit_15xx.o)
 .text.Chip_Clock_IsSystemPLLLocked
                0x00001cd4       0x24 C:\Users\Rasmus\Documents\MCUXpressoIDE_11.1.0_3209\workspace\lpc_chip_15xx\Debug\liblpc_chip_15xx.a(sysinit_15xx.o)
 .text.Chip_Clock_SetSysClockDiv
                0x00001cf8       0x20 C:\Users\Rasmus\Documents\MCUXpressoIDE_11.1.0_3209\workspace\lpc_chip_15xx\Debug\liblpc_chip_15xx.a(sysinit_15xx.o)
 .text.Chip_SetupXtalClocking
                0x00001d18       0x6c C:\Users\Rasmus\Documents\MCUXpressoIDE_11.1.0_3209\workspace\lpc_chip_15xx\Debug\liblpc_chip_15xx.a(sysinit_15xx.o)
                0x00001d18                Chip_SetupXtalClocking
 .text.Chip_SYSCTL_PeriphReset
                0x00001d84       0x22 C:\Users\Rasmus\Documents\MCUXpressoIDE_11.1.0_3209\workspace\lpc_chip_15xx\Debug\liblpc_chip_15xx.a(uart_15xx.o)
 *fill*         0x00001da6        0x2 ff
 .text.getUARTClockID
                0x00001da8       0x34 C:\Users\Rasmus\Documents\MCUXpressoIDE_11.1.0_3209\workspace\lpc_chip_15xx\Debug\liblpc_chip_15xx.a(uart_15xx.o)
 .text.Chip_UART_Init
                0x00001ddc       0x4c C:\Users\Rasmus\Documents\MCUXpressoIDE_11.1.0_3209\workspace\lpc_chip_15xx\Debug\liblpc_chip_15xx.a(uart_15xx.o)
                0x00001ddc                Chip_UART_Init
 .text.Chip_UART_SetBaud
                0x00001e28       0x2a C:\Users\Rasmus\Documents\MCUXpressoIDE_11.1.0_3209\workspace\lpc_chip_15xx\Debug\liblpc_chip_15xx.a(uart_15xx.o)
                0x00001e28                Chip_UART_SetBaud
 *fill*         0x00001e52        0x2 ff
 .text          0x00001e54       0x30 c:/nxp/mcuxpressoide_11.1.0_3209/ide/plugins/com.nxp.mcuxpresso.tools.win32_11.1.0.201909161352/tools/bin/../lib/gcc/arm-none-eabi/8.3.1/thumb/v7-m/nofp\libgcc.a(_aeabi_uldivmod.o)
                0x00001e54                __aeabi_uldivmod
 .text          0x00001e84      0x2d0 c:/nxp/mcuxpressoide_11.1.0_3209/ide/plugins/com.nxp.mcuxpresso.tools.win32_11.1.0.201909161352/tools/bin/../lib/gcc/arm-none-eabi/8.3.1/thumb/v7-m/nofp\libgcc.a(_udivmoddi4.o)
                0x00001e84                __udivmoddi4
 .text          0x00002154        0x4 c:/nxp/mcuxpressoide_11.1.0_3209/ide/plugins/com.nxp.mcuxpresso.tools.win32_11.1.0.201909161352/tools/bin/../lib/gcc/arm-none-eabi/8.3.1/thumb/v7-m/nofp\libgcc.a(_dvmd_tls.o)
                0x00002154                __aeabi_idiv0
                0x00002154                __aeabi_ldiv0
 .text.__libc_init_array
                0x00002158       0x48 c:/nxp/mcuxpressoide_11.1.0_3209/ide/plugins/com.nxp.mcuxpresso.tools.win32_11.1.0.201909161352/tools/bin/../lib/gcc/arm-none-eabi/8.3.1/../../../../arm-none-eabi/lib/thumb/v7-m/nofp\libc.a(lib_a-init.o)
                0x00002158                __libc_init_array
 .text.free     0x000021a0       0x10 c:/nxp/mcuxpressoide_11.1.0_3209/ide/plugins/com.nxp.mcuxpresso.tools.win32_11.1.0.201909161352/tools/bin/../lib/gcc/arm-none-eabi/8.3.1/../../../../arm-none-eabi/lib/thumb/v7-m/nofp\libc.a(lib_a-malloc.o)
                0x000021a0                free
 .text._malloc_r
                0x000021b0      0x558 c:/nxp/mcuxpressoide_11.1.0_3209/ide/plugins/com.nxp.mcuxpresso.tools.win32_11.1.0.201909161352/tools/bin/../lib/gcc/arm-none-eabi/8.3.1/../../../../arm-none-eabi/lib/thumb/v7-m/nofp\libc.a(lib_a-mallocr.o)
                0x000021b0                _malloc_r
 .text          0x00002708       0xec c:/nxp/mcuxpressoide_11.1.0_3209/ide/plugins/com.nxp.mcuxpresso.tools.win32_11.1.0.201909161352/tools/bin/../lib/gcc/arm-none-eabi/8.3.1/../../../../arm-none-eabi/lib/thumb/v7-m/nofp\libc.a(lib_a-memcpy.o)
                0x00002708                memcpy
 .text.__malloc_lock
                0x000027f4        0xc c:/nxp/mcuxpressoide_11.1.0_3209/ide/plugins/com.nxp.mcuxpresso.tools.win32_11.1.0.201909161352/tools/bin/../lib/gcc/arm-none-eabi/8.3.1/../../../../arm-none-eabi/lib/thumb/v7-m/nofp\libc.a(lib_a-mlock.o)
                0x000027f4                __malloc_lock
 .text.__malloc_unlock
                0x00002800        0xc c:/nxp/mcuxpressoide_11.1.0_3209/ide/plugins/com.nxp.mcuxpresso.tools.win32_11.1.0.201909161352/tools/bin/../lib/gcc/arm-none-eabi/8.3.1/../../../../arm-none-eabi/lib/thumb/v7-m/nofp\libc.a(lib_a-mlock.o)
                0x00002800                __malloc_unlock
 .text._sbrk_r  0x0000280c       0x24 c:/nxp/mcuxpressoide_11.1.0_3209/ide/plugins/com.nxp.mcuxpresso.tools.win32_11.1.0.201909161352/tools/bin/../lib/gcc/arm-none-eabi/8.3.1/../../../../arm-none-eabi/lib/thumb/v7-m/nofp\libc.a(lib_a-sbrkr.o)
                0x0000280c                _sbrk_r
 .text.sprintf  0x00002830       0x44 c:/nxp/mcuxpressoide_11.1.0_3209/ide/plugins/com.nxp.mcuxpresso.tools.win32_11.1.0.201909161352/tools/bin/../lib/gcc/arm-none-eabi/8.3.1/../../../../arm-none-eabi/lib/thumb/v7-m/nofp\libc.a(lib_a-sprintf.o)
                0x00002830                sprintf
 .text._svfprintf_r
                0x00002874     0x1a28 c:/nxp/mcuxpressoide_11.1.0_3209/ide/plugins/com.nxp.mcuxpresso.tools.win32_11.1.0.201909161352/tools/bin/../lib/gcc/arm-none-eabi/8.3.1/../../../../arm-none-eabi/lib/thumb/v7-m/nofp\libc.a(lib_a-svfprintf.o)
                0x00002874                _svfprintf_r
 .text.quorem   0x0000429c      0x12c c:/nxp/mcuxpressoide_11.1.0_3209/ide/plugins/com.nxp.mcuxpresso.tools.win32_11.1.0.201909161352/tools/bin/../lib/gcc/arm-none-eabi/8.3.1/../../../../arm-none-eabi/lib/thumb/v7-m/nofp\libc.a(lib_a-dtoa.o)
 .text._dtoa_r  0x000043c8      0xe6c c:/nxp/mcuxpressoide_11.1.0_3209/ide/plugins/com.nxp.mcuxpresso.tools.win32_11.1.0.201909161352/tools/bin/../lib/gcc/arm-none-eabi/8.3.1/../../../../arm-none-eabi/lib/thumb/v7-m/nofp\libc.a(lib_a-dtoa.o)
                0x000043c8                _dtoa_r
 .text._malloc_trim_r
                0x00005234       0xa0 c:/nxp/mcuxpressoide_11.1.0_3209/ide/plugins/com.nxp.mcuxpresso.tools.win32_11.1.0.201909161352/tools/bin/../lib/gcc/arm-none-eabi/8.3.1/../../../../arm-none-eabi/lib/thumb/v7-m/nofp\libc.a(lib_a-freer.o)
                0x00005234                _malloc_trim_r
 .text._free_r  0x000052d4      0x1f4 c:/nxp/mcuxpressoide_11.1.0_3209/ide/plugins/com.nxp.mcuxpresso.tools.win32_11.1.0.201909161352/tools/bin/../lib/gcc/arm-none-eabi/8.3.1/../../../../arm-none-eabi/lib/thumb/v7-m/nofp\libc.a(lib_a-freer.o)
                0x000052d4                _free_r
 .text._localeconv_r
                0x000054c8        0x8 c:/nxp/mcuxpressoide_11.1.0_3209/ide/plugins/com.nxp.mcuxpresso.tools.win32_11.1.0.201909161352/tools/bin/../lib/gcc/arm-none-eabi/8.3.1/../../../../arm-none-eabi/lib/thumb/v7-m/nofp\libc.a(lib_a-localeconv.o)
                0x000054c8                _localeconv_r
 .text.__retarget_lock_acquire_recursive
                0x000054d0        0x4 c:/nxp/mcuxpressoide_11.1.0_3209/ide/plugins/com.nxp.mcuxpresso.tools.win32_11.1.0.201909161352/tools/bin/../lib/gcc/arm-none-eabi/8.3.1/../../../../arm-none-eabi/lib/thumb/v7-m/nofp\libc.a(lib_a-lock.o)
                0x000054d0                __retarget_lock_acquire_recursive
 .text.__retarget_lock_release_recursive
                0x000054d4        0x4 c:/nxp/mcuxpressoide_11.1.0_3209/ide/plugins/com.nxp.mcuxpresso.tools.win32_11.1.0.201909161352/tools/bin/../lib/gcc/arm-none-eabi/8.3.1/../../../../arm-none-eabi/lib/thumb/v7-m/nofp\libc.a(lib_a-lock.o)
                0x000054d4                __retarget_lock_release_recursive
 .text.memchr   0x000054d8       0x8c c:/nxp/mcuxpressoide_11.1.0_3209/ide/plugins/com.nxp.mcuxpresso.tools.win32_11.1.0.201909161352/tools/bin/../lib/gcc/arm-none-eabi/8.3.1/../../../../arm-none-eabi/lib/thumb/v7-m/nofp\libc.a(lib_a-memchr-stub.o)
                0x000054d8                memchr
 .text._Balloc  0x00005564       0x4c c:/nxp/mcuxpressoide_11.1.0_3209/ide/plugins/com.nxp.mcuxpresso.tools.win32_11.1.0.201909161352/tools/bin/../lib/gcc/arm-none-eabi/8.3.1/../../../../arm-none-eabi/lib/thumb/v7-m/nofp\libc.a(lib_a-mprec.o)
                0x00005564                _Balloc
 .text._Bfree   0x000055b0       0x14 c:/nxp/mcuxpressoide_11.1.0_3209/ide/plugins/com.nxp.mcuxpresso.tools.win32_11.1.0.201909161352/tools/bin/../lib/gcc/arm-none-eabi/8.3.1/../../../../arm-none-eabi/lib/thumb/v7-m/nofp\libc.a(lib_a-mprec.o)
                0x000055b0                _Bfree
 .text.__multadd
                0x000055c4       0x8c c:/nxp/mcuxpressoide_11.1.0_3209/ide/plugins/com.nxp.mcuxpresso.tools.win32_11.1.0.201909161352/tools/bin/../lib/gcc/arm-none-eabi/8.3.1/../../../../arm-none-eabi/lib/thumb/v7-m/nofp\libc.a(lib_a-mprec.o)
                0x000055c4                __multadd
 .text.__hi0bits
                0x00005650       0x40 c:/nxp/mcuxpressoide_11.1.0_3209/ide/plugins/com.nxp.mcuxpresso.tools.win32_11.1.0.201909161352/tools/bin/../lib/gcc/arm-none-eabi/8.3.1/../../../../arm-none-eabi/lib/thumb/v7-m/nofp\libc.a(lib_a-mprec.o)
                0x00005650                __hi0bits
 .text.__lo0bits
                0x00005690       0x60 c:/nxp/mcuxpressoide_11.1.0_3209/ide/plugins/com.nxp.mcuxpresso.tools.win32_11.1.0.201909161352/tools/bin/../lib/gcc/arm-none-eabi/8.3.1/../../../../arm-none-eabi/lib/thumb/v7-m/nofp\libc.a(lib_a-mprec.o)
                0x00005690                __lo0bits
 .text.__i2b    0x000056f0       0x14 c:/nxp/mcuxpressoide_11.1.0_3209/ide/plugins/com.nxp.mcuxpresso.tools.win32_11.1.0.201909161352/tools/bin/../lib/gcc/arm-none-eabi/8.3.1/../../../../arm-none-eabi/lib/thumb/v7-m/nofp\libc.a(lib_a-mprec.o)
                0x000056f0                __i2b
 .text.__multiply
                0x00005704      0x130 c:/nxp/mcuxpressoide_11.1.0_3209/ide/plugins/com.nxp.mcuxpresso.tools.win32_11.1.0.201909161352/tools/bin/../lib/gcc/arm-none-eabi/8.3.1/../../../../arm-none-eabi/lib/thumb/v7-m/nofp\libc.a(lib_a-mprec.o)
                0x00005704                __multiply
 .text.__pow5mult
                0x00005834       0xa0 c:/nxp/mcuxpressoide_11.1.0_3209/ide/plugins/com.nxp.mcuxpresso.tools.win32_11.1.0.201909161352/tools/bin/../lib/gcc/arm-none-eabi/8.3.1/../../../../arm-none-eabi/lib/thumb/v7-m/nofp\libc.a(lib_a-mprec.o)
                0x00005834                __pow5mult
 .text.__lshift
                0x000058d4       0xb4 c:/nxp/mcuxpressoide_11.1.0_3209/ide/plugins/com.nxp.mcuxpresso.tools.win32_11.1.0.201909161352/tools/bin/../lib/gcc/arm-none-eabi/8.3.1/../../../../arm-none-eabi/lib/thumb/v7-m/nofp\libc.a(lib_a-mprec.o)
                0x000058d4                __lshift
 .text.__mcmp   0x00005988       0x38 c:/nxp/mcuxpressoide_11.1.0_3209/ide/plugins/com.nxp.mcuxpresso.tools.win32_11.1.0.201909161352/tools/bin/../lib/gcc/arm-none-eabi/8.3.1/../../../../arm-none-eabi/lib/thumb/v7-m/nofp\libc.a(lib_a-mprec.o)
                0x00005988                __mcmp
 .text.__mdiff  0x000059c0      0x100 c:/nxp/mcuxpressoide_11.1.0_3209/ide/plugins/com.nxp.mcuxpresso.tools.win32_11.1.0.201909161352/tools/bin/../lib/gcc/arm-none-eabi/8.3.1/../../../../arm-none-eabi/lib/thumb/v7-m/nofp\libc.a(lib_a-mprec.o)
                0x000059c0                __mdiff
 .text.__d2b    0x00005ac0       0xac c:/nxp/mcuxpressoide_11.1.0_3209/ide/plugins/com.nxp.mcuxpresso.tools.win32_11.1.0.201909161352/tools/bin/../lib/gcc/arm-none-eabi/8.3.1/../../../../arm-none-eabi/lib/thumb/v7-m/nofp\libc.a(lib_a-mprec.o)
                0x00005ac0                __d2b
 .text.frexp    0x00005b6c       0x70 c:/nxp/mcuxpressoide_11.1.0_3209/ide/plugins/com.nxp.mcuxpresso.tools.win32_11.1.0.201909161352/tools/bin/../lib/gcc/arm-none-eabi/8.3.1/../../../../arm-none-eabi/lib/thumb/v7-m/nofp\libc.a(lib_a-s_frexp.o)
                0x00005b6c                frexp
 .text.strlen   0x00005bdc       0x5c c:/nxp/mcuxpressoide_11.1.0_3209/ide/plugins/com.nxp.mcuxpresso.tools.win32_11.1.0.201909161352/tools/bin/../lib/gcc/arm-none-eabi/8.3.1/../../../../arm-none-eabi/lib/thumb/v7-m/nofp\libc.a(lib_a-strlen-stub.o)
                0x00005bdc                strlen
 .text.strncpy  0x00005c38       0x74 c:/nxp/mcuxpressoide_11.1.0_3209/ide/plugins/com.nxp.mcuxpresso.tools.win32_11.1.0.201909161352/tools/bin/../lib/gcc/arm-none-eabi/8.3.1/../../../../arm-none-eabi/lib/thumb/v7-m/nofp\libc.a(lib_a-strncpy.o)
                0x00005c38                strncpy
 .text.__ssprint_r
                0x00005cac       0xf8 c:/nxp/mcuxpressoide_11.1.0_3209/ide/plugins/com.nxp.mcuxpresso.tools.win32_11.1.0.201909161352/tools/bin/../lib/gcc/arm-none-eabi/8.3.1/../../../../arm-none-eabi/lib/thumb/v7-m/nofp\libc.a(lib_a-svfiprintf.o)
                0x00005cac                __ssprint_r
 .text._calloc_r
                0x00005da4       0x60 c:/nxp/mcuxpressoide_11.1.0_3209/ide/plugins/com.nxp.mcuxpresso.tools.win32_11.1.0.201909161352/tools/bin/../lib/gcc/arm-none-eabi/8.3.1/../../../../arm-none-eabi/lib/thumb/v7-m/nofp\libc.a(lib_a-callocr.o)
                0x00005da4                _calloc_r
 .text.__ascii_mbtowc
                0x00005e04       0x2c c:/nxp/mcuxpressoide_11.1.0_3209/ide/plugins/com.nxp.mcuxpresso.tools.win32_11.1.0.201909161352/tools/bin/../lib/gcc/arm-none-eabi/8.3.1/../../../../arm-none-eabi/lib/thumb/v7-m/nofp\libc.a(lib_a-mbtowc_r.o)
                0x00005e04                __ascii_mbtowc
 .text.memmove  0x00005e30       0xcc c:/nxp/mcuxpressoide_11.1.0_3209/ide/plugins/com.nxp.mcuxpresso.tools.win32_11.1.0.201909161352/tools/bin/../lib/gcc/arm-none-eabi/8.3.1/../../../../arm-none-eabi/lib/thumb/v7-m/nofp\libc.a(lib_a-memmove.o)
                0x00005e30                memmove
 .text.memset   0x00005efc       0xa0 c:/nxp/mcuxpressoide_11.1.0_3209/ide/plugins/com.nxp.mcuxpresso.tools.win32_11.1.0.201909161352/tools/bin/../lib/gcc/arm-none-eabi/8.3.1/../../../../arm-none-eabi/lib/thumb/v7-m/nofp\libc.a(lib_a-memset.o)
                0x00005efc                memset
 .text._realloc_r
                0x00005f9c      0x37c c:/nxp/mcuxpressoide_11.1.0_3209/ide/plugins/com.nxp.mcuxpresso.tools.win32_11.1.0.201909161352/tools/bin/../lib/gcc/arm-none-eabi/8.3.1/../../../../arm-none-eabi/lib/thumb/v7-m/nofp\libc.a(lib_a-reallocr.o)
                0x00005f9c                _realloc_r
 .text.__ascii_wctomb
                0x00006318       0x1c c:/nxp/mcuxpressoide_11.1.0_3209/ide/plugins/com.nxp.mcuxpresso.tools.win32_11.1.0.201909161352/tools/bin/../lib/gcc/arm-none-eabi/8.3.1/../../../../arm-none-eabi/lib/thumb/v7-m/nofp\libc.a(lib_a-wctomb_r.o)
                0x00006318                __ascii_wctomb
 .text._ZdlPvj  0x00006334        0x4 c:/nxp/mcuxpressoide_11.1.0_3209/ide/plugins/com.nxp.mcuxpresso.tools.win32_11.1.0.201909161352/tools/bin/../lib/gcc/arm-none-eabi/8.3.1/../../../../arm-none-eabi/lib/thumb/v7-m/nofp\libstdc++.a(del_ops.o)
                0x00006334                operator delete(void*, unsigned int)
 .text._sbrk    0x00006338       0x3c c:/nxp/mcuxpressoide_11.1.0_3209/ide/plugins/com.nxp.mcuxpresso.tools.win32_11.1.0.201909161352/tools/bin/../lib/gcc/arm-none-eabi/8.3.1/../../../../arm-none-eabi/lib/thumb/v7-m/nofp\libcr_newlib_nohost.a(_cr_sbrk.o)
                0x00006338                _sbrk
 .text.__check_heap_overflow
                0x00006374       0x18 c:/nxp/mcuxpressoide_11.1.0_3209/ide/plugins/com.nxp.mcuxpresso.tools.win32_11.1.0.201909161352/tools/bin/../lib/gcc/arm-none-eabi/8.3.1/../../../../arm-none-eabi/lib/thumb/v7-m/nofp\libcr_newlib_nohost.a(_cr_check_heap.o)
                0x00006374                __check_heap_overflow
 .text          0x0000638c       0x40 c:/nxp/mcuxpressoide_11.1.0_3209/ide/plugins/com.nxp.mcuxpresso.tools.win32_11.1.0.201909161352/tools/bin/../lib/gcc/arm-none-eabi/8.3.1/thumb/v7-m/nofp\crtbegin.o
 .text          0x000063cc      0x378 c:/nxp/mcuxpressoide_11.1.0_3209/ide/plugins/com.nxp.mcuxpresso.tools.win32_11.1.0.201909161352/tools/bin/../lib/gcc/arm-none-eabi/8.3.1/thumb/v7-m/nofp\libgcc.a(_arm_addsubdf3.o)
                0x000063cc                __aeabi_drsub
                0x000063d4                __aeabi_dsub
                0x000063d4                __subdf3
                0x000063d8                __aeabi_dadd
                0x000063d8                __adddf3
                0x00006650                __floatunsidf
                0x00006650                __aeabi_ui2d
                0x00006670                __floatsidf
                0x00006670                __aeabi_i2d
                0x00006694                __aeabi_f2d
                0x00006694                __extendsfdf2
                0x000066d8                __floatundidf
                0x000066d8                __aeabi_ul2d
                0x000066e8                __floatdidf
                0x000066e8                __aeabi_l2d
 .text          0x00006744      0x424 c:/nxp/mcuxpressoide_11.1.0_3209/ide/plugins/com.nxp.mcuxpresso.tools.win32_11.1.0.201909161352/tools/bin/../lib/gcc/arm-none-eabi/8.3.1/thumb/v7-m/nofp\libgcc.a(_arm_muldivdf3.o)
                0x00006744                __aeabi_dmul
                0x00006744                __muldf3
                0x00006998                __divdf3
                0x00006998                __aeabi_ddiv
 .text          0x00006b68      0x110 c:/nxp/mcuxpressoide_11.1.0_3209/ide/plugins/com.nxp.mcuxpresso.tools.win32_11.1.0.201909161352/tools/bin/../lib/gcc/arm-none-eabi/8.3.1/thumb/v7-m/nofp\libgcc.a(_arm_cmpdf2.o)
                0x00006b68                __gtdf2
                0x00006b68                __gedf2
                0x00006b70                __ltdf2
                0x00006b70                __ledf2
                0x00006b78                __nedf2
                0x00006b78                __eqdf2
                0x00006b78                __cmpdf2
                0x00006bf4                __aeabi_cdrcmple
                0x00006c04                __aeabi_cdcmpeq
                0x00006c04                __aeabi_cdcmple
                0x00006c14                __aeabi_dcmpeq
                0x00006c28                __aeabi_dcmplt
                0x00006c3c                __aeabi_dcmple
                0x00006c50                __aeabi_dcmpge
                0x00006c64                __aeabi_dcmpgt
 .text          0x00006c78       0x2c c:/nxp/mcuxpressoide_11.1.0_3209/ide/plugins/com.nxp.mcuxpresso.tools.win32_11.1.0.201909161352/tools/bin/../lib/gcc/arm-none-eabi/8.3.1/thumb/v7-m/nofp\libgcc.a(_arm_unorddf2.o)
                0x00006c78                __unorddf2
                0x00006c78                __aeabi_dcmpun
 .text          0x00006ca4       0x50 c:/nxp/mcuxpressoide_11.1.0_3209/ide/plugins/com.nxp.mcuxpresso.tools.win32_11.1.0.201909161352/tools/bin/../lib/gcc/arm-none-eabi/8.3.1/thumb/v7-m/nofp\libgcc.a(_arm_fixdfsi.o)
                0x00006ca4                __aeabi_d2iz
                0x00006ca4                __fixdfsi
 .text.__errno  0x00006cf4        0xc c:/nxp/mcuxpressoide_11.1.0_3209/ide/plugins/com.nxp.mcuxpresso.tools.win32_11.1.0.201909161352/tools/bin/../lib/gcc/arm-none-eabi/8.3.1/../../../../arm-none-eabi/lib/thumb/v7-m/nofp\libc.a(lib_a-errno.o)
                0x00006cf4                __errno
 *(.rodata .rodata.* .constdata .constdata.*)
 .rodata.main.str1.4
                0x00006d00        0xf ./src/exercise5.2.o
 *fill*         0x00006d0f        0x1 ff
 .rodata._ZTV12DigitalIoPin
                0x00006d10       0x10 C:\Users\Rasmus\Documents\MCUXpressoIDE_11.1.0_3209\workspace\my_lib\Debug\libmy_lib.a(DigitalIoPin.o)
                0x00006d10                vtable for DigitalIoPin
 .rodata        0x00006d20       0x10 C:\Users\Rasmus\Documents\MCUXpressoIDE_11.1.0_3209\workspace\my_lib\Debug\libmy_lib.a(LiquidCrystal.o)
 .rodata._ZTV13LiquidCrystal
                0x00006d30        0xc C:\Users\Rasmus\Documents\MCUXpressoIDE_11.1.0_3209\workspace\my_lib\Debug\libmy_lib.a(LiquidCrystal.o)
                0x00006d30                vtable for LiquidCrystal
 .rodata._ZTV13RealTimeClock
                0x00006d3c       0x14 C:\Users\Rasmus\Documents\MCUXpressoIDE_11.1.0_3209\workspace\my_lib\Debug\libmy_lib.a(RealTimeClock.o)
                0x00006d3c                vtable for RealTimeClock
 .rodata._ZTV7Sleeper
                0x00006d50       0x14 C:\Users\Rasmus\Documents\MCUXpressoIDE_11.1.0_3209\workspace\my_lib\Debug\libmy_lib.a(Sleeper.o)
                0x00006d50                vtable for Sleeper
 .rodata.OscRateIn
                0x00006d64        0x4 C:\Users\Rasmus\Documents\MCUXpressoIDE_11.1.0_3209\workspace\lpc_board_nxp_lpcxpresso_1549\Debug\liblpc_board_nxp_lpcxpresso_1549.a(board.o)
                0x00006d64                OscRateIn
 .rodata.RTCOscRateIn
                0x00006d68        0x4 C:\Users\Rasmus\Documents\MCUXpressoIDE_11.1.0_3209\workspace\lpc_board_nxp_lpcxpresso_1549\Debug\liblpc_board_nxp_lpcxpresso_1549.a(board.o)
                0x00006d68                RTCOscRateIn
 .rodata.ledpins
                0x00006d6c        0x3 C:\Users\Rasmus\Documents\MCUXpressoIDE_11.1.0_3209\workspace\lpc_board_nxp_lpcxpresso_1549\Debug\liblpc_board_nxp_lpcxpresso_1549.a(board.o)
 *fill*         0x00006d6f        0x1 ff
 .rodata.ledports
                0x00006d70        0x3 C:\Users\Rasmus\Documents\MCUXpressoIDE_11.1.0_3209\workspace\lpc_board_nxp_lpcxpresso_1549\Debug\liblpc_board_nxp_lpcxpresso_1549.a(board.o)
 *fill*         0x00006d73        0x1 ff
 .rodata.ioconSetup
                0x00006d74       0x74 C:\Users\Rasmus\Documents\MCUXpressoIDE_11.1.0_3209\workspace\lpc_board_nxp_lpcxpresso_1549\Debug\liblpc_board_nxp_lpcxpresso_1549.a(board_sysinit.o)
 .rodata.swmSetup
                0x00006de8        0x6 C:\Users\Rasmus\Documents\MCUXpressoIDE_11.1.0_3209\workspace\lpc_board_nxp_lpcxpresso_1549\Debug\liblpc_board_nxp_lpcxpresso_1549.a(board_sysinit.o)
 *fill*         0x00006dee        0x2 ff
 .rodata._svfprintf_r.str1.4
                0x00006df0       0x42 c:/nxp/mcuxpressoide_11.1.0_3209/ide/plugins/com.nxp.mcuxpresso.tools.win32_11.1.0.201909161352/tools/bin/../lib/gcc/arm-none-eabi/8.3.1/../../../../arm-none-eabi/lib/thumb/v7-m/nofp\libc.a(lib_a-svfprintf.o)
 *fill*         0x00006e32        0x2 ff
 .rodata.blanks.7355
                0x00006e34       0x10 c:/nxp/mcuxpressoide_11.1.0_3209/ide/plugins/com.nxp.mcuxpresso.tools.win32_11.1.0.201909161352/tools/bin/../lib/gcc/arm-none-eabi/8.3.1/../../../../arm-none-eabi/lib/thumb/v7-m/nofp\libc.a(lib_a-svfprintf.o)
 .rodata.zeroes.7356
                0x00006e44       0x10 c:/nxp/mcuxpressoide_11.1.0_3209/ide/plugins/com.nxp.mcuxpresso.tools.win32_11.1.0.201909161352/tools/bin/../lib/gcc/arm-none-eabi/8.3.1/../../../../arm-none-eabi/lib/thumb/v7-m/nofp\libc.a(lib_a-svfprintf.o)
 .rodata._dtoa_r.str1.4
                0x00006e54        0xd c:/nxp/mcuxpressoide_11.1.0_3209/ide/plugins/com.nxp.mcuxpresso.tools.win32_11.1.0.201909161352/tools/bin/../lib/gcc/arm-none-eabi/8.3.1/../../../../arm-none-eabi/lib/thumb/v7-m/nofp\libc.a(lib_a-dtoa.o)
                                 0x12 (size before relaxing)
 *fill*         0x00006e61        0x7 ff
 .rodata.__mprec_bigtens
                0x00006e68       0x28 c:/nxp/mcuxpressoide_11.1.0_3209/ide/plugins/com.nxp.mcuxpresso.tools.win32_11.1.0.201909161352/tools/bin/../lib/gcc/arm-none-eabi/8.3.1/../../../../arm-none-eabi/lib/thumb/v7-m/nofp\libc.a(lib_a-mprec.o)
                0x00006e68                __mprec_bigtens
 .rodata.__mprec_tens
                0x00006e90       0xc8 c:/nxp/mcuxpressoide_11.1.0_3209/ide/plugins/com.nxp.mcuxpresso.tools.win32_11.1.0.201909161352/tools/bin/../lib/gcc/arm-none-eabi/8.3.1/../../../../arm-none-eabi/lib/thumb/v7-m/nofp\libc.a(lib_a-mprec.o)
                0x00006e90                __mprec_tens
 .rodata.p05.6125
                0x00006f58        0xc c:/nxp/mcuxpressoide_11.1.0_3209/ide/plugins/com.nxp.mcuxpresso.tools.win32_11.1.0.201909161352/tools/bin/../lib/gcc/arm-none-eabi/8.3.1/../../../../arm-none-eabi/lib/thumb/v7-m/nofp\libc.a(lib_a-mprec.o)
 .rodata._setlocale_r.str1.4
                0x00006f64        0xa c:/nxp/mcuxpressoide_11.1.0_3209/ide/plugins/com.nxp.mcuxpresso.tools.win32_11.1.0.201909161352/tools/bin/../lib/gcc/arm-none-eabi/8.3.1/../../../../arm-none-eabi/lib/thumb/v7-m/nofp\libc.a(lib_a-locale.o)
                                  0xd (size before relaxing)
 *fill*         0x00006f6e        0x2 ff
 .rodata.str1.4
                0x00006f70        0x4 c:/nxp/mcuxpressoide_11.1.0_3209/ide/plugins/com.nxp.mcuxpresso.tools.win32_11.1.0.201909161352/tools/bin/../lib/gcc/arm-none-eabi/8.3.1/../../../../arm-none-eabi/lib/thumb/v7-m/nofp\libc.a(lib_a-locale.o)
                                  0x2 (size before relaxing)
 .rodata._ctype_
                0x00006f74      0x101 c:/nxp/mcuxpressoide_11.1.0_3209/ide/plugins/com.nxp.mcuxpresso.tools.win32_11.1.0.201909161352/tools/bin/../lib/gcc/arm-none-eabi/8.3.1/../../../../arm-none-eabi/lib/thumb/v7-m/nofp\libc.a(lib_a-ctype_.o)
                0x00006f74                _ctype_
                0x00007078                . = ALIGN (0x4)
 *fill*         0x00007075        0x3 ff
                0x00007078                . = ALIGN (0x4)
 *(.init)
 .init          0x00007078        0x4 c:/nxp/mcuxpressoide_11.1.0_3209/ide/plugins/com.nxp.mcuxpresso.tools.win32_11.1.0.201909161352/tools/bin/../lib/gcc/arm-none-eabi/8.3.1/thumb/v7-m/nofp\crti.o
                0x00007078                _init
 .init          0x0000707c        0x8 c:/nxp/mcuxpressoide_11.1.0_3209/ide/plugins/com.nxp.mcuxpresso.tools.win32_11.1.0.201909161352/tools/bin/../lib/gcc/arm-none-eabi/8.3.1/thumb/v7-m/nofp\crtn.o
                0x00007084                . = ALIGN (0x4)
                0x00007084                __preinit_array_start = .
 *(.preinit_array)
                0x00007084                __preinit_array_end = .
                0x00007084                . = ALIGN (0x4)
                0x00007084                __init_array_start = .
 *(SORT_BY_NAME(.init_array.*))
 *(.init_array)
 .init_array    0x00007084        0x4 c:/nxp/mcuxpressoide_11.1.0_3209/ide/plugins/com.nxp.mcuxpresso.tools.win32_11.1.0.201909161352/tools/bin/../lib/gcc/arm-none-eabi/8.3.1/thumb/v7-m/nofp\crtbegin.o
                0x00007088                __init_array_end = .
 *(.fini)
 .fini          0x00007088        0x4 c:/nxp/mcuxpressoide_11.1.0_3209/ide/plugins/com.nxp.mcuxpresso.tools.win32_11.1.0.201909161352/tools/bin/../lib/gcc/arm-none-eabi/8.3.1/thumb/v7-m/nofp\crti.o
                0x00007088                _fini
 .fini          0x0000708c        0x8 c:/nxp/mcuxpressoide_11.1.0_3209/ide/plugins/com.nxp.mcuxpresso.tools.win32_11.1.0.201909161352/tools/bin/../lib/gcc/arm-none-eabi/8.3.1/thumb/v7-m/nofp\crtn.o
                0x00007094                . = ALIGN (0x4)
 *crtbegin.o(.ctors)
 *(EXCLUDE_FILE(*crtend.o) .ctors)
 *(SORT_BY_NAME(.ctors.*))
 *crtend.o(.ctors)
                0x00007094                . = ALIGN (0x4)
 *crtbegin.o(.dtors)
 *(EXCLUDE_FILE(*crtend.o) .dtors)
 *(SORT_BY_NAME(.dtors.*))
 *crtend.o(.dtors)
                0x00007094                . = ALIGN (0x4)

.glue_7         0x00007094        0x0
 .glue_7        0x00007094        0x0 linker stubs

.glue_7t        0x00007094        0x0
 .glue_7t       0x00007094        0x0 linker stubs

.vfp11_veneer   0x00007094        0x0
 .vfp11_veneer  0x00007094        0x0 linker stubs

.v4_bx          0x00007094        0x0
 .v4_bx         0x00007094        0x0 linker stubs

.iplt           0x00007094        0x0
 .iplt          0x00007094        0x0 ./src/cr_cpp_config.o

.ARM.extab
 *(.ARM.extab* .gnu.linkonce.armextab.*)
                0x00007094                __exidx_start = .

.ARM.exidx      0x00007094        0x8
 *(.ARM.exidx* .gnu.linkonce.armexidx.*)
 .ARM.exidx     0x00007094        0x8 c:/nxp/mcuxpressoide_11.1.0_3209/ide/plugins/com.nxp.mcuxpresso.tools.win32_11.1.0.201909161352/tools/bin/../lib/gcc/arm-none-eabi/8.3.1/thumb/v7-m/nofp\libgcc.a(_udivmoddi4.o)
 .ARM.exidx.text._ZdlPvj
                0x0000709c        0x0 c:/nxp/mcuxpressoide_11.1.0_3209/ide/plugins/com.nxp.mcuxpresso.tools.win32_11.1.0.201909161352/tools/bin/../lib/gcc/arm-none-eabi/8.3.1/../../../../arm-none-eabi/lib/thumb/v7-m/nofp\libstdc++.a(del_ops.o)
                                  0x8 (size before relaxing)
                0x0000709c                __exidx_end = .
                0x0000709c                _etext = .

.rel.dyn        0x0000709c        0x0
 .rel.iplt      0x0000709c        0x0 ./src/cr_cpp_config.o

.eh_frame       0x0000709c        0x0
 .eh_frame      0x0000709c        0x0 c:/nxp/mcuxpressoide_11.1.0_3209/ide/plugins/com.nxp.mcuxpresso.tools.win32_11.1.0.201909161352/tools/bin/../lib/gcc/arm-none-eabi/8.3.1/thumb/v7-m/nofp\crtbegin.o

.data_RAM2      0x02008000        0x0 load address 0x0000709c
 FILL mask 0xff
                [!provide]                PROVIDE (__start_data_RAM2 = .)
                [!provide]                PROVIDE (__start_data_Ram2_4 = .)
 *(.ramfunc.$RAM2)
 *(.ramfunc.$Ram2_4)
 *(.data.$RAM2)
 *(.data.$Ram2_4)
 *(.data.$RAM2.*)
 *(.data.$Ram2_4.*)
                0x02008000                . = ALIGN (0x4)
                [!provide]                PROVIDE (__end_data_RAM2 = .)
                [!provide]                PROVIDE (__end_data_Ram2_4 = .)

.uninit_RESERVED
                0x02000000        0x0
                0x02000000                _start_uninit_RESERVED = .
 *(.bss.$RESERVED*)
                0x02000000                . = ALIGN (0x4)
                0x02000000                _end_uninit_RESERVED = .

.data           0x02000000      0x9ac load address 0x0000709c
 FILL mask 0xff
                0x02000000                _data = .
                [!provide]                PROVIDE (__start_data_RAM = .)
                [!provide]                PROVIDE (__start_data_Ram0_16_32 = .)
 *(vtable)
 *(.ramfunc*)
 *(CodeQuickAccess)
 *(DataQuickAccess)
 *(RamFunction)
 *(.data*)
 .data.__malloc_av_
                0x02000000      0x408 c:/nxp/mcuxpressoide_11.1.0_3209/ide/plugins/com.nxp.mcuxpresso.tools.win32_11.1.0.201909161352/tools/bin/../lib/gcc/arm-none-eabi/8.3.1/../../../../arm-none-eabi/lib/thumb/v7-m/nofp\libc.a(lib_a-mallocr.o)
                0x02000000                __malloc_av_
 .data.__malloc_sbrk_base
                0x02000408        0x4 c:/nxp/mcuxpressoide_11.1.0_3209/ide/plugins/com.nxp.mcuxpresso.tools.win32_11.1.0.201909161352/tools/bin/../lib/gcc/arm-none-eabi/8.3.1/../../../../arm-none-eabi/lib/thumb/v7-m/nofp\libc.a(lib_a-mallocr.o)
                0x02000408                __malloc_sbrk_base
 .data.__malloc_trim_threshold
                0x0200040c        0x4 c:/nxp/mcuxpressoide_11.1.0_3209/ide/plugins/com.nxp.mcuxpresso.tools.win32_11.1.0.201909161352/tools/bin/../lib/gcc/arm-none-eabi/8.3.1/../../../../arm-none-eabi/lib/thumb/v7-m/nofp\libc.a(lib_a-mallocr.o)
                0x0200040c                __malloc_trim_threshold
 .data._impure_ptr
                0x02000410        0x4 c:/nxp/mcuxpressoide_11.1.0_3209/ide/plugins/com.nxp.mcuxpresso.tools.win32_11.1.0.201909161352/tools/bin/../lib/gcc/arm-none-eabi/8.3.1/../../../../arm-none-eabi/lib/thumb/v7-m/nofp\libc.a(lib_a-impure.o)
                0x02000410                _impure_ptr
 *fill*         0x02000414        0x4 ff
 .data.impure_data
                0x02000418      0x428 c:/nxp/mcuxpressoide_11.1.0_3209/ide/plugins/com.nxp.mcuxpresso.tools.win32_11.1.0.201909161352/tools/bin/../lib/gcc/arm-none-eabi/8.3.1/../../../../arm-none-eabi/lib/thumb/v7-m/nofp\libc.a(lib_a-impure.o)
 .data.__global_locale
                0x02000840      0x16c c:/nxp/mcuxpressoide_11.1.0_3209/ide/plugins/com.nxp.mcuxpresso.tools.win32_11.1.0.201909161352/tools/bin/../lib/gcc/arm-none-eabi/8.3.1/../../../../arm-none-eabi/lib/thumb/v7-m/nofp\libc.a(lib_a-locale.o)
                0x02000840                __global_locale
                0x020009ac                . = ALIGN (0x4)
                0x020009ac                _edata = .
                [!provide]                PROVIDE (__end_data_RAM = .)
                [!provide]                PROVIDE (__end_data_Ram0_16_32 = .)

.igot.plt       0x020009ac        0x0 load address 0x00007a48
 .igot.plt      0x020009ac        0x0 ./src/cr_cpp_config.o

.bss_RAM2       0x02008000        0x0
                [!provide]                PROVIDE (__start_bss_RAM2 = .)
                [!provide]                PROVIDE (__start_bss_Ram2_4 = .)
 *(.bss.$RAM2)
 *(.bss.$Ram2_4)
 *(.bss.$RAM2.*)
 *(.bss.$Ram2_4.*)
                0x02008000                . = ALIGN ((. != 0x0)?0x4:0x1)
                [!provide]                PROVIDE (__end_bss_RAM2 = .)
                [!provide]                PROVIDE (__end_bss_Ram2_4 = .)

.bss            0x020009ac       0x84
                0x020009ac                _bss = .
                [!provide]                PROVIDE (__start_bss_RAM = .)
                [!provide]                PROVIDE (__start_bss_Ram0_16_32 = .)
 *(.bss*)
 .bss._ZL3rtc   0x020009ac        0x4 C:\Users\Rasmus\Documents\MCUXpressoIDE_11.1.0_3209\workspace\my_lib\Debug\libmy_lib.a(Sleeper.o)
 .bss.__malloc_current_mallinfo
                0x020009b0       0x28 c:/nxp/mcuxpressoide_11.1.0_3209/ide/plugins/com.nxp.mcuxpresso.tools.win32_11.1.0.201909161352/tools/bin/../lib/gcc/arm-none-eabi/8.3.1/../../../../arm-none-eabi/lib/thumb/v7-m/nofp\libc.a(lib_a-mallocr.o)
                0x020009b0                __malloc_current_mallinfo
 .bss.__malloc_max_sbrked_mem
                0x020009d8        0x4 c:/nxp/mcuxpressoide_11.1.0_3209/ide/plugins/com.nxp.mcuxpresso.tools.win32_11.1.0.201909161352/tools/bin/../lib/gcc/arm-none-eabi/8.3.1/../../../../arm-none-eabi/lib/thumb/v7-m/nofp\libc.a(lib_a-mallocr.o)
                0x020009d8                __malloc_max_sbrked_mem
 .bss.__malloc_max_total_mem
                0x020009dc        0x4 c:/nxp/mcuxpressoide_11.1.0_3209/ide/plugins/com.nxp.mcuxpresso.tools.win32_11.1.0.201909161352/tools/bin/../lib/gcc/arm-none-eabi/8.3.1/../../../../arm-none-eabi/lib/thumb/v7-m/nofp\libc.a(lib_a-mallocr.o)
                0x020009dc                __malloc_max_total_mem
 .bss.__malloc_top_pad
                0x020009e0        0x4 c:/nxp/mcuxpressoide_11.1.0_3209/ide/plugins/com.nxp.mcuxpresso.tools.win32_11.1.0.201909161352/tools/bin/../lib/gcc/arm-none-eabi/8.3.1/../../../../arm-none-eabi/lib/thumb/v7-m/nofp\libc.a(lib_a-mallocr.o)
                0x020009e0                __malloc_top_pad
 .bss.__end_of_heap
                0x020009e4        0x4 c:/nxp/mcuxpressoide_11.1.0_3209/ide/plugins/com.nxp.mcuxpresso.tools.win32_11.1.0.201909161352/tools/bin/../lib/gcc/arm-none-eabi/8.3.1/../../../../arm-none-eabi/lib/thumb/v7-m/nofp\libcr_newlib_nohost.a(_cr_sbrk.o)
                0x020009e4                __end_of_heap
 .bss           0x020009e8       0x1c c:/nxp/mcuxpressoide_11.1.0_3209/ide/plugins/com.nxp.mcuxpresso.tools.win32_11.1.0.201909161352/tools/bin/../lib/gcc/arm-none-eabi/8.3.1/thumb/v7-m/nofp\crtbegin.o
 *(COMMON)
 COMMON         0x02000a04        0x4 C:\Users\Rasmus\Documents\MCUXpressoIDE_11.1.0_3209\workspace\lpc_chip_15xx\Debug\liblpc_chip_15xx.a(chip_15xx.o)
                0x02000a04                SystemCoreClock
 COMMON         0x02000a08       0x21 c:/nxp/mcuxpressoide_11.1.0_3209/ide/plugins/com.nxp.mcuxpresso.tools.win32_11.1.0.201909161352/tools/bin/../lib/gcc/arm-none-eabi/8.3.1/../../../../arm-none-eabi/lib/thumb/v7-m/nofp\libc.a(lib_a-lock.o)
                0x02000a08                __lock___atexit_recursive_mutex
                0x02000a0c                __lock___arc4random_mutex
                0x02000a10                __lock___env_recursive_mutex
                0x02000a14                __lock___sinit_recursive_mutex
                0x02000a18                __lock___malloc_recursive_mutex
                0x02000a1c                __lock___at_quick_exit_mutex
                0x02000a20                __lock___dd_hash_mutex
                0x02000a24                __lock___tz_mutex
                0x02000a28                __lock___sfp_recursive_mutex
 *fill*         0x02000a29        0x3 
 COMMON         0x02000a2c        0x4 c:/nxp/mcuxpressoide_11.1.0_3209/ide/plugins/com.nxp.mcuxpresso.tools.win32_11.1.0.201909161352/tools/bin/../lib/gcc/arm-none-eabi/8.3.1/../../../../arm-none-eabi/lib/thumb/v7-m/nofp\libc.a(lib_a-reent.o)
                0x02000a2c                errno
                0x02000a30                . = ALIGN (0x4)
                0x02000a30                _ebss = .
                [!provide]                PROVIDE (__end_bss_RAM = .)
                [!provide]                PROVIDE (__end_bss_Ram0_16_32 = .)
                [!provide]                PROVIDE (end = .)

.noinit_RAM2    0x02008000        0x0
                [!provide]                PROVIDE (__start_noinit_RAM2 = .)
                [!provide]                PROVIDE (__start_noinit_Ram2_4 = .)
 *(.noinit.$RAM2)
 *(.noinit.$Ram2_4)
 *(.noinit.$RAM2.*)
 *(.noinit.$Ram2_4.*)
                0x02008000                . = ALIGN (0x4)
                [!provide]                PROVIDE (__end_noinit_RAM2 = .)
                [!provide]                PROVIDE (__end_noinit_Ram2_4 = .)

.noinit         0x02000a30        0x0
                0x02000a30                _noinit = .
                [!provide]                PROVIDE (__start_noinit_RAM = .)
                [!provide]                PROVIDE (__start_noinit_Ram0_16_32 = .)
 *(.noinit*)
                0x02000a30                . = ALIGN (0x4)
                0x02000a30                _end_noinit = .
                [!provide]                PROVIDE (__end_noinit_RAM = .)
                [!provide]                PROVIDE (__end_noinit_Ram0_16_32 = .)
                0x02000a30                PROVIDE (_pvHeapStart = DEFINED (__user_heap_base)?__user_heap_base:.)
                0x02008000                PROVIDE (_vStackTop = DEFINED (__user_stack_top)?__user_stack_top:(__top_Ram0_16_32 - 0x0))
                0xfdff735a                PROVIDE (__valid_user_code_checksum = (0x0 - ((((((_vStackTop + (ResetISR + 0x1)) + (NMI_Handler + 0x1)) + (HardFault_Handler + 0x1)) + (DEFINED (MemManage_Handler)?MemManage_Handler:0x0 + 0x1)) + (DEFINED (BusFault_Handler)?BusFault_Handler:0x0 + 0x1)) + (DEFINED (UsageFault_Handler)?UsageFault_Handler:0x0 + 0x1))))
                0x00000000                _image_start = LOADADDR (.text)
                0x00007a48                _image_end = (LOADADDR (.data) + SIZEOF (.data))
                0x00007a48                _image_size = (_image_end - _image_start)
OUTPUT(exercise5.2.axf elf32-littlearm)

.debug_info     0x00000000    0x1c8bf
 .debug_info    0x00000000     0x1282 ./src/cr_cpp_config.o
 .debug_info    0x00001282      0x2a0 ./src/cr_startup_lpc15xx.o
 .debug_info    0x00001522       0x40 ./src/crp.o
 .debug_info    0x00001562     0x3aeb ./src/exercise5.2.o
 .debug_info    0x0000504d      0x9fc ./src/sysinit.o
 .debug_info    0x00005a49      0xf5f C:\Users\Rasmus\Documents\MCUXpressoIDE_11.1.0_3209\workspace\my_lib\Debug\libmy_lib.a(DigitalIoPin.o)
 .debug_info    0x000069a8     0x63a9 C:\Users\Rasmus\Documents\MCUXpressoIDE_11.1.0_3209\workspace\my_lib\Debug\libmy_lib.a(LiquidCrystal.o)
 .debug_info    0x0000cd51     0x64a9 C:\Users\Rasmus\Documents\MCUXpressoIDE_11.1.0_3209\workspace\my_lib\Debug\libmy_lib.a(RealTimeClock.o)
 .debug_info    0x000131fa     0x24a2 C:\Users\Rasmus\Documents\MCUXpressoIDE_11.1.0_3209\workspace\my_lib\Debug\libmy_lib.a(Sleeper.o)
 .debug_info    0x0001569c      0x348 C:\Users\Rasmus\Documents\MCUXpressoIDE_11.1.0_3209\workspace\my_lib\Debug\libmy_lib.a(Imutex.o)
 .debug_info    0x000159e4      0xca8 C:\Users\Rasmus\Documents\MCUXpressoIDE_11.1.0_3209\workspace\lpc_board_nxp_lpcxpresso_1549\Debug\liblpc_board_nxp_lpcxpresso_1549.a(board.o)
 .debug_info    0x0001668c      0xe7d C:\Users\Rasmus\Documents\MCUXpressoIDE_11.1.0_3209\workspace\lpc_board_nxp_lpcxpresso_1549\Debug\liblpc_board_nxp_lpcxpresso_1549.a(board_sysinit.o)
 .debug_info    0x00017509      0xa58 C:\Users\Rasmus\Documents\MCUXpressoIDE_11.1.0_3209\workspace\lpc_chip_15xx\Debug\liblpc_chip_15xx.a(chip_15xx.o)
 .debug_info    0x00017f61      0xe4e C:\Users\Rasmus\Documents\MCUXpressoIDE_11.1.0_3209\workspace\lpc_chip_15xx\Debug\liblpc_chip_15xx.a(clock_15xx.o)
 .debug_info    0x00018daf      0x6e5 C:\Users\Rasmus\Documents\MCUXpressoIDE_11.1.0_3209\workspace\lpc_chip_15xx\Debug\liblpc_chip_15xx.a(gpio_15xx.o)
 .debug_info    0x00019494      0x2b0 C:\Users\Rasmus\Documents\MCUXpressoIDE_11.1.0_3209\workspace\lpc_chip_15xx\Debug\liblpc_chip_15xx.a(iocon_15xx.o)
 .debug_info    0x00019744      0x67b C:\Users\Rasmus\Documents\MCUXpressoIDE_11.1.0_3209\workspace\lpc_chip_15xx\Debug\liblpc_chip_15xx.a(ritimer_15xx.o)
 .debug_info    0x00019dbf      0x6af C:\Users\Rasmus\Documents\MCUXpressoIDE_11.1.0_3209\workspace\lpc_chip_15xx\Debug\liblpc_chip_15xx.a(swm_15xx.o)
 .debug_info    0x0001a46e      0x816 C:\Users\Rasmus\Documents\MCUXpressoIDE_11.1.0_3209\workspace\lpc_chip_15xx\Debug\liblpc_chip_15xx.a(sysctl_15xx.o)
 .debug_info    0x0001ac84      0x7f0 C:\Users\Rasmus\Documents\MCUXpressoIDE_11.1.0_3209\workspace\lpc_chip_15xx\Debug\liblpc_chip_15xx.a(sysinit_15xx.o)
 .debug_info    0x0001b474      0x9e2 C:\Users\Rasmus\Documents\MCUXpressoIDE_11.1.0_3209\workspace\lpc_chip_15xx\Debug\liblpc_chip_15xx.a(uart_15xx.o)
 .debug_info    0x0001be56      0x9f8 c:/nxp/mcuxpressoide_11.1.0_3209/ide/plugins/com.nxp.mcuxpresso.tools.win32_11.1.0.201909161352/tools/bin/../lib/gcc/arm-none-eabi/8.3.1/../../../../arm-none-eabi/lib/thumb/v7-m/nofp\libcr_newlib_nohost.a(_cr_sbrk.o)
 .debug_info    0x0001c84e       0x71 c:/nxp/mcuxpressoide_11.1.0_3209/ide/plugins/com.nxp.mcuxpresso.tools.win32_11.1.0.201909161352/tools/bin/../lib/gcc/arm-none-eabi/8.3.1/../../../../arm-none-eabi/lib/thumb/v7-m/nofp\libcr_newlib_nohost.a(_cr_check_heap.o)

.debug_abbrev   0x00000000     0x4429
 .debug_abbrev  0x00000000      0x378 ./src/cr_cpp_config.o
 .debug_abbrev  0x00000378      0x11a ./src/cr_startup_lpc15xx.o
 .debug_abbrev  0x00000492       0x38 ./src/crp.o
 .debug_abbrev  0x000004ca      0x6d7 ./src/exercise5.2.o
 .debug_abbrev  0x00000ba1      0x1d9 ./src/sysinit.o
 .debug_abbrev  0x00000d7a      0x363 C:\Users\Rasmus\Documents\MCUXpressoIDE_11.1.0_3209\workspace\my_lib\Debug\libmy_lib.a(DigitalIoPin.o)
 .debug_abbrev  0x000010dd      0x901 C:\Users\Rasmus\Documents\MCUXpressoIDE_11.1.0_3209\workspace\my_lib\Debug\libmy_lib.a(LiquidCrystal.o)
 .debug_abbrev  0x000019de      0x92c C:\Users\Rasmus\Documents\MCUXpressoIDE_11.1.0_3209\workspace\my_lib\Debug\libmy_lib.a(RealTimeClock.o)
 .debug_abbrev  0x0000230a      0x6ab C:\Users\Rasmus\Documents\MCUXpressoIDE_11.1.0_3209\workspace\my_lib\Debug\libmy_lib.a(Sleeper.o)
 .debug_abbrev  0x000029b5      0x1de C:\Users\Rasmus\Documents\MCUXpressoIDE_11.1.0_3209\workspace\my_lib\Debug\libmy_lib.a(Imutex.o)
 .debug_abbrev  0x00002b93      0x26e C:\Users\Rasmus\Documents\MCUXpressoIDE_11.1.0_3209\workspace\lpc_board_nxp_lpcxpresso_1549\Debug\liblpc_board_nxp_lpcxpresso_1549.a(board.o)
 .debug_abbrev  0x00002e01      0x27e C:\Users\Rasmus\Documents\MCUXpressoIDE_11.1.0_3209\workspace\lpc_board_nxp_lpcxpresso_1549\Debug\liblpc_board_nxp_lpcxpresso_1549.a(board_sysinit.o)
 .debug_abbrev  0x0000307f      0x1ff C:\Users\Rasmus\Documents\MCUXpressoIDE_11.1.0_3209\workspace\lpc_chip_15xx\Debug\liblpc_chip_15xx.a(chip_15xx.o)
 .debug_abbrev  0x0000327e      0x2fd C:\Users\Rasmus\Documents\MCUXpressoIDE_11.1.0_3209\workspace\lpc_chip_15xx\Debug\liblpc_chip_15xx.a(clock_15xx.o)
 .debug_abbrev  0x0000357b      0x1b6 C:\Users\Rasmus\Documents\MCUXpressoIDE_11.1.0_3209\workspace\lpc_chip_15xx\Debug\liblpc_chip_15xx.a(gpio_15xx.o)
 .debug_abbrev  0x00003731      0x16c C:\Users\Rasmus\Documents\MCUXpressoIDE_11.1.0_3209\workspace\lpc_chip_15xx\Debug\liblpc_chip_15xx.a(iocon_15xx.o)
 .debug_abbrev  0x0000389d      0x1b4 C:\Users\Rasmus\Documents\MCUXpressoIDE_11.1.0_3209\workspace\lpc_chip_15xx\Debug\liblpc_chip_15xx.a(ritimer_15xx.o)
 .debug_abbrev  0x00003a51      0x198 C:\Users\Rasmus\Documents\MCUXpressoIDE_11.1.0_3209\workspace\lpc_chip_15xx\Debug\liblpc_chip_15xx.a(swm_15xx.o)
 .debug_abbrev  0x00003be9      0x169 C:\Users\Rasmus\Documents\MCUXpressoIDE_11.1.0_3209\workspace\lpc_chip_15xx\Debug\liblpc_chip_15xx.a(sysctl_15xx.o)
 .debug_abbrev  0x00003d52      0x1f2 C:\Users\Rasmus\Documents\MCUXpressoIDE_11.1.0_3209\workspace\lpc_chip_15xx\Debug\liblpc_chip_15xx.a(sysinit_15xx.o)
 .debug_abbrev  0x00003f44      0x230 C:\Users\Rasmus\Documents\MCUXpressoIDE_11.1.0_3209\workspace\lpc_chip_15xx\Debug\liblpc_chip_15xx.a(uart_15xx.o)
 .debug_abbrev  0x00004174      0x24a c:/nxp/mcuxpressoide_11.1.0_3209/ide/plugins/com.nxp.mcuxpresso.tools.win32_11.1.0.201909161352/tools/bin/../lib/gcc/arm-none-eabi/8.3.1/../../../../arm-none-eabi/lib/thumb/v7-m/nofp\libcr_newlib_nohost.a(_cr_sbrk.o)
 .debug_abbrev  0x000043be       0x6b c:/nxp/mcuxpressoide_11.1.0_3209/ide/plugins/com.nxp.mcuxpresso.tools.win32_11.1.0.201909161352/tools/bin/../lib/gcc/arm-none-eabi/8.3.1/../../../../arm-none-eabi/lib/thumb/v7-m/nofp\libcr_newlib_nohost.a(_cr_check_heap.o)

.debug_aranges  0x00000000      0x970
 .debug_aranges
                0x00000000       0x48 ./src/cr_cpp_config.o
 .debug_aranges
                0x00000048       0x80 ./src/cr_startup_lpc15xx.o
 .debug_aranges
                0x000000c8       0x18 ./src/crp.o
 .debug_aranges
                0x000000e0       0x28 ./src/exercise5.2.o
 .debug_aranges
                0x00000108       0x20 ./src/sysinit.o
 .debug_aranges
                0x00000128       0x68 C:\Users\Rasmus\Documents\MCUXpressoIDE_11.1.0_3209\workspace\my_lib\Debug\libmy_lib.a(DigitalIoPin.o)
 .debug_aranges
                0x00000190      0x110 C:\Users\Rasmus\Documents\MCUXpressoIDE_11.1.0_3209\workspace\my_lib\Debug\libmy_lib.a(LiquidCrystal.o)
 .debug_aranges
                0x000002a0       0x60 C:\Users\Rasmus\Documents\MCUXpressoIDE_11.1.0_3209\workspace\my_lib\Debug\libmy_lib.a(RealTimeClock.o)
 .debug_aranges
                0x00000300       0x88 C:\Users\Rasmus\Documents\MCUXpressoIDE_11.1.0_3209\workspace\my_lib\Debug\libmy_lib.a(Sleeper.o)
 .debug_aranges
                0x00000388       0x38 C:\Users\Rasmus\Documents\MCUXpressoIDE_11.1.0_3209\workspace\my_lib\Debug\libmy_lib.a(Imutex.o)
 .debug_aranges
                0x000003c0       0xd0 C:\Users\Rasmus\Documents\MCUXpressoIDE_11.1.0_3209\workspace\lpc_board_nxp_lpcxpresso_1549\Debug\liblpc_board_nxp_lpcxpresso_1549.a(board.o)
 .debug_aranges
                0x00000490       0x60 C:\Users\Rasmus\Documents\MCUXpressoIDE_11.1.0_3209\workspace\lpc_board_nxp_lpcxpresso_1549\Debug\liblpc_board_nxp_lpcxpresso_1549.a(board_sysinit.o)
 .debug_aranges
                0x000004f0       0x50 C:\Users\Rasmus\Documents\MCUXpressoIDE_11.1.0_3209\workspace\lpc_chip_15xx\Debug\liblpc_chip_15xx.a(chip_15xx.o)
 .debug_aranges
                0x00000540      0x128 C:\Users\Rasmus\Documents\MCUXpressoIDE_11.1.0_3209\workspace\lpc_chip_15xx\Debug\liblpc_chip_15xx.a(clock_15xx.o)
 .debug_aranges
                0x00000668       0x70 C:\Users\Rasmus\Documents\MCUXpressoIDE_11.1.0_3209\workspace\lpc_chip_15xx\Debug\liblpc_chip_15xx.a(gpio_15xx.o)
 .debug_aranges
                0x000006d8       0x28 C:\Users\Rasmus\Documents\MCUXpressoIDE_11.1.0_3209\workspace\lpc_chip_15xx\Debug\liblpc_chip_15xx.a(iocon_15xx.o)
 .debug_aranges
                0x00000700       0x80 C:\Users\Rasmus\Documents\MCUXpressoIDE_11.1.0_3209\workspace\lpc_chip_15xx\Debug\liblpc_chip_15xx.a(ritimer_15xx.o)
 .debug_aranges
                0x00000780       0x40 C:\Users\Rasmus\Documents\MCUXpressoIDE_11.1.0_3209\workspace\lpc_chip_15xx\Debug\liblpc_chip_15xx.a(swm_15xx.o)
 .debug_aranges
                0x000007c0       0x50 C:\Users\Rasmus\Documents\MCUXpressoIDE_11.1.0_3209\workspace\lpc_chip_15xx\Debug\liblpc_chip_15xx.a(sysctl_15xx.o)
 .debug_aranges
                0x00000810       0x58 C:\Users\Rasmus\Documents\MCUXpressoIDE_11.1.0_3209\workspace\lpc_chip_15xx\Debug\liblpc_chip_15xx.a(sysinit_15xx.o)
 .debug_aranges
                0x00000868       0xc8 C:\Users\Rasmus\Documents\MCUXpressoIDE_11.1.0_3209\workspace\lpc_chip_15xx\Debug\liblpc_chip_15xx.a(uart_15xx.o)
 .debug_aranges
                0x00000930       0x20 c:/nxp/mcuxpressoide_11.1.0_3209/ide/plugins/com.nxp.mcuxpresso.tools.win32_11.1.0.201909161352/tools/bin/../lib/gcc/arm-none-eabi/8.3.1/../../../../arm-none-eabi/lib/thumb/v7-m/nofp\libcr_newlib_nohost.a(_cr_sbrk.o)
 .debug_aranges
                0x00000950       0x20 c:/nxp/mcuxpressoide_11.1.0_3209/ide/plugins/com.nxp.mcuxpresso.tools.win32_11.1.0.201909161352/tools/bin/../lib/gcc/arm-none-eabi/8.3.1/../../../../arm-none-eabi/lib/thumb/v7-m/nofp\libcr_newlib_nohost.a(_cr_check_heap.o)

.debug_ranges   0x00000000      0x7f8
 .debug_ranges  0x00000000       0x38 ./src/cr_cpp_config.o
 .debug_ranges  0x00000038       0x70 ./src/cr_startup_lpc15xx.o
 .debug_ranges  0x000000a8       0x18 ./src/exercise5.2.o
 .debug_ranges  0x000000c0       0x10 ./src/sysinit.o
 .debug_ranges  0x000000d0       0x58 C:\Users\Rasmus\Documents\MCUXpressoIDE_11.1.0_3209\workspace\my_lib\Debug\libmy_lib.a(DigitalIoPin.o)
 .debug_ranges  0x00000128      0x100 C:\Users\Rasmus\Documents\MCUXpressoIDE_11.1.0_3209\workspace\my_lib\Debug\libmy_lib.a(LiquidCrystal.o)
 .debug_ranges  0x00000228       0x50 C:\Users\Rasmus\Documents\MCUXpressoIDE_11.1.0_3209\workspace\my_lib\Debug\libmy_lib.a(RealTimeClock.o)
 .debug_ranges  0x00000278       0x78 C:\Users\Rasmus\Documents\MCUXpressoIDE_11.1.0_3209\workspace\my_lib\Debug\libmy_lib.a(Sleeper.o)
 .debug_ranges  0x000002f0       0x28 C:\Users\Rasmus\Documents\MCUXpressoIDE_11.1.0_3209\workspace\my_lib\Debug\libmy_lib.a(Imutex.o)
 .debug_ranges  0x00000318       0xc0 C:\Users\Rasmus\Documents\MCUXpressoIDE_11.1.0_3209\workspace\lpc_board_nxp_lpcxpresso_1549\Debug\liblpc_board_nxp_lpcxpresso_1549.a(board.o)
 .debug_ranges  0x000003d8       0x50 C:\Users\Rasmus\Documents\MCUXpressoIDE_11.1.0_3209\workspace\lpc_board_nxp_lpcxpresso_1549\Debug\liblpc_board_nxp_lpcxpresso_1549.a(board_sysinit.o)
 .debug_ranges  0x00000428       0x40 C:\Users\Rasmus\Documents\MCUXpressoIDE_11.1.0_3209\workspace\lpc_chip_15xx\Debug\liblpc_chip_15xx.a(chip_15xx.o)
 .debug_ranges  0x00000468      0x118 C:\Users\Rasmus\Documents\MCUXpressoIDE_11.1.0_3209\workspace\lpc_chip_15xx\Debug\liblpc_chip_15xx.a(clock_15xx.o)
 .debug_ranges  0x00000580       0x60 C:\Users\Rasmus\Documents\MCUXpressoIDE_11.1.0_3209\workspace\lpc_chip_15xx\Debug\liblpc_chip_15xx.a(gpio_15xx.o)
 .debug_ranges  0x000005e0       0x18 C:\Users\Rasmus\Documents\MCUXpressoIDE_11.1.0_3209\workspace\lpc_chip_15xx\Debug\liblpc_chip_15xx.a(iocon_15xx.o)
 .debug_ranges  0x000005f8       0x70 C:\Users\Rasmus\Documents\MCUXpressoIDE_11.1.0_3209\workspace\lpc_chip_15xx\Debug\liblpc_chip_15xx.a(ritimer_15xx.o)
 .debug_ranges  0x00000668       0x30 C:\Users\Rasmus\Documents\MCUXpressoIDE_11.1.0_3209\workspace\lpc_chip_15xx\Debug\liblpc_chip_15xx.a(swm_15xx.o)
 .debug_ranges  0x00000698       0x40 C:\Users\Rasmus\Documents\MCUXpressoIDE_11.1.0_3209\workspace\lpc_chip_15xx\Debug\liblpc_chip_15xx.a(sysctl_15xx.o)
 .debug_ranges  0x000006d8       0x48 C:\Users\Rasmus\Documents\MCUXpressoIDE_11.1.0_3209\workspace\lpc_chip_15xx\Debug\liblpc_chip_15xx.a(sysinit_15xx.o)
 .debug_ranges  0x00000720       0xb8 C:\Users\Rasmus\Documents\MCUXpressoIDE_11.1.0_3209\workspace\lpc_chip_15xx\Debug\liblpc_chip_15xx.a(uart_15xx.o)
 .debug_ranges  0x000007d8       0x10 c:/nxp/mcuxpressoide_11.1.0_3209/ide/plugins/com.nxp.mcuxpresso.tools.win32_11.1.0.201909161352/tools/bin/../lib/gcc/arm-none-eabi/8.3.1/../../../../arm-none-eabi/lib/thumb/v7-m/nofp\libcr_newlib_nohost.a(_cr_sbrk.o)
 .debug_ranges  0x000007e8       0x10 c:/nxp/mcuxpressoide_11.1.0_3209/ide/plugins/com.nxp.mcuxpresso.tools.win32_11.1.0.201909161352/tools/bin/../lib/gcc/arm-none-eabi/8.3.1/../../../../arm-none-eabi/lib/thumb/v7-m/nofp\libcr_newlib_nohost.a(_cr_check_heap.o)

.debug_macro    0x00000000     0xd89d
 .debug_macro   0x00000000      0x13e ./src/cr_cpp_config.o
 .debug_macro   0x0000013e      0xb80 ./src/cr_cpp_config.o
 .debug_macro   0x00000cbe      0x16f ./src/cr_cpp_config.o
 .debug_macro   0x00000e2d       0x10 ./src/cr_cpp_config.o
 .debug_macro   0x00000e3d      0x3f4 ./src/cr_cpp_config.o
 .debug_macro   0x00001231       0x10 ./src/cr_cpp_config.o
 .debug_macro   0x00001241       0x18 ./src/cr_cpp_config.o
 .debug_macro   0x00001259       0x22 ./src/cr_cpp_config.o
 .debug_macro   0x0000127b       0x58 ./src/cr_cpp_config.o
 .debug_macro   0x000012d3       0x94 ./src/cr_cpp_config.o
 .debug_macro   0x00001367       0x35 ./src/cr_cpp_config.o
 .debug_macro   0x0000139c       0x34 ./src/cr_cpp_config.o
 .debug_macro   0x000013d0       0x16 ./src/cr_cpp_config.o
 .debug_macro   0x000013e6      0x10e ./src/cr_cpp_config.o
 .debug_macro   0x000014f4       0x94 ./src/cr_cpp_config.o
 .debug_macro   0x00001588       0x16 ./src/cr_cpp_config.o
 .debug_macro   0x0000159e       0x43 ./src/cr_cpp_config.o
 .debug_macro   0x000015e1       0x57 ./src/cr_cpp_config.o
 .debug_macro   0x00001638       0x34 ./src/cr_cpp_config.o
 .debug_macro   0x0000166c       0x10 ./src/cr_cpp_config.o
 .debug_macro   0x0000167c       0x58 ./src/cr_cpp_config.o
 .debug_macro   0x000016d4      0x182 ./src/cr_cpp_config.o
 .debug_macro   0x00001856      0x35c ./src/cr_cpp_config.o
 .debug_macro   0x00001bb2       0x16 ./src/cr_cpp_config.o
 .debug_macro   0x00001bc8       0x29 ./src/cr_cpp_config.o
 .debug_macro   0x00001bf1       0x1c ./src/cr_cpp_config.o
 .debug_macro   0x00001c0d       0xde ./src/cr_cpp_config.o
 .debug_macro   0x00001ceb       0x23 ./src/cr_startup_lpc15xx.o
 .debug_macro   0x00001d0e       0x1a ./src/crp.o
 .debug_macro   0x00001d28      0xaae ./src/crp.o
 .debug_macro   0x000027d6       0x34 ./src/crp.o
 .debug_macro   0x0000280a      0x8e2 ./src/exercise5.2.o
 .debug_macro   0x000030ec       0x1c ./src/exercise5.2.o
 .debug_macro   0x00003108       0x8e ./src/exercise5.2.o
 .debug_macro   0x00003196       0x51 ./src/exercise5.2.o
 .debug_macro   0x000031e7      0x103 ./src/exercise5.2.o
 .debug_macro   0x000032ea       0x6a ./src/exercise5.2.o
 .debug_macro   0x00003354      0x1df ./src/exercise5.2.o
 .debug_macro   0x00003533       0x16 ./src/exercise5.2.o
 .debug_macro   0x00003549       0x7b ./src/exercise5.2.o
 .debug_macro   0x000035c4       0x10 ./src/exercise5.2.o
 .debug_macro   0x000035d4       0x2d ./src/exercise5.2.o
 .debug_macro   0x00003601       0x3a ./src/exercise5.2.o
 .debug_macro   0x0000363b       0x2d ./src/exercise5.2.o
 .debug_macro   0x00003668      0xa7d ./src/exercise5.2.o
 .debug_macro   0x000040e5      0x1b4 ./src/exercise5.2.o
 .debug_macro   0x00004299       0xca ./src/exercise5.2.o
 .debug_macro   0x00004363       0x18 ./src/exercise5.2.o
 .debug_macro   0x0000437b       0xb2 ./src/exercise5.2.o
 .debug_macro   0x0000442d       0x70 ./src/exercise5.2.o
 .debug_macro   0x0000449d       0x46 ./src/exercise5.2.o
 .debug_macro   0x000044e3       0xd0 ./src/exercise5.2.o
 .debug_macro   0x000045b3       0x40 ./src/exercise5.2.o
 .debug_macro   0x000045f3      0x233 ./src/exercise5.2.o
 .debug_macro   0x00004826       0x16 ./src/exercise5.2.o
 .debug_macro   0x0000483c       0x88 ./src/exercise5.2.o
 .debug_macro   0x000048c4       0x34 ./src/exercise5.2.o
 .debug_macro   0x000048f8       0x6a ./src/exercise5.2.o
 .debug_macro   0x00004962       0x40 ./src/exercise5.2.o
 .debug_macro   0x000049a2       0x1c ./src/exercise5.2.o
 .debug_macro   0x000049be       0x16 ./src/exercise5.2.o
 .debug_macro   0x000049d4      0x10c ./src/exercise5.2.o
 .debug_macro   0x00004ae0      0x2a9 ./src/exercise5.2.o
 .debug_macro   0x00004d89       0x76 ./src/exercise5.2.o
 .debug_macro   0x00004dff       0x22 ./src/exercise5.2.o
 .debug_macro   0x00004e21      0x152 ./src/exercise5.2.o
 .debug_macro   0x00004f73       0x82 ./src/exercise5.2.o
 .debug_macro   0x00004ff5       0xe6 ./src/exercise5.2.o
 .debug_macro   0x000050db       0x3a ./src/exercise5.2.o
 .debug_macro   0x00005115       0x34 ./src/exercise5.2.o
 .debug_macro   0x00005149       0x10 ./src/exercise5.2.o
 .debug_macro   0x00005159       0x76 ./src/exercise5.2.o
 .debug_macro   0x000051cf       0x58 ./src/exercise5.2.o
 .debug_macro   0x00005227      0x2ca ./src/exercise5.2.o
 .debug_macro   0x000054f1      0x22b ./src/exercise5.2.o
 .debug_macro   0x0000571c       0x2e ./src/exercise5.2.o
 .debug_macro   0x0000574a       0x34 ./src/exercise5.2.o
 .debug_macro   0x0000577e       0x5e ./src/exercise5.2.o
 .debug_macro   0x000057dc       0x16 ./src/exercise5.2.o
 .debug_macro   0x000057f2       0x97 ./src/exercise5.2.o
 .debug_macro   0x00005889      0x104 ./src/exercise5.2.o
 .debug_macro   0x0000598d       0x10 ./src/exercise5.2.o
 .debug_macro   0x0000599d       0x10 ./src/exercise5.2.o
 .debug_macro   0x000059ad       0x1c ./src/exercise5.2.o
 .debug_macro   0x000059c9       0x52 ./src/exercise5.2.o
 .debug_macro   0x00005a1b       0x40 ./src/exercise5.2.o
 .debug_macro   0x00005a5b       0x10 ./src/exercise5.2.o
 .debug_macro   0x00005a6b       0x40 ./src/exercise5.2.o
 .debug_macro   0x00005aab       0xd5 ./src/exercise5.2.o
 .debug_macro   0x00005b80       0x1c ./src/exercise5.2.o
 .debug_macro   0x00005b9c       0x3d ./src/exercise5.2.o
 .debug_macro   0x00005bd9       0x16 ./src/exercise5.2.o
 .debug_macro   0x00005bef      0x137 ./src/exercise5.2.o
 .debug_macro   0x00005d26       0x20 ./src/exercise5.2.o
 .debug_macro   0x00005d46       0x82 ./src/exercise5.2.o
 .debug_macro   0x00005dc8       0x28 ./src/exercise5.2.o
 .debug_macro   0x00005df0       0x1c ./src/exercise5.2.o
 .debug_macro   0x00005e0c       0x18 ./src/exercise5.2.o
 .debug_macro   0x00005e24       0x6e ./src/exercise5.2.o
 .debug_macro   0x00005e92       0x28 ./src/exercise5.2.o
 .debug_macro   0x00005eba       0x41 ./src/exercise5.2.o
 .debug_macro   0x00005efb       0x12 ./src/exercise5.2.o
 .debug_macro   0x00005f0d       0x2e ./src/exercise5.2.o
 .debug_macro   0x00005f3b       0x19 ./src/exercise5.2.o
 .debug_macro   0x00005f54       0x76 ./src/exercise5.2.o
 .debug_macro   0x00005fca       0x19 ./src/exercise5.2.o
 .debug_macro   0x00005fe3       0x22 ./src/exercise5.2.o
 .debug_macro   0x00006005       0x3c ./src/exercise5.2.o
 .debug_macro   0x00006041       0x26 ./src/exercise5.2.o
 .debug_macro   0x00006067      0x173 ./src/exercise5.2.o
 .debug_macro   0x000061da       0x10 ./src/exercise5.2.o
 .debug_macro   0x000061ea       0x17 ./src/exercise5.2.o
 .debug_macro   0x00006201       0x10 ./src/exercise5.2.o
 .debug_macro   0x00006211       0x35 ./src/exercise5.2.o
 .debug_macro   0x00006246       0x5e ./src/exercise5.2.o
 .debug_macro   0x000062a4       0x16 ./src/exercise5.2.o
 .debug_macro   0x000062ba       0x52 ./src/exercise5.2.o
 .debug_macro   0x0000630c       0x5e ./src/exercise5.2.o
 .debug_macro   0x0000636a       0x11 ./src/exercise5.2.o
 .debug_macro   0x0000637b       0x11 ./src/exercise5.2.o
 .debug_macro   0x0000638c       0x2f ./src/exercise5.2.o
 .debug_macro   0x000063bb       0x16 ./src/exercise5.2.o
 .debug_macro   0x000063d1       0x10 ./src/exercise5.2.o
 .debug_macro   0x000063e1      0x11d ./src/exercise5.2.o
 .debug_macro   0x000064fe       0x10 ./src/exercise5.2.o
 .debug_macro   0x0000650e      0x241 ./src/exercise5.2.o
 .debug_macro   0x0000674f       0x17 ./src/exercise5.2.o
 .debug_macro   0x00006766       0xac ./src/exercise5.2.o
 .debug_macro   0x00006812       0x46 ./src/exercise5.2.o