12:42:58 **** Incremental Build of configuration Debug for project lpc_board_nxp_lpcxpresso_1549 ****
make -r all 
make: Nothing to be done for 'all'.
12:43:00 **** Incremental Build of configuration Debug for project lpc_chip_15xx ****
make -r all 
make: Nothing to be done for 'all'.
12:43:02 **** Clean-only build of configuration Debug for project my_lib ****
make -r clean 
rm -rf  ./src/BarGraph.o ./src/Blinker.o ./src/DigitalIoPin.o ./src/ITM_write.o ./src/ITMwrapper.o ./src/Imutex.o ./src/LiquidCrystal.o ./src/LpcUart.o ./src/RealTimeClock.o ./src/SimpleRingBuffer.o ./src/Sleeper.o ./src/Uartmorse.o ./src/cstm_sleep.o ./src/morseencoder.o  ./src/BarGraph.d ./src/Blinker.d ./src/DigitalIoPin.d ./src/ITMwrapper.d ./src/Imutex.d ./src/LiquidCrystal.d ./src/LpcUart.d ./src/RealTimeClock.d ./src/SimpleRingBuffer.d ./src/Sleeper.d ./src/Uartmorse.d ./src/cstm_sleep.d ./src/morseencoder.d  ./src/ITM_write.d  libmy_lib.a
 
12:43:02 **** Build of configuration Debug for project my_lib ****
make -r all 
Building file: ../src/BarGraph.cpp
Invoking: MCU C++ Compiler
arm-none-eabi-c++ -DDEBUG -D__CODE_RED -D__NEWLIB__ -DCORE_M3 -D__USE_LPCOPEN -D__LPC15XX__ -I"C:\Users\Rasmus\Documents\MCUXpressoIDE_11.1.0_3209\FanControlProject\my_lib\inc" -I"C:\Users\Rasmus\Documents\MCUXpressoIDE_11.1.0_3209\FanControlProject\lpc_board_nxp_lpcxpresso_1549\inc" -I"C:\Users\Rasmus\Documents\MCUXpressoIDE_11.1.0_3209\FanControlProject\lpc_chip_15xx\inc" -O0 -fno-common -g3 -Wall -c -fmessage-length=0 -fno-builtin -ffunction-sections -fdata-sections -fno-rtti -fno-exceptions -fmerge-constants -fmacro-prefix-map="../src/"=. -mcpu=cortex-m3 -mthumb -fstack-usage -MMD -MP -MF"src/BarGraph.d" -MT"src/BarGraph.o" -MT"src/BarGraph.d" -o "src/BarGraph.o" "../src/BarGraph.cpp"
Finished building: ../src/BarGraph.cpp
 
Building file: ../src/Blinker.cpp
Invoking: MCU C++ Compiler
arm-none-eabi-c++ -DDEBUG -D__CODE_RED -D__NEWLIB__ -DCORE_M3 -D__USE_LPCOPEN -D__LPC15XX__ -I"C:\Users\Rasmus\Documents\MCUXpressoIDE_11.1.0_3209\FanControlProject\my_lib\inc" -I"C:\Users\Rasmus\Documents\MCUXpressoIDE_11.1.0_3209\FanControlProject\lpc_board_nxp_lpcxpresso_1549\inc" -I"C:\Users\Rasmus\Documents\MCUXpressoIDE_11.1.0_3209\FanControlProject\lpc_chip_15xx\inc" -O0 -fno-common -g3 -Wall -c -fmessage-length=0 -fno-builtin -ffunction-sections -fdata-sections -fno-rtti -fno-exceptions -fmerge-constants -fmacro-prefix-map="../src/"=. -mcpu=cortex-m3 -mthumb -fstack-usage -MMD -MP -MF"src/Blinker.d" -MT"src/Blinker.o" -MT"src/Blinker.d" -o "src/Blinker.o" "../src/Blinker.cpp"
Finished building: ../src/Blinker.cpp
 
Building file: ../src/DigitalIoPin.cpp
Invoking: MCU C++ Compiler
arm-none-eabi-c++ -DDEBUG -D__CODE_RED -D__NEWLIB__ -DCORE_M3 -D__USE_LPCOPEN -D__LPC15XX__ -I"C:\Users\Rasmus\Documents\MCUXpressoIDE_11.1.0_3209\FanControlProject\my_lib\inc" -I"C:\Users\Rasmus\Documents\MCUXpressoIDE_11.1.0_3209\FanControlProject\lpc_board_nxp_lpcxpresso_1549\inc" -I"C:\Users\Rasmus\Documents\MCUXpressoIDE_11.1.0_3209\FanControlProject\lpc_chip_15xx\inc" -O0 -fno-common -g3 -Wall -c -fmessage-length=0 -fno-builtin -ffunction-sections -fdata-sections -fno-rtti -fno-exceptions -fmerge-constants -fmacro-prefix-map="../src/"=. -mcpu=cortex-m3 -mthumb -fstack-usage -MMD -MP -MF"src/DigitalIoPin.d" -MT"src/DigitalIoPin.o" -MT"src/DigitalIoPin.d" -o "src/DigitalIoPin.o" "../src/DigitalIoPin.cpp"
Finished building: ../src/DigitalIoPin.cpp
 
Building file: ../src/ITM_write.c
Invoking: MCU C Compiler
arm-none-eabi-gcc -std=c11 -DDEBUG -D__CODE_RED -DCORE_M3 -D__USE_LPCOPEN -D__LPC15XX__ -D__NEWLIB__ -I"C:\Users\Rasmus\Documents\MCUXpressoIDE_11.1.0_3209\FanControlProject\my_lib\inc" -I"C:\Users\Rasmus\Documents\MCUXpressoIDE_11.1.0_3209\FanControlProject\lpc_board_nxp_lpcxpresso_1549\inc" -I"C:\Users\Rasmus\Documents\MCUXpressoIDE_11.1.0_3209\FanControlProject\lpc_chip_15xx\inc" -O0 -fno-common -g3 -Wall -c -fmessage-length=0 -fno-builtin -ffunction-sections -fdata-sections -fmerge-constants -fmacro-prefix-map="../src/"=. -mcpu=cortex-m3 -mthumb -fstack-usage -MMD -MP -MF"src/ITM_write.d" -MT"src/ITM_write.o" -MT"src/ITM_write.d" -o "src/ITM_write.o" "../src/ITM_write.c"
Finished building: ../src/ITM_write.c
 
Building file: ../src/ITMwrapper.cpp
Invoking: MCU C++ Compiler
arm-none-eabi-c++ -DDEBUG -D__CODE_RED -D__NEWLIB__ -DCORE_M3 -D__USE_LPCOPEN -D__LPC15XX__ -I"C:\Users\Rasmus\Documents\MCUXpressoIDE_11.1.0_3209\FanControlProject\my_lib\inc" -I"C:\Users\Rasmus\Documents\MCUXpressoIDE_11.1.0_3209\FanControlProject\lpc_board_nxp_lpcxpresso_1549\inc" -I"C:\Users\Rasmus\Documents\MCUXpressoIDE_11.1.0_3209\FanControlProject\lpc_chip_15xx\inc" -O0 -fno-common -g3 -Wall -c -fmessage-length=0 -fno-builtin -ffunction-sections -fdata-sections -fno-rtti -fno-exceptions -fmerge-constants -fmacro-prefix-map="../src/"=. -mcpu=cortex-m3 -mthumb -fstack-usage -MMD -MP -MF"src/ITMwrapper.d" -MT"src/ITMwrapper.o" -MT"src/ITMwrapper.d" -o "src/ITMwrapper.o" "../src/ITMwrapper.cpp"
Finished building: ../src/ITMwrapper.cpp
 
Building file: ../src/Imutex.cpp
Invoking: MCU C++ Compiler
arm-none-eabi-c++ -DDEBUG -D__CODE_RED -D__NEWLIB__ -DCORE_M3 -D__USE_LPCOPEN -D__LPC15XX__ -I"C:\Users\Rasmus\Documents\MCUXpressoIDE_11.1.0_3209\FanControlProject\my_lib\inc" -I"C:\Users\Rasmus\Documents\MCUXpressoIDE_11.1.0_3209\FanControlProject\lpc_board_nxp_lpcxpresso_1549\inc" -I"C:\Users\Rasmus\Documents\MCUXpressoIDE_11.1.0_3209\FanControlProject\lpc_chip_15xx\inc" -O0 -fno-common -g3 -Wall -c -fmessage-length=0 -fno-builtin -ffunction-sections -fdata-sections -fno-rtti -fno-exceptions -fmerge-constants -fmacro-prefix-map="../src/"=. -mcpu=cortex-m3 -mthumb -fstack-usage -MMD -MP -MF"src/Imutex.d" -MT"src/Imutex.o" -MT"src/Imutex.d" -o "src/Imutex.o" "../src/Imutex.cpp"
Finished building: ../src/Imutex.cpp
 
Building file: ../src/LiquidCrystal.cpp
Invoking: MCU C++ Compiler
arm-none-eabi-c++ -DDEBUG -D__CODE_RED -D__NEWLIB__ -DCORE_M3 -D__USE_LPCOPEN -D__LPC15XX__ -I"C:\Users\Rasmus\Documents\MCUXpressoIDE_11.1.0_3209\FanControlProject\my_lib\inc" -I"C:\Users\Rasmus\Documents\MCUXpressoIDE_11.1.0_3209\FanControlProject\lpc_board_nxp_lpcxpresso_1549\inc" -I"C:\Users\Rasmus\Documents\MCUXpressoIDE_11.1.0_3209\FanControlProject\lpc_chip_15xx\inc" -O0 -fno-common -g3 -Wall -c -fmessage-length=0 -fno-builtin -ffunction-sections -fdata-sections -fno-rtti -fno-exceptions -fmerge-constants -fmacro-prefix-map="../src/"=. -mcpu=cortex-m3 -mthumb -fstack-usage -MMD -MP -MF"src/LiquidCrystal.d" -MT"src/LiquidCrystal.o" -MT"src/LiquidCrystal.d" -o "src/LiquidCrystal.o" "../src/LiquidCrystal.cpp"
Finished building: ../src/LiquidCrystal.cpp
 
Building file: ../src/LpcUart.cpp
Invoking: MCU C++ Compiler
arm-none-eabi-c++ -DDEBUG -D__CODE_RED -D__NEWLIB__ -DCORE_M3 -D__USE_LPCOPEN -D__LPC15XX__ -I"C:\Users\Rasmus\Documents\MCUXpressoIDE_11.1.0_3209\FanControlProject\my_lib\inc" -I"C:\Users\Rasmus\Documents\MCUXpressoIDE_11.1.0_3209\FanControlProject\lpc_board_nxp_lpcxpresso_1549\inc" -I"C:\Users\Rasmus\Documents\MCUXpressoIDE_11.1.0_3209\FanControlProject\lpc_chip_15xx\inc" -O0 -fno-common -g3 -Wall -c -fmessage-length=0 -fno-builtin -ffunction-sections -fdata-sections -fno-rtti -fno-exceptions -fmerge-constants -fmacro-prefix-map="../src/"=. -mcpu=cortex-m3 -mthumb -fstack-usage -MMD -MP -MF"src/LpcUart.d" -MT"src/LpcUart.o" -MT"src/LpcUart.d" -o "src/LpcUart.o" "../src/LpcUart.cpp"
Finished building: ../src/LpcUart.cpp
 
Building file: ../src/RealTimeClock.cpp
Invoking: MCU C++ Compiler
arm-none-eabi-c++ -DDEBUG -D__CODE_RED -D__NEWLIB__ -DCORE_M3 -D__USE_LPCOPEN -D__LPC15XX__ -I"C:\Users\Rasmus\Documents\MCUXpressoIDE_11.1.0_3209\FanControlProject\my_lib\inc" -I"C:\Users\Rasmus\Documents\MCUXpressoIDE_11.1.0_3209\FanControlProject\lpc_board_nxp_lpcxpresso_1549\inc" -I"C:\Users\Rasmus\Documents\MCUXpressoIDE_11.1.0_3209\FanControlProject\lpc_chip_15xx\inc" -O0 -fno-common -g3 -Wall -c -fmessage-length=0 -fno-builtin -ffunction-sections -fdata-sections -fno-rtti -fno-exceptions -fmerge-constants -fmacro-prefix-map="../src/"=. -mcpu=cortex-m3 -mthumb -fstack-usage -MMD -MP -MF"src/RealTimeClock.d" -MT"src/RealTimeClock.o" -MT"src/RealTimeClock.d" -o "src/RealTimeClock.o" "../src/RealTimeClock.cpp"
Finished building: ../src/RealTimeClock.cpp
 
Building file: ../src/SimpleRingBuffer.cpp
Invoking: MCU C++ Compiler
arm-none-eabi-c++ -DDEBUG -D__CODE_RED -D__NEWLIB__ -DCORE_M3 -D__USE_LPCOPEN -D__LPC15XX__ -I"C:\Users\Rasmus\Documents\MCUXpressoIDE_11.1.0_3209\FanControlProject\my_lib\inc" -I"C:\Users\Rasmus\Documents\MCUXpressoIDE_11.1.0_3209\FanControlProject\lpc_board_nxp_lpcxpresso_1549\inc" -I"C:\Users\Rasmus\Documents\MCUXpressoIDE_11.1.0_3209\FanControlProject\lpc_chip_15xx\inc" -O0 -fno-common -g3 -Wall -c -fmessage-length=0 -fno-builtin -ffunction-sections -fdata-sections -fno-rtti -fno-exceptions -fmerge-constants -fmacro-prefix-map="../src/"=. -mcpu=cortex-m3 -mthumb -fstack-usage -MMD -MP -MF"src/SimpleRingBuffer.d" -MT"src/SimpleRingBuffer.o" -MT"src/SimpleRingBuffer.d" -o "src/SimpleRingBuffer.o" "../src/SimpleRingBuffer.cpp"
Finished building: ../src/SimpleRingBuffer.cpp
 
Building file: ../src/Sleeper.cpp
Invoking: MCU C++ Compiler
arm-none-eabi-c++ -DDEBUG -D__CODE_RED -D__NEWLIB__ -DCORE_M3 -D__USE_LPCOPEN -D__LPC15XX__ -I"C:\Users\Rasmus\Documents\MCUXpressoIDE_11.1.0_3209\FanControlProject\my_lib\inc" -I"C:\Users\Rasmus\Documents\MCUXpressoIDE_11.1.0_3209\FanControlProject\lpc_board_nxp_lpcxpresso_1549\inc" -I"C:\Users\Rasmus\Documents\MCUXpressoIDE_11.1.0_3209\FanControlProject\lpc_chip_15xx\inc" -O0 -fno-common -g3 -Wall -c -fmessage-length=0 -fno-builtin -ffunction-sections -fdata-sections -fno-rtti -fno-exceptions -fmerge-constants -fmacro-prefix-map="../src/"=. -mcpu=cortex-m3 -mthumb -fstack-usage -MMD -MP -MF"src/Sleeper.d" -MT"src/Sleeper.o" -MT"src/Sleeper.d" -o "src/Sleeper.o" "../src/Sleeper.cpp"
Finished building: ../src/Sleeper.cpp
 
Building file: ../src/Uartmorse.cpp
Invoking: MCU C++ Compiler
arm-none-eabi-c++ -DDEBUG -D__CODE_RED -D__NEWLIB__ -DCORE_M3 -D__USE_LPCOPEN -D__LPC15XX__ -I"C:\Users\Rasmus\Documents\MCUXpressoIDE_11.1.0_3209\FanControlProject\my_lib\inc" -I"C:\Users\Rasmus\Documents\MCUXpressoIDE_11.1.0_3209\FanControlProject\lpc_board_nxp_lpcxpresso_1549\inc" -I"C:\Users\Rasmus\Documents\MCUXpressoIDE_11.1.0_3209\FanControlProject\lpc_chip_15xx\inc" -O0 -fno-common -g3 -Wall -c -fmessage-length=0 -fno-builtin -ffunction-sections -fdata-sections -fno-rtti -fno-exceptions -fmerge-constants -fmacro-prefix-map="../src/"=. -mcpu=cortex-m3 -mthumb -fstack-usage -MMD -MP -MF"src/Uartmorse.d" -MT"src/Uartmorse.o" -MT"src/Uartmorse.d" -o "src/Uartmorse.o" "../src/Uartmorse.cpp"
Finished building: ../src/Uartmorse.cpp
 
Building file: ../src/cstm_sleep.cpp
Invoking: MCU C++ Compiler
arm-none-eabi-c++ -DDEBUG -D__CODE_RED -D__NEWLIB__ -DCORE_M3 -D__USE_LPCOPEN -D__LPC15XX__ -I"C:\Users\Rasmus\Documents\MCUXpressoIDE_11.1.0_3209\FanControlProject\my_lib\inc" -I"C:\Users\Rasmus\Documents\MCUXpressoIDE_11.1.0_3209\FanControlProject\lpc_board_nxp_lpcxpresso_1549\inc" -I"C:\Users\Rasmus\Documents\MCUXpressoIDE_11.1.0_3209\FanControlProject\lpc_chip_15xx\inc" -O0 -fno-common -g3 -Wall -c -fmessage-length=0 -fno-builtin -ffunction-sections -fdata-sections -fno-rtti -fno-exceptions -fmerge-constants -fmacro-prefix-map="../src/"=. -mcpu=cortex-m3 -mthumb -fstack-usage -MMD -MP -MF"src/cstm_sleep.d" -MT"src/cstm_sleep.o" -MT"src/cstm_sleep.d" -o "src/cstm_sleep.o" "../src/cstm_sleep.cpp"
../src/cstm_sleep.cpp:44:13: warning: 'void sleep_for(int)' defined but not used [-Wunused-function]
 static void sleep_for(int ms){
             ^~~~~~~~~
Finished building: ../src/cstm_sleep.cpp
 
Building file: ../src/morseencoder.cpp
Invoking: MCU C++ Compiler
arm-none-eabi-c++ -DDEBUG -D__CODE_RED -D__NEWLIB__ -DCORE_M3 -D__USE_LPCOPEN -D__LPC15XX__ -I"C:\Users\Rasmus\Documents\MCUXpressoIDE_11.1.0_3209\FanControlProject\my_lib\inc" -I"C:\Users\Rasmus\Documents\MCUXpressoIDE_11.1.0_3209\FanControlProject\lpc_board_nxp_lpcxpresso_1549\inc" -I"C:\Users\Rasmus\Documents\MCUXpressoIDE_11.1.0_3209\FanControlProject\lpc_chip_15xx\inc" -O0 -fno-common -g3 -Wall -c -fmessage-length=0 -fno-builtin -ffunction-sections -fdata-sections -fno-rtti -fno-exceptions -fmerge-constants -fmacro-prefix-map="../src/"=. -mcpu=cortex-m3 -mthumb -fstack-usage -MMD -MP -MF"src/morseencoder.d" -MT"src/morseencoder.o" -MT"src/morseencoder.d" -o "src/morseencoder.o" "../src/morseencoder.cpp"
Finished building: ../src/morseencoder.cpp
 
Building target: libmy_lib.a
Invoking: MCU Archiver
arm-none-eabi-ar -r  "libmy_lib.a"  ./src/BarGraph.o ./src/Blinker.o ./src/DigitalIoPin.o ./src/ITM_write.o ./src/ITMwrapper.o ./src/Imutex.o ./src/LiquidCrystal.o ./src/LpcUart.o ./src/RealTimeClock.o ./src/SimpleRingBuffer.o ./src/Sleeper.o ./src/Uartmorse.o ./src/cstm_sleep.o ./src/morseencoder.o   
arm-none-eabi-ar: creating libmy_lib.a
Finished building target: libmy_lib.a
 
make --no-print-directory post-build
Performing post-build steps
arm-none-eabi-size "libmy_lib.a" ; # arm-none-eabi-objdump -h -S "libmy_lib.a" >"libmy_lib.lss"
   text	   data	    bss	    dec	    hex	filename
    737	      0	      0	    737	    2e1	BarGraph.o (ex libmy_lib.a)
    706	      0	      0	    706	    2c2	Blinker.o (ex libmy_lib.a)
    648	      0	      0	    648	    288	DigitalIoPin.o (ex libmy_lib.a)
    190	      0	      0	    190	     be	ITM_write.o (ex libmy_lib.a)
    240	      0	      0	    240	     f0	ITMwrapper.o (ex libmy_lib.a)
    120	      0	      0	    120	     78	Imutex.o (ex libmy_lib.a)
   1937	      0	      0	   1937	    791	LiquidCrystal.o (ex libmy_lib.a)
   1756	      0	     13	   1769	    6e9	LpcUart.o (ex libmy_lib.a)
    578	      0	      0	    578	    242	RealTimeClock.o (ex libmy_lib.a)
    366	      0	      0	    366	    16e	SimpleRingBuffer.o (ex libmy_lib.a)
    796	      0	      4	    800	    320	Sleeper.o (ex libmy_lib.a)
    883	      0	      0	    883	    373	Uartmorse.o (ex libmy_lib.a)
    614	      4	      4	    622	    26e	cstm_sleep.o (ex libmy_lib.a)
   1103	      0	      0	   1103	    44f	morseencoder.o (ex libmy_lib.a)
 
12:43:12 **** Incremental Build of configuration Debug for project ModbusMaster ****
make -r -j4 all 
Building target: ModbusMaster.axf
Invoking: MCU C++ Linker
arm-none-eabi-c++ -nostdlib -L"C:\Users\Rasmus\Documents\MCUXpressoIDE_11.1.0_3209\FanControlProject\lpc_board_nxp_lpcxpresso_1549\Debug" -L"C:\Users\Rasmus\Documents\MCUXpressoIDE_11.1.0_3209\FanControlProject\lpc_chip_15xx\Debug" -L"C:\Users\Rasmus\Documents\MCUXpressoIDE_11.1.0_3209\FanControlProject\my_lib\Debug" -Xlinker -Map="ModbusMaster.map" -Xlinker --cref -Xlinker --gc-sections -Xlinker -print-memory-usage -mcpu=cortex-m3 -mthumb -T "exercise6_2_Debug.ld" -o "ModbusMaster.axf"  ./src/FanControl.o ./src/I2C.o ./src/LpcUart.o ./src/ModbusMaster.o ./src/ModbusProject.o ./src/ModbusRegister.o ./src/SerialPort.o ./src/cr_cpp_config.o ./src/cr_startup_lpc15xx.o ./src/crp.o ./src/retarget_itm.o ./src/sysinit.o   -lmy_lib -llpc_board_nxp_lpcxpresso_1549 -llpc_chip_15xx
Memory region         Used Size  Region Size  %age Used
       MFlash256:       40792 B       256 KB     15.56%
      Ram0_16_32:        2628 B        32 KB      8.02%
          Ram2_4:          0 GB         4 KB      0.00%
Finished building target: ModbusMaster.axf
 
make --no-print-directory post-build
Performing post-build steps
arm-none-eabi-size "ModbusMaster.axf"; # arm-none-eabi-objcopy -v -O binary "ModbusMaster.axf" "ModbusMaster.bin" ; # checksum -p LPC1549 -d "ModbusMaster.bin";
   text	   data	    bss	    dec	    hex	filename
  38316	   2476	    152	  40944	   9ff0	ModbusMaster.axf
 
