gthr-default.h:229:1:int __gthread_key_delete(__gthread_key_t)	16	static
ritimer_15xx.h:107:20:void Chip_RIT_Enable(LPC_RITIMER_T*)	16	static
ritimer_15xx.h:117:20:void Chip_RIT_Disable(LPC_RITIMER_T*)	16	static
ritimer_15xx.h:171:20:bool Chip_RIT_GetIntStatus(LPC_RITIMER_T*)	16	static
ritimer_15xx.h:181:20:void Chip_RIT_ClearIntStatus(LPC_RITIMER_T*)	16	static
LiquidCrystal.cpp:11:6:void delayMicroseconds(unsigned int)	40	static
LiquidCrystal.cpp:54:1:LiquidCrystal::LiquidCrystal(DigitalIoPin*, DigitalIoPin*, DigitalIoPin*, DigitalIoPin*, DigitalIoPin*, DigitalIoPin*)	24	static
LiquidCrystal.cpp:70:6:void LiquidCrystal::begin(uint8_t, uint8_t, uint8_t)	16	static
LiquidCrystal.cpp:144:6:void LiquidCrystal::clear()	16	static
LiquidCrystal.cpp:150:6:void LiquidCrystal::home()	16	static
LiquidCrystal.cpp:157:6:void LiquidCrystal::print(const string&)	16	static
LiquidCrystal.cpp:161:6:void LiquidCrystal::print(const char*)	24	static
LiquidCrystal.cpp:168:6:void LiquidCrystal::setCursor(uint8_t, uint8_t)	40	static
LiquidCrystal.cpp:179:6:void LiquidCrystal::noDisplay()	16	static
LiquidCrystal.cpp:183:6:void LiquidCrystal::display()	16	static
LiquidCrystal.cpp:189:6:void LiquidCrystal::noCursor()	16	static
LiquidCrystal.cpp:193:6:void LiquidCrystal::cursor()	16	static
LiquidCrystal.cpp:199:6:void LiquidCrystal::noBlink()	16	static
LiquidCrystal.cpp:203:6:void LiquidCrystal::blink()	16	static
LiquidCrystal.cpp:209:6:void LiquidCrystal::scrollDisplayLeft()	16	static
LiquidCrystal.cpp:212:6:void LiquidCrystal::scrollDisplayRight()	16	static
LiquidCrystal.cpp:217:6:void LiquidCrystal::leftToRight()	16	static
LiquidCrystal.cpp:223:6:void LiquidCrystal::rightToLeft()	16	static
LiquidCrystal.cpp:229:6:void LiquidCrystal::autoscroll()	16	static
LiquidCrystal.cpp:235:6:void LiquidCrystal::noAutoscroll()	16	static
LiquidCrystal.cpp:242:6:void LiquidCrystal::createChar(uint8_t, uint8_t*)	32	static
LiquidCrystal.cpp:252:13:void LiquidCrystal::command(uint8_t)	16	static
LiquidCrystal.cpp:256:15:virtual size_t LiquidCrystal::write(uint8_t)	16	static
LiquidCrystal.cpp:264:6:void LiquidCrystal::send(uint8_t, uint8_t)	16	static
LiquidCrystal.cpp:271:6:void LiquidCrystal::pulseEnable()	16	static
LiquidCrystal.cpp:280:6:void LiquidCrystal::write4bits(uint8_t)	24	static
